Archive member included because of file (symbol)

c:/altera/13.0sp1/nios2eds/bin/gnu/h-i686-mingw32/bin/../lib/gcc/nios2-elf/4.1.2/mno-hw-mul\libgcc.a(lib2-divmod.o)
                              obj/default/hello_world_small.o (__udivsi3)
c:/altera/13.0sp1/nios2eds/bin/gnu/h-i686-mingw32/bin/../lib/gcc/nios2-elf/4.1.2/../../../../nios2-elf/lib/mno-hw-mul\libsmallc.a(lib_a-memcpy.o)
                              obj/default/hello_world_small.o (memcpy)
../con_lcd_bsp/\libhal_bsp.a(alt_load.o)
                              ../con_lcd_bsp//obj/HAL/src/crt0.o (alt_load)
../con_lcd_bsp/\libhal_bsp.a(alt_main.o)
                              ../con_lcd_bsp//obj/HAL/src/crt0.o (alt_main)
../con_lcd_bsp/\libhal_bsp.a(alt_putstr.o)
                              obj/default/hello_world_small.o (alt_putstr)
../con_lcd_bsp/\libhal_bsp.a(alt_usleep.o)
                              obj/default/hello_world_small.o (usleep)
../con_lcd_bsp/\libhal_bsp.a(alt_sys_init.o)
                              ../con_lcd_bsp/\libhal_bsp.a(alt_main.o) (alt_sys_init)
../con_lcd_bsp/\libhal_bsp.a(altera_avalon_jtag_uart_write.o)
                              ../con_lcd_bsp/\libhal_bsp.a(alt_putstr.o) (altera_avalon_jtag_uart_write)
../con_lcd_bsp/\libhal_bsp.a(alt_busy_sleep.o)
                              ../con_lcd_bsp/\libhal_bsp.a(alt_usleep.o) (alt_busy_sleep)
../con_lcd_bsp/\libhal_bsp.a(alt_dcache_flush_all.o)
                              ../con_lcd_bsp/\libhal_bsp.a(alt_load.o) (alt_dcache_flush_all)
../con_lcd_bsp/\libhal_bsp.a(alt_icache_flush_all.o)
                              ../con_lcd_bsp/\libhal_bsp.a(alt_load.o) (alt_icache_flush_all)
../con_lcd_bsp/\libhal_bsp.a(altera_nios2_qsys_irq.o)
                              ../con_lcd_bsp/\libhal_bsp.a(alt_sys_init.o) (altera_nios2_qsys_irq_init)
c:/altera/13.0sp1/nios2eds/bin/gnu/h-i686-mingw32/bin/../lib/gcc/nios2-elf/4.1.2/../../../../nios2-elf/lib/mno-hw-mul\libsmallc.a(lib_a-strlen.o)
                              ../con_lcd_bsp/\libhal_bsp.a(alt_putstr.o) (strlen)
c:/altera/13.0sp1/nios2eds/bin/gnu/h-i686-mingw32/bin/../lib/gcc/nios2-elf/4.1.2/mno-hw-mul\libgcc.a(lib2-mul.o)
                              ../con_lcd_bsp/\libhal_bsp.a(alt_busy_sleep.o) (__mulsi3)

Memory Configuration

Name             Origin             Length             Attributes
reset            0x00001000         0x00000020
onchip_memory2_0 0x00001020         0x00000fe0
*default*        0x00000000         0xffffffff

Linker script and memory map

LOAD ../con_lcd_bsp//obj/HAL/src/crt0.o
                0x0000100c                exit = _exit
LOAD obj/default/hello_world_small.o
LOAD c:/altera/13.0sp1/nios2eds/bin/gnu/h-i686-mingw32/bin/../lib/gcc/nios2-elf/4.1.2/../../../../nios2-elf/lib/mno-hw-mul\libstdc++.a
LOAD c:/altera/13.0sp1/nios2eds/bin/gnu/h-i686-mingw32/bin/../lib/gcc/nios2-elf/4.1.2/../../../../nios2-elf/lib/mno-hw-mul\libm.a
LOAD c:/altera/13.0sp1/nios2eds/bin/gnu/h-i686-mingw32/bin/../lib/gcc/nios2-elf/4.1.2/mno-hw-mul\libgcc.a
START GROUP
LOAD c:/altera/13.0sp1/nios2eds/bin/gnu/h-i686-mingw32/bin/../lib/gcc/nios2-elf/4.1.2/../../../../nios2-elf/lib/mno-hw-mul\libsmallc.a
LOAD c:/altera/13.0sp1/nios2eds/bin/gnu/h-i686-mingw32/bin/../lib/gcc/nios2-elf/4.1.2/mno-hw-mul\libgcc.a
LOAD ../con_lcd_bsp/\libhal_bsp.a
END GROUP
LOAD c:/altera/13.0sp1/nios2eds/bin/gnu/h-i686-mingw32/bin/../lib/gcc/nios2-elf/4.1.2/mno-hw-mul\libgcc.a
                0x00001000                __alt_mem_onchip_memory2_0 = 0x1000

.entry          0x00001000       0x20
 *(.entry)
 .entry         0x00001000       0x20 ../con_lcd_bsp//obj/HAL/src/crt0.o
                0x00001000                __reset
                0x0000100c                _exit

.exceptions     0x00001020        0x0
                0x00001020                PROVIDE (__ram_exceptions_start, ABSOLUTE (.))
                0x00001020                . = ALIGN (0x20)
 *(.irq)
 *(.exceptions.entry.label)
 *(.exceptions.entry.user)
 *(.exceptions.entry)
 *(.exceptions.irqtest.user)
 *(.exceptions.irqtest)
 *(.exceptions.irqhandler.user)
 *(.exceptions.irqhandler)
 *(.exceptions.irqreturn.user)
 *(.exceptions.irqreturn)
 *(.exceptions.notirq.label)
 *(.exceptions.notirq.user)
 *(.exceptions.notirq)
 *(.exceptions.soft.user)
 *(.exceptions.soft)
 *(.exceptions.unknown.user)
 *(.exceptions.unknown)
 *(.exceptions.exit.label)
 *(.exceptions.exit.user)
 *(.exceptions.exit)
 *(.exceptions)
                0x00001020                PROVIDE (__ram_exceptions_end, ABSOLUTE (.))
                0x00001020                PROVIDE (__flash_exceptions_start, LOADADDR (.exceptions))

.text           0x00001020      0x6ac
                0x00001020                PROVIDE (stext, ABSOLUTE (.))
 *(.interp)
 *(.hash)
 *(.dynsym)
 *(.dynstr)
 *(.gnu.version)
 *(.gnu.version_d)
 *(.gnu.version_r)
 *(.rel.init)
 *(.rela.init)
 *(.rel.text .rel.text.* .rel.gnu.linkonce.t.*)
 *(.rela.text .rela.text.* .rela.gnu.linkonce.t.*)
 *(.rel.fini)
 *(.rela.fini)
 *(.rel.rodata .rel.rodata.* .rel.gnu.linkonce.r.*)
 *(.rela.rodata .rela.rodata.* .rela.gnu.linkonce.r.*)
 *(.rel.data .rel.data.* .rel.gnu.linkonce.d.*)
 *(.rela.data .rela.data.* .rela.gnu.linkonce.d.*)
 *(.rel.tdata .rel.tdata.* .rel.gnu.linkonce.td.*)
 *(.rela.tdata .rela.tdata.* .rela.gnu.linkonce.td.*)
 *(.rel.tbss .rel.tbss.* .rel.gnu.linkonce.tb.*)
 *(.rela.tbss .rela.tbss.* .rela.gnu.linkonce.tb.*)
 *(.rel.ctors)
 *(.rela.ctors)
 *(.rel.dtors)
 *(.rela.dtors)
 *(.rel.got)
 *(.rela.got)
 *(.rel.sdata .rel.sdata.* .rel.gnu.linkonce.s.*)
 *(.rela.sdata .rela.sdata.* .rela.gnu.linkonce.s.*)
 *(.rel.sbss .rel.sbss.* .rel.gnu.linkonce.sb.*)
 *(.rela.sbss .rela.sbss.* .rela.gnu.linkonce.sb.*)
 *(.rel.sdata2 .rel.sdata2.* .rel.gnu.linkonce.s2.*)
 *(.rela.sdata2 .rela.sdata2.* .rela.gnu.linkonce.s2.*)
 *(.rel.sbss2 .rel.sbss2.* .rel.gnu.linkonce.sb2.*)
 *(.rela.sbss2 .rela.sbss2.* .rela.gnu.linkonce.sb2.*)
 *(.rel.bss .rel.bss.* .rel.gnu.linkonce.b.*)
 *(.rela.bss .rela.bss.* .rela.gnu.linkonce.b.*)
 *(.rel.plt)
 *(.rela.plt)
 *(.rel.dyn)
 *(.init)
 *(.plt)
 *(.text .stub .text.* .gnu.linkonce.t.*)
 .text          0x00001020       0x3c ../con_lcd_bsp//obj/HAL/src/crt0.o
                0x00001020                _start
 .text          0x0000105c      0x2b8 obj/default/hello_world_small.o
                0x0000105c                convierte
                0x000010e4                test_lcd
                0x0000115c                lcd_init
                0x0000121c                main
 .text          0x00001314      0x14c c:/altera/13.0sp1/nios2eds/bin/gnu/h-i686-mingw32/bin/../lib/gcc/nios2-elf/4.1.2/mno-hw-mul\libgcc.a(lib2-divmod.o)
                0x00001390                __divsi3
                0x000013f0                __modsi3
                0x00001450                __udivsi3
                0x00001458                __umodsi3
 .text          0x00001460       0x2c c:/altera/13.0sp1/nios2eds/bin/gnu/h-i686-mingw32/bin/../lib/gcc/nios2-elf/4.1.2/../../../../nios2-elf/lib/mno-hw-mul\libsmallc.a(lib_a-memcpy.o)
                0x00001460                memcpy
 .text          0x0000148c       0x8c ../con_lcd_bsp/\libhal_bsp.a(alt_load.o)
                0x000014ac                alt_load
 .text          0x00001518       0x2c ../con_lcd_bsp/\libhal_bsp.a(alt_main.o)
                0x00001518                alt_main
 .text          0x00001544       0x38 ../con_lcd_bsp/\libhal_bsp.a(alt_putstr.o)
                0x00001544                alt_putstr
 .text          0x0000157c        0x4 ../con_lcd_bsp/\libhal_bsp.a(alt_usleep.o)
                0x0000157c                usleep
 .text          0x00001580       0x24 ../con_lcd_bsp/\libhal_bsp.a(alt_sys_init.o)
                0x00001580                alt_sys_init
                0x00001584                alt_irq_init
 .text          0x000015a4       0x34 ../con_lcd_bsp/\libhal_bsp.a(altera_avalon_jtag_uart_write.o)
                0x000015a4                altera_avalon_jtag_uart_write
 .text          0x000015d8       0x8c ../con_lcd_bsp/\libhal_bsp.a(alt_busy_sleep.o)
                0x000015d8                alt_busy_sleep
 .text          0x00001664        0x4 ../con_lcd_bsp/\libhal_bsp.a(alt_dcache_flush_all.o)
                0x00001664                alt_dcache_flush_all
 .text          0x00001668        0x4 ../con_lcd_bsp/\libhal_bsp.a(alt_icache_flush_all.o)
                0x00001668                alt_icache_flush_all
 .text          0x0000166c        0x8 ../con_lcd_bsp/\libhal_bsp.a(altera_nios2_qsys_irq.o)
                0x0000166c                altera_nios2_qsys_irq_init
 .text          0x00001674       0x20 c:/altera/13.0sp1/nios2eds/bin/gnu/h-i686-mingw32/bin/../lib/gcc/nios2-elf/4.1.2/../../../../nios2-elf/lib/mno-hw-mul\libsmallc.a(lib_a-strlen.o)
                0x00001674                strlen
 .text          0x00001694       0x38 c:/altera/13.0sp1/nios2eds/bin/gnu/h-i686-mingw32/bin/../lib/gcc/nios2-elf/4.1.2/mno-hw-mul\libgcc.a(lib2-mul.o)
                0x00001694                __mulsi3
 *(.gnu.warning.*)
 *(.fini)
                0x000016cc                PROVIDE (__etext, ABSOLUTE (.))
                0x000016cc                PROVIDE (_etext, ABSOLUTE (.))
                0x000016cc                PROVIDE (etext, ABSOLUTE (.))
 *(.eh_frame_hdr)
                0x000016cc                . = ALIGN (0x4)
                0x000016cc                PROVIDE (__preinit_array_start, ABSOLUTE (.))
 *(.preinit_array)
                0x000016cc                PROVIDE (__preinit_array_end, ABSOLUTE (.))
                0x000016cc                PROVIDE (__init_array_start, ABSOLUTE (.))
 *(.init_array)
                0x000016cc                PROVIDE (__init_array_end, ABSOLUTE (.))
                0x000016cc                PROVIDE (__fini_array_start, ABSOLUTE (.))
 *(.fini_array)
                0x000016cc                PROVIDE (__fini_array_end, ABSOLUTE (.))
 *(.eh_frame)
 *(.gcc_except_table)
 *(.dynamic)
                0x000016cc                PROVIDE (__CTOR_LIST__, ABSOLUTE (.))
 *(.ctors)
 *(SORT(.ctors.*))
                0x000016cc                PROVIDE (__CTOR_END__, ABSOLUTE (.))
                0x000016cc                PROVIDE (__DTOR_LIST__, ABSOLUTE (.))
 *(.dtors)
 *(SORT(.dtors.*))
                0x000016cc                PROVIDE (__DTOR_END__, ABSOLUTE (.))
 *(.jcr)
                0x000016cc                . = ALIGN (0x4)

.rodata         0x000016cc       0x28
                0x000016cc                PROVIDE (__ram_rodata_start, ABSOLUTE (.))
                0x000016cc                . = ALIGN (0x4)
 *(.rodata .rodata.* .gnu.linkonce.r.*)
 .rodata        0x000016cc       0x14 obj/default/hello_world_small.o
 .rodata.str1.4
                0x000016e0       0x14 obj/default/hello_world_small.o
 *(.rodata1)
                0x000016f4                . = ALIGN (0x4)
                0x000016f4                PROVIDE (__ram_rodata_end, ABSOLUTE (.))
                0x000016cc                PROVIDE (__flash_rodata_start, LOADADDR (.rodata))

.rwdata         0x000016f4        0x8 load address 0x000016fc
                0x000016f4                PROVIDE (__ram_rwdata_start, ABSOLUTE (.))
                0x000016f4                . = ALIGN (0x4)
 *(.got.plt)
 *(.got)
 *(.data1)
 *(.data .data.* .gnu.linkonce.d.*)
 .data          0x000016f4        0x0 ../con_lcd_bsp//obj/HAL/src/crt0.o
 .data          0x000016f4        0x0 obj/default/hello_world_small.o
 .data          0x000016f4        0x0 c:/altera/13.0sp1/nios2eds/bin/gnu/h-i686-mingw32/bin/../lib/gcc/nios2-elf/4.1.2/mno-hw-mul\libgcc.a(lib2-divmod.o)
 .data          0x000016f4        0x0 c:/altera/13.0sp1/nios2eds/bin/gnu/h-i686-mingw32/bin/../lib/gcc/nios2-elf/4.1.2/../../../../nios2-elf/lib/mno-hw-mul\libsmallc.a(lib_a-memcpy.o)
 .data          0x000016f4        0x0 ../con_lcd_bsp/\libhal_bsp.a(alt_load.o)
 .data          0x000016f4        0x0 ../con_lcd_bsp/\libhal_bsp.a(alt_main.o)
 .data          0x000016f4        0x0 ../con_lcd_bsp/\libhal_bsp.a(alt_putstr.o)
 .data          0x000016f4        0x0 ../con_lcd_bsp/\libhal_bsp.a(alt_usleep.o)
 .data          0x000016f4        0x0 ../con_lcd_bsp/\libhal_bsp.a(alt_sys_init.o)
 .data          0x000016f4        0x0 ../con_lcd_bsp/\libhal_bsp.a(altera_avalon_jtag_uart_write.o)
 .data          0x000016f4        0x0 ../con_lcd_bsp/\libhal_bsp.a(alt_busy_sleep.o)
 .data          0x000016f4        0x0 ../con_lcd_bsp/\libhal_bsp.a(alt_dcache_flush_all.o)
 .data          0x000016f4        0x0 ../con_lcd_bsp/\libhal_bsp.a(alt_icache_flush_all.o)
 .data          0x000016f4        0x0 ../con_lcd_bsp/\libhal_bsp.a(altera_nios2_qsys_irq.o)
 .data          0x000016f4        0x0 c:/altera/13.0sp1/nios2eds/bin/gnu/h-i686-mingw32/bin/../lib/gcc/nios2-elf/4.1.2/../../../../nios2-elf/lib/mno-hw-mul\libsmallc.a(lib_a-strlen.o)
 .data          0x000016f4        0x0 c:/altera/13.0sp1/nios2eds/bin/gnu/h-i686-mingw32/bin/../lib/gcc/nios2-elf/4.1.2/mno-hw-mul\libgcc.a(lib2-mul.o)
                0x000096f4                _gp = ABSOLUTE ((. + 0x8000))
                0x000096f4                PROVIDE (gp, _gp)
 *(.rwdata .rwdata.*)
 *(.sdata .sdata.* .gnu.linkonce.s.*)
 .sdata         0x000016f4        0x6 obj/default/hello_world_small.o
                0x000016f4                auto_fantastico
 *(.sdata2 .sdata2.* .gnu.linkonce.s2.*)
                0x000016fc                . = ALIGN (0x4)
 *fill*         0x000016fa        0x2 00
                0x000016fc                _edata = ABSOLUTE (.)
                0x000016fc                PROVIDE (edata, ABSOLUTE (.))
                0x000016fc                PROVIDE (__ram_rwdata_end, ABSOLUTE (.))
                0x000016fc                PROVIDE (__flash_rwdata_start, LOADADDR (.rwdata))

.bss            0x00001704       0x28
                0x00001704                __bss_start = ABSOLUTE (.)
                0x00001704                PROVIDE (__sbss_start, ABSOLUTE (.))
                0x00001704                PROVIDE (___sbss_start, ABSOLUTE (.))
 *(.dynsbss)
 *(.sbss .sbss.* .gnu.linkonce.sb.*)
 .sbss          0x00001704       0x18 obj/default/hello_world_small.o
                0x00001704                dato
                0x00001708                x_var
                0x0000170c                millar
                0x00001710                centena
                0x00001714                decena
                0x00001718                unidad
 .sbss          0x0000171c        0xc ../con_lcd_bsp/\libhal_bsp.a(alt_main.o)
                0x0000171c                alt_argc
                0x00001720                alt_argv
                0x00001724                alt_envp
 .sbss          0x00001728        0x4 ../con_lcd_bsp/\libhal_bsp.a(alt_sys_init.o)
                0x00001728                jtag_uart_0
 *(.sbss2 .sbss2.* .gnu.linkonce.sb2.*)
 *(.scommon)
                0x0000172c                PROVIDE (__sbss_end, ABSOLUTE (.))
                0x0000172c                PROVIDE (___sbss_end, ABSOLUTE (.))
 *(.dynbss)
 *(.bss .bss.* .gnu.linkonce.b.*)
 .bss           0x0000172c        0x0 ../con_lcd_bsp//obj/HAL/src/crt0.o
 .bss           0x0000172c        0x0 obj/default/hello_world_small.o
 .bss           0x0000172c        0x0 c:/altera/13.0sp1/nios2eds/bin/gnu/h-i686-mingw32/bin/../lib/gcc/nios2-elf/4.1.2/mno-hw-mul\libgcc.a(lib2-divmod.o)
 .bss           0x0000172c        0x0 c:/altera/13.0sp1/nios2eds/bin/gnu/h-i686-mingw32/bin/../lib/gcc/nios2-elf/4.1.2/../../../../nios2-elf/lib/mno-hw-mul\libsmallc.a(lib_a-memcpy.o)
 .bss           0x0000172c        0x0 ../con_lcd_bsp/\libhal_bsp.a(alt_load.o)
 .bss           0x0000172c        0x0 ../con_lcd_bsp/\libhal_bsp.a(alt_main.o)
 .bss           0x0000172c        0x0 ../con_lcd_bsp/\libhal_bsp.a(alt_putstr.o)
 .bss           0x0000172c        0x0 ../con_lcd_bsp/\libhal_bsp.a(alt_usleep.o)
 .bss           0x0000172c        0x0 ../con_lcd_bsp/\libhal_bsp.a(alt_sys_init.o)
 .bss           0x0000172c        0x0 ../con_lcd_bsp/\libhal_bsp.a(altera_avalon_jtag_uart_write.o)
 .bss           0x0000172c        0x0 ../con_lcd_bsp/\libhal_bsp.a(alt_busy_sleep.o)
 .bss           0x0000172c        0x0 ../con_lcd_bsp/\libhal_bsp.a(alt_dcache_flush_all.o)
 .bss           0x0000172c        0x0 ../con_lcd_bsp/\libhal_bsp.a(alt_icache_flush_all.o)
 .bss           0x0000172c        0x0 ../con_lcd_bsp/\libhal_bsp.a(altera_nios2_qsys_irq.o)
 .bss           0x0000172c        0x0 c:/altera/13.0sp1/nios2eds/bin/gnu/h-i686-mingw32/bin/../lib/gcc/nios2-elf/4.1.2/../../../../nios2-elf/lib/mno-hw-mul\libsmallc.a(lib_a-strlen.o)
 .bss           0x0000172c        0x0 c:/altera/13.0sp1/nios2eds/bin/gnu/h-i686-mingw32/bin/../lib/gcc/nios2-elf/4.1.2/mno-hw-mul\libgcc.a(lib2-mul.o)
 *(COMMON)
                0x0000172c                . = ALIGN (0x4)
                0x0000172c                __bss_end = ABSOLUTE (.)

.onchip_memory2_0
                0x0000172c        0x0
                0x0000172c                PROVIDE (_alt_partition_onchip_memory2_0_start, ABSOLUTE (.))
 *(.onchip_memory2_0. onchip_memory2_0.*)
                0x0000172c                . = ALIGN (0x4)
                0x0000172c                PROVIDE (_alt_partition_onchip_memory2_0_end, ABSOLUTE (.))
                0x0000172c                _end = ABSOLUTE (.)
                0x0000172c                end = ABSOLUTE (.)
                0x0000172c                __alt_stack_base = ABSOLUTE (.)
                0x0000172c                PROVIDE (_alt_partition_onchip_memory2_0_load_addr, LOADADDR (.onchip_memory2_0))

.stab
 *(.stab)

.stabstr
 *(.stabstr)

.stab.excl
 *(.stab.excl)

.stab.exclstr
 *(.stab.exclstr)

.stab.index
 *(.stab.index)

.stab.indexstr
 *(.stab.indexstr)

.comment        0x00000000       0x26
 *(.comment)
 .comment       0x00000000       0x26 obj/default/hello_world_small.o
                                 0x27 (size before relaxing)
 .comment       0x00000000       0x27 c:/altera/13.0sp1/nios2eds/bin/gnu/h-i686-mingw32/bin/../lib/gcc/nios2-elf/4.1.2/mno-hw-mul\libgcc.a(lib2-divmod.o)
 .comment       0x00000000       0x27 c:/altera/13.0sp1/nios2eds/bin/gnu/h-i686-mingw32/bin/../lib/gcc/nios2-elf/4.1.2/../../../../nios2-elf/lib/mno-hw-mul\libsmallc.a(lib_a-memcpy.o)
 .comment       0x00000000       0x27 ../con_lcd_bsp/\libhal_bsp.a(alt_load.o)
 .comment       0x00000000       0x27 ../con_lcd_bsp/\libhal_bsp.a(alt_main.o)
 .comment       0x00000000       0x27 ../con_lcd_bsp/\libhal_bsp.a(alt_putstr.o)
 .comment       0x00000000       0x27 ../con_lcd_bsp/\libhal_bsp.a(alt_usleep.o)
 .comment       0x00000000       0x27 ../con_lcd_bsp/\libhal_bsp.a(alt_sys_init.o)
 .comment       0x00000000       0x27 ../con_lcd_bsp/\libhal_bsp.a(altera_avalon_jtag_uart_write.o)
 .comment       0x00000000       0x27 ../con_lcd_bsp/\libhal_bsp.a(alt_busy_sleep.o)
 .comment       0x00000000       0x27 ../con_lcd_bsp/\libhal_bsp.a(alt_dcache_flush_all.o)
 .comment       0x00000000       0x27 ../con_lcd_bsp/\libhal_bsp.a(alt_icache_flush_all.o)
 .comment       0x00000000       0x27 ../con_lcd_bsp/\libhal_bsp.a(altera_nios2_qsys_irq.o)
 .comment       0x00000000       0x27 c:/altera/13.0sp1/nios2eds/bin/gnu/h-i686-mingw32/bin/../lib/gcc/nios2-elf/4.1.2/../../../../nios2-elf/lib/mno-hw-mul\libsmallc.a(lib_a-strlen.o)
 .comment       0x00000000       0x27 c:/altera/13.0sp1/nios2eds/bin/gnu/h-i686-mingw32/bin/../lib/gcc/nios2-elf/4.1.2/mno-hw-mul\libgcc.a(lib2-mul.o)

.debug
 *(.debug)

.line
 *(.line)

.debug_srcinfo
 *(.debug_srcinfo)

.debug_sfnames
 *(.debug_sfnames)

.debug_aranges  0x00000000      0x208
 *(.debug_aranges)
 .debug_aranges
                0x00000000       0x28 ../con_lcd_bsp//obj/HAL/src/crt0.o
 .debug_aranges
                0x00000028       0x20 obj/default/hello_world_small.o
 .debug_aranges
                0x00000048       0x20 c:/altera/13.0sp1/nios2eds/bin/gnu/h-i686-mingw32/bin/../lib/gcc/nios2-elf/4.1.2/mno-hw-mul\libgcc.a(lib2-divmod.o)
 .debug_aranges
                0x00000068       0x20 c:/altera/13.0sp1/nios2eds/bin/gnu/h-i686-mingw32/bin/../lib/gcc/nios2-elf/4.1.2/../../../../nios2-elf/lib/mno-hw-mul\libsmallc.a(lib_a-memcpy.o)
 .debug_aranges
                0x00000088       0x20 ../con_lcd_bsp/\libhal_bsp.a(alt_load.o)
 .debug_aranges
                0x000000a8       0x20 ../con_lcd_bsp/\libhal_bsp.a(alt_main.o)
 .debug_aranges
                0x000000c8       0x20 ../con_lcd_bsp/\libhal_bsp.a(alt_putstr.o)
 .debug_aranges
                0x000000e8       0x20 ../con_lcd_bsp/\libhal_bsp.a(alt_usleep.o)
 .debug_aranges
                0x00000108       0x20 ../con_lcd_bsp/\libhal_bsp.a(alt_sys_init.o)
 .debug_aranges
                0x00000128       0x20 ../con_lcd_bsp/\libhal_bsp.a(altera_avalon_jtag_uart_write.o)
 .debug_aranges
                0x00000148       0x20 ../con_lcd_bsp/\libhal_bsp.a(alt_busy_sleep.o)
 .debug_aranges
                0x00000168       0x20 ../con_lcd_bsp/\libhal_bsp.a(alt_dcache_flush_all.o)
 .debug_aranges
                0x00000188       0x20 ../con_lcd_bsp/\libhal_bsp.a(alt_icache_flush_all.o)
 .debug_aranges
                0x000001a8       0x20 ../con_lcd_bsp/\libhal_bsp.a(altera_nios2_qsys_irq.o)
 .debug_aranges
                0x000001c8       0x20 c:/altera/13.0sp1/nios2eds/bin/gnu/h-i686-mingw32/bin/../lib/gcc/nios2-elf/4.1.2/../../../../nios2-elf/lib/mno-hw-mul\libsmallc.a(lib_a-strlen.o)
 .debug_aranges
                0x000001e8       0x20 c:/altera/13.0sp1/nios2eds/bin/gnu/h-i686-mingw32/bin/../lib/gcc/nios2-elf/4.1.2/mno-hw-mul\libgcc.a(lib2-mul.o)

.debug_pubnames
                0x00000000      0x2ff
 *(.debug_pubnames)
 .debug_pubnames
                0x00000000       0x97 obj/default/hello_world_small.o
 .debug_pubnames
                0x00000097       0x48 c:/altera/13.0sp1/nios2eds/bin/gnu/h-i686-mingw32/bin/../lib/gcc/nios2-elf/4.1.2/mno-hw-mul\libgcc.a(lib2-divmod.o)
 .debug_pubnames
                0x000000df       0x1d c:/altera/13.0sp1/nios2eds/bin/gnu/h-i686-mingw32/bin/../lib/gcc/nios2-elf/4.1.2/../../../../nios2-elf/lib/mno-hw-mul\libsmallc.a(lib_a-memcpy.o)
 .debug_pubnames
                0x000000fc       0x1f ../con_lcd_bsp/\libhal_bsp.a(alt_load.o)
 .debug_pubnames
                0x0000011b       0x46 ../con_lcd_bsp/\libhal_bsp.a(alt_main.o)
 .debug_pubnames
                0x00000161       0x21 ../con_lcd_bsp/\libhal_bsp.a(alt_putstr.o)
 .debug_pubnames
                0x00000182       0x1d ../con_lcd_bsp/\libhal_bsp.a(alt_usleep.o)
 .debug_pubnames
                0x0000019f       0x44 ../con_lcd_bsp/\libhal_bsp.a(alt_sys_init.o)
 .debug_pubnames
                0x000001e3       0x34 ../con_lcd_bsp/\libhal_bsp.a(altera_avalon_jtag_uart_write.o)
 .debug_pubnames
                0x00000217       0x25 ../con_lcd_bsp/\libhal_bsp.a(alt_busy_sleep.o)
 .debug_pubnames
                0x0000023c       0x2b ../con_lcd_bsp/\libhal_bsp.a(alt_dcache_flush_all.o)
 .debug_pubnames
                0x00000267       0x2b ../con_lcd_bsp/\libhal_bsp.a(alt_icache_flush_all.o)
 .debug_pubnames
                0x00000292       0x31 ../con_lcd_bsp/\libhal_bsp.a(altera_nios2_qsys_irq.o)
 .debug_pubnames
                0x000002c3       0x1d c:/altera/13.0sp1/nios2eds/bin/gnu/h-i686-mingw32/bin/../lib/gcc/nios2-elf/4.1.2/../../../../nios2-elf/lib/mno-hw-mul\libsmallc.a(lib_a-strlen.o)
 .debug_pubnames
                0x000002e0       0x1f c:/altera/13.0sp1/nios2eds/bin/gnu/h-i686-mingw32/bin/../lib/gcc/nios2-elf/4.1.2/mno-hw-mul\libgcc.a(lib2-mul.o)

.debug_info     0x00000000      0xfe7
 *(.debug_info .gnu.linkonce.wi.*)
 .debug_info    0x00000000       0x63 ../con_lcd_bsp//obj/HAL/src/crt0.o
 .debug_info    0x00000063      0x1ab obj/default/hello_world_small.o
 .debug_info    0x0000020e      0x21c c:/altera/13.0sp1/nios2eds/bin/gnu/h-i686-mingw32/bin/../lib/gcc/nios2-elf/4.1.2/mno-hw-mul\libgcc.a(lib2-divmod.o)
 .debug_info    0x0000042a       0xc2 c:/altera/13.0sp1/nios2eds/bin/gnu/h-i686-mingw32/bin/../lib/gcc/nios2-elf/4.1.2/../../../../nios2-elf/lib/mno-hw-mul\libsmallc.a(lib_a-memcpy.o)
 .debug_info    0x000004ec      0x12e ../con_lcd_bsp/\libhal_bsp.a(alt_load.o)
 .debug_info    0x0000061a      0x125 ../con_lcd_bsp/\libhal_bsp.a(alt_main.o)
 .debug_info    0x0000073f       0xc5 ../con_lcd_bsp/\libhal_bsp.a(alt_putstr.o)
 .debug_info    0x00000804       0xab ../con_lcd_bsp/\libhal_bsp.a(alt_usleep.o)
 .debug_info    0x000008af      0x17d ../con_lcd_bsp/\libhal_bsp.a(alt_sys_init.o)
 .debug_info    0x00000a2c      0x18f ../con_lcd_bsp/\libhal_bsp.a(altera_avalon_jtag_uart_write.o)
 .debug_info    0x00000bbb       0xd0 ../con_lcd_bsp/\libhal_bsp.a(alt_busy_sleep.o)
 .debug_info    0x00000c8b       0x8d ../con_lcd_bsp/\libhal_bsp.a(alt_dcache_flush_all.o)
 .debug_info    0x00000d18       0x8d ../con_lcd_bsp/\libhal_bsp.a(alt_icache_flush_all.o)
 .debug_info    0x00000da5       0x8d ../con_lcd_bsp/\libhal_bsp.a(altera_nios2_qsys_irq.o)
 .debug_info    0x00000e32       0xc2 c:/altera/13.0sp1/nios2eds/bin/gnu/h-i686-mingw32/bin/../lib/gcc/nios2-elf/4.1.2/../../../../nios2-elf/lib/mno-hw-mul\libsmallc.a(lib_a-strlen.o)
 .debug_info    0x00000ef4       0xf3 c:/altera/13.0sp1/nios2eds/bin/gnu/h-i686-mingw32/bin/../lib/gcc/nios2-elf/4.1.2/mno-hw-mul\libgcc.a(lib2-mul.o)

.debug_abbrev   0x00000000      0x855
 *(.debug_abbrev)
 .debug_abbrev  0x00000000       0x12 ../con_lcd_bsp//obj/HAL/src/crt0.o
 .debug_abbrev  0x00000012       0xb2 obj/default/hello_world_small.o
 .debug_abbrev  0x000000c4       0xe0 c:/altera/13.0sp1/nios2eds/bin/gnu/h-i686-mingw32/bin/../lib/gcc/nios2-elf/4.1.2/mno-hw-mul\libgcc.a(lib2-divmod.o)
 .debug_abbrev  0x000001a4       0x9d c:/altera/13.0sp1/nios2eds/bin/gnu/h-i686-mingw32/bin/../lib/gcc/nios2-elf/4.1.2/../../../../nios2-elf/lib/mno-hw-mul\libsmallc.a(lib_a-memcpy.o)
 .debug_abbrev  0x00000241       0x97 ../con_lcd_bsp/\libhal_bsp.a(alt_load.o)
 .debug_abbrev  0x000002d8       0xa6 ../con_lcd_bsp/\libhal_bsp.a(alt_main.o)
 .debug_abbrev  0x0000037e       0x7c ../con_lcd_bsp/\libhal_bsp.a(alt_putstr.o)
 .debug_abbrev  0x000003fa       0x5d ../con_lcd_bsp/\libhal_bsp.a(alt_usleep.o)
 .debug_abbrev  0x00000457       0xe3 ../con_lcd_bsp/\libhal_bsp.a(alt_sys_init.o)
 .debug_abbrev  0x0000053a       0xf0 ../con_lcd_bsp/\libhal_bsp.a(altera_avalon_jtag_uart_write.o)
 .debug_abbrev  0x0000062a       0x79 ../con_lcd_bsp/\libhal_bsp.a(alt_busy_sleep.o)
 .debug_abbrev  0x000006a3       0x3f ../con_lcd_bsp/\libhal_bsp.a(alt_dcache_flush_all.o)
 .debug_abbrev  0x000006e2       0x3f ../con_lcd_bsp/\libhal_bsp.a(alt_icache_flush_all.o)
 .debug_abbrev  0x00000721       0x3f ../con_lcd_bsp/\libhal_bsp.a(altera_nios2_qsys_irq.o)
 .debug_abbrev  0x00000760       0x7a c:/altera/13.0sp1/nios2eds/bin/gnu/h-i686-mingw32/bin/../lib/gcc/nios2-elf/4.1.2/../../../../nios2-elf/lib/mno-hw-mul\libsmallc.a(lib_a-strlen.o)
 .debug_abbrev  0x000007da       0x7b c:/altera/13.0sp1/nios2eds/bin/gnu/h-i686-mingw32/bin/../lib/gcc/nios2-elf/4.1.2/mno-hw-mul\libgcc.a(lib2-mul.o)

.debug_line     0x00000000     0x21a7
 *(.debug_line)
 .debug_line    0x00000000       0x66 ../con_lcd_bsp//obj/HAL/src/crt0.o
 .debug_line    0x00000066      0x442 obj/default/hello_world_small.o
 .debug_line    0x000004a8      0x24f c:/altera/13.0sp1/nios2eds/bin/gnu/h-i686-mingw32/bin/../lib/gcc/nios2-elf/4.1.2/mno-hw-mul\libgcc.a(lib2-divmod.o)
 .debug_line    0x000006f7      0x145 c:/altera/13.0sp1/nios2eds/bin/gnu/h-i686-mingw32/bin/../lib/gcc/nios2-elf/4.1.2/../../../../nios2-elf/lib/mno-hw-mul\libsmallc.a(lib_a-memcpy.o)
 .debug_line    0x0000083c      0x217 ../con_lcd_bsp/\libhal_bsp.a(alt_load.o)
 .debug_line    0x00000a53      0x2c2 ../con_lcd_bsp/\libhal_bsp.a(alt_main.o)
 .debug_line    0x00000d15      0x1d9 ../con_lcd_bsp/\libhal_bsp.a(alt_putstr.o)
 .debug_line    0x00000eee      0x202 ../con_lcd_bsp/\libhal_bsp.a(alt_usleep.o)
 .debug_line    0x000010f0      0x2c3 ../con_lcd_bsp/\libhal_bsp.a(alt_sys_init.o)
 .debug_line    0x000013b3      0x2f4 ../con_lcd_bsp/\libhal_bsp.a(altera_avalon_jtag_uart_write.o)
 .debug_line    0x000016a7      0x25e ../con_lcd_bsp/\libhal_bsp.a(alt_busy_sleep.o)
 .debug_line    0x00001905      0x1b5 ../con_lcd_bsp/\libhal_bsp.a(alt_dcache_flush_all.o)
 .debug_line    0x00001aba      0x1b5 ../con_lcd_bsp/\libhal_bsp.a(alt_icache_flush_all.o)
 .debug_line    0x00001c6f      0x1ce ../con_lcd_bsp/\libhal_bsp.a(altera_nios2_qsys_irq.o)
 .debug_line    0x00001e3d      0x250 c:/altera/13.0sp1/nios2eds/bin/gnu/h-i686-mingw32/bin/../lib/gcc/nios2-elf/4.1.2/../../../../nios2-elf/lib/mno-hw-mul\libsmallc.a(lib_a-strlen.o)
 .debug_line    0x0000208d      0x11a c:/altera/13.0sp1/nios2eds/bin/gnu/h-i686-mingw32/bin/../lib/gcc/nios2-elf/4.1.2/mno-hw-mul\libgcc.a(lib2-mul.o)

.debug_frame    0x00000000      0x2d4
 *(.debug_frame)
 .debug_frame   0x00000000       0x7c obj/default/hello_world_small.o
 .debug_frame   0x0000007c       0x70 c:/altera/13.0sp1/nios2eds/bin/gnu/h-i686-mingw32/bin/../lib/gcc/nios2-elf/4.1.2/mno-hw-mul\libgcc.a(lib2-divmod.o)
 .debug_frame   0x000000ec       0x20 c:/altera/13.0sp1/nios2eds/bin/gnu/h-i686-mingw32/bin/../lib/gcc/nios2-elf/4.1.2/../../../../nios2-elf/lib/mno-hw-mul\libsmallc.a(lib_a-memcpy.o)
 .debug_frame   0x0000010c       0x38 ../con_lcd_bsp/\libhal_bsp.a(alt_load.o)
 .debug_frame   0x00000144       0x28 ../con_lcd_bsp/\libhal_bsp.a(alt_main.o)
 .debug_frame   0x0000016c       0x28 ../con_lcd_bsp/\libhal_bsp.a(alt_putstr.o)
 .debug_frame   0x00000194       0x20 ../con_lcd_bsp/\libhal_bsp.a(alt_usleep.o)
 .debug_frame   0x000001b4       0x38 ../con_lcd_bsp/\libhal_bsp.a(alt_sys_init.o)
 .debug_frame   0x000001ec       0x20 ../con_lcd_bsp/\libhal_bsp.a(altera_avalon_jtag_uart_write.o)
 .debug_frame   0x0000020c       0x28 ../con_lcd_bsp/\libhal_bsp.a(alt_busy_sleep.o)
 .debug_frame   0x00000234       0x20 ../con_lcd_bsp/\libhal_bsp.a(alt_dcache_flush_all.o)
 .debug_frame   0x00000254       0x20 ../con_lcd_bsp/\libhal_bsp.a(alt_icache_flush_all.o)
 .debug_frame   0x00000274       0x20 ../con_lcd_bsp/\libhal_bsp.a(altera_nios2_qsys_irq.o)
 .debug_frame   0x00000294       0x20 c:/altera/13.0sp1/nios2eds/bin/gnu/h-i686-mingw32/bin/../lib/gcc/nios2-elf/4.1.2/../../../../nios2-elf/lib/mno-hw-mul\libsmallc.a(lib_a-strlen.o)
 .debug_frame   0x000002b4       0x20 c:/altera/13.0sp1/nios2eds/bin/gnu/h-i686-mingw32/bin/../lib/gcc/nios2-elf/4.1.2/mno-hw-mul\libgcc.a(lib2-mul.o)

.debug_str      0x00000000      0x750
 *(.debug_str)
 .debug_str     0x00000000      0x101 obj/default/hello_world_small.o
                                0x13f (size before relaxing)
 .debug_str     0x00000101      0x10b c:/altera/13.0sp1/nios2eds/bin/gnu/h-i686-mingw32/bin/../lib/gcc/nios2-elf/4.1.2/mno-hw-mul\libgcc.a(lib2-divmod.o)
                                0x1b4 (size before relaxing)
 .debug_str     0x0000020c       0xfd c:/altera/13.0sp1/nios2eds/bin/gnu/h-i686-mingw32/bin/../lib/gcc/nios2-elf/4.1.2/../../../../nios2-elf/lib/mno-hw-mul\libsmallc.a(lib_a-memcpy.o)
                                0x129 (size before relaxing)
 .debug_str     0x00000309      0x123 ../con_lcd_bsp/\libhal_bsp.a(alt_load.o)
                                0x1b8 (size before relaxing)
 .debug_str     0x0000042c       0x75 ../con_lcd_bsp/\libhal_bsp.a(alt_main.o)
                                0x13c (size before relaxing)
 .debug_str     0x000004a1       0x4c ../con_lcd_bsp/\libhal_bsp.a(alt_putstr.o)
                                0x113 (size before relaxing)
 .debug_str     0x000004ed       0x27 ../con_lcd_bsp/\libhal_bsp.a(alt_usleep.o)
                                 0xee (size before relaxing)
 .debug_str     0x00000514       0x85 ../con_lcd_bsp/\libhal_bsp.a(alt_sys_init.o)
                                0x1b1 (size before relaxing)
 .debug_str     0x00000599       0x56 ../con_lcd_bsp/\libhal_bsp.a(altera_avalon_jtag_uart_write.o)
                                0x1b4 (size before relaxing)
 .debug_str     0x000005ef       0x42 ../con_lcd_bsp/\libhal_bsp.a(alt_busy_sleep.o)
                                0x111 (size before relaxing)
 .debug_str     0x00000631       0x34 ../con_lcd_bsp/\libhal_bsp.a(alt_dcache_flush_all.o)
                                 0xfb (size before relaxing)
 .debug_str     0x00000665       0x34 ../con_lcd_bsp/\libhal_bsp.a(alt_icache_flush_all.o)
                                 0xfb (size before relaxing)
 .debug_str     0x00000699       0x3b ../con_lcd_bsp/\libhal_bsp.a(altera_nios2_qsys_irq.o)
                                0x102 (size before relaxing)
 .debug_str     0x000006d4       0x45 c:/altera/13.0sp1/nios2eds/bin/gnu/h-i686-mingw32/bin/../lib/gcc/nios2-elf/4.1.2/../../../../nios2-elf/lib/mno-hw-mul\libsmallc.a(lib_a-strlen.o)
                                0x184 (size before relaxing)
 .debug_str     0x00000719       0x37 c:/altera/13.0sp1/nios2eds/bin/gnu/h-i686-mingw32/bin/../lib/gcc/nios2-elf/4.1.2/mno-hw-mul\libgcc.a(lib2-mul.o)
                                0x175 (size before relaxing)

.debug_loc      0x00000000      0x438
 *(.debug_loc)
 .debug_loc     0x00000000       0x9a obj/default/hello_world_small.o
 .debug_loc     0x0000009a      0x1d2 c:/altera/13.0sp1/nios2eds/bin/gnu/h-i686-mingw32/bin/../lib/gcc/nios2-elf/4.1.2/mno-hw-mul\libgcc.a(lib2-divmod.o)
 .debug_loc     0x0000026c       0x1e c:/altera/13.0sp1/nios2eds/bin/gnu/h-i686-mingw32/bin/../lib/gcc/nios2-elf/4.1.2/../../../../nios2-elf/lib/mno-hw-mul\libsmallc.a(lib_a-memcpy.o)
 .debug_loc     0x0000028a       0x1f ../con_lcd_bsp/\libhal_bsp.a(alt_load.o)
 .debug_loc     0x000002a9       0x1f ../con_lcd_bsp/\libhal_bsp.a(alt_main.o)
 .debug_loc     0x000002c8       0x48 ../con_lcd_bsp/\libhal_bsp.a(alt_putstr.o)
 .debug_loc     0x00000310       0x13 ../con_lcd_bsp/\libhal_bsp.a(alt_usleep.o)
 .debug_loc     0x00000323       0x32 ../con_lcd_bsp/\libhal_bsp.a(alt_sys_init.o)
 .debug_loc     0x00000355       0x26 ../con_lcd_bsp/\libhal_bsp.a(altera_avalon_jtag_uart_write.o)
 .debug_loc     0x0000037b       0x50 ../con_lcd_bsp/\libhal_bsp.a(alt_busy_sleep.o)
 .debug_loc     0x000003cb       0x1e c:/altera/13.0sp1/nios2eds/bin/gnu/h-i686-mingw32/bin/../lib/gcc/nios2-elf/4.1.2/../../../../nios2-elf/lib/mno-hw-mul\libsmallc.a(lib_a-strlen.o)
 .debug_loc     0x000003e9       0x4f c:/altera/13.0sp1/nios2eds/bin/gnu/h-i686-mingw32/bin/../lib/gcc/nios2-elf/4.1.2/mno-hw-mul\libgcc.a(lib2-mul.o)

.debug_macinfo
 *(.debug_macinfo)

.debug_weaknames
 *(.debug_weaknames)

.debug_funcnames
 *(.debug_funcnames)

.debug_typenames
 *(.debug_typenames)

.debug_varnames
 *(.debug_varnames)

.debug_alt_sim_info
                0x00000000       0x40
 *(.debug_alt_sim_info)
 .debug_alt_sim_info
                0x00000000       0x10 ../con_lcd_bsp//obj/HAL/src/crt0.o
 .debug_alt_sim_info
                0x00000010       0x30 ../con_lcd_bsp/\libhal_bsp.a(alt_busy_sleep.o)
                0x00002000                __alt_data_end = 0x2000
                0x00002000                PROVIDE (__alt_stack_pointer, __alt_data_end)
                0x0000172c                PROVIDE (__alt_stack_limit, __alt_stack_base)
                0x0000172c                PROVIDE (__alt_heap_start, end)
                0x00002000                PROVIDE (__alt_heap_limit, 0x2000)
OUTPUT(con_lcd.elf elf32-littlenios2)

.debug_ranges   0x00000000       0x20
 .debug_ranges  0x00000000       0x20 ../con_lcd_bsp//obj/HAL/src/crt0.o
