Archive member included because of file (symbol)

../parpadeo3_bsp/\libhal_bsp.a(alt_load.o)
                              ../parpadeo3_bsp//obj/HAL/src/crt0.o (alt_load)
../parpadeo3_bsp/\libhal_bsp.a(alt_main.o)
                              ../parpadeo3_bsp//obj/HAL/src/crt0.o (alt_main)
../parpadeo3_bsp/\libhal_bsp.a(alt_putstr.o)
                              obj/default/hello_world_small.o (alt_putstr)
../parpadeo3_bsp/\libhal_bsp.a(alt_usleep.o)
                              obj/default/hello_world_small.o (usleep)
../parpadeo3_bsp/\libhal_bsp.a(alt_sys_init.o)
                              ../parpadeo3_bsp/\libhal_bsp.a(alt_main.o) (alt_sys_init)
../parpadeo3_bsp/\libhal_bsp.a(altera_avalon_jtag_uart_write.o)
                              ../parpadeo3_bsp/\libhal_bsp.a(alt_putstr.o) (altera_avalon_jtag_uart_write)
../parpadeo3_bsp/\libhal_bsp.a(alt_busy_sleep.o)
                              ../parpadeo3_bsp/\libhal_bsp.a(alt_usleep.o) (alt_busy_sleep)
../parpadeo3_bsp/\libhal_bsp.a(alt_dcache_flush_all.o)
                              ../parpadeo3_bsp/\libhal_bsp.a(alt_load.o) (alt_dcache_flush_all)
../parpadeo3_bsp/\libhal_bsp.a(alt_icache_flush_all.o)
                              ../parpadeo3_bsp/\libhal_bsp.a(alt_load.o) (alt_icache_flush_all)
../parpadeo3_bsp/\libhal_bsp.a(altera_nios2_qsys_irq.o)
                              ../parpadeo3_bsp/\libhal_bsp.a(alt_sys_init.o) (altera_nios2_qsys_irq_init)
c:/altera/13.0sp1/nios2eds/bin/gnu/h-i686-mingw32/bin/../lib/gcc/nios2-elf/4.1.2/../../../../nios2-elf/lib/mno-hw-mul\libsmallc.a(lib_a-strlen.o)
                              ../parpadeo3_bsp/\libhal_bsp.a(alt_putstr.o) (strlen)
c:/altera/13.0sp1/nios2eds/bin/gnu/h-i686-mingw32/bin/../lib/gcc/nios2-elf/4.1.2/mno-hw-mul\libgcc.a(lib2-divmod.o)
                              ../parpadeo3_bsp/\libhal_bsp.a(alt_busy_sleep.o) (__udivsi3)
c:/altera/13.0sp1/nios2eds/bin/gnu/h-i686-mingw32/bin/../lib/gcc/nios2-elf/4.1.2/mno-hw-mul\libgcc.a(lib2-mul.o)
                              ../parpadeo3_bsp/\libhal_bsp.a(alt_busy_sleep.o) (__mulsi3)

Memory Configuration

Name             Origin             Length             Attributes
reset            0x00001000         0x00000020
onchip_memory2_0 0x00001020         0x00000fe0
*default*        0x00000000         0xffffffff

Linker script and memory map

LOAD ../parpadeo3_bsp//obj/HAL/src/crt0.o
                0x0000100c                exit = _exit
LOAD obj/default/hello_world_small.o
LOAD c:/altera/13.0sp1/nios2eds/bin/gnu/h-i686-mingw32/bin/../lib/gcc/nios2-elf/4.1.2/../../../../nios2-elf/lib/mno-hw-mul\libstdc++.a
LOAD c:/altera/13.0sp1/nios2eds/bin/gnu/h-i686-mingw32/bin/../lib/gcc/nios2-elf/4.1.2/../../../../nios2-elf/lib/mno-hw-mul\libm.a
LOAD c:/altera/13.0sp1/nios2eds/bin/gnu/h-i686-mingw32/bin/../lib/gcc/nios2-elf/4.1.2/mno-hw-mul\libgcc.a
START GROUP
LOAD c:/altera/13.0sp1/nios2eds/bin/gnu/h-i686-mingw32/bin/../lib/gcc/nios2-elf/4.1.2/../../../../nios2-elf/lib/mno-hw-mul\libsmallc.a
LOAD c:/altera/13.0sp1/nios2eds/bin/gnu/h-i686-mingw32/bin/../lib/gcc/nios2-elf/4.1.2/mno-hw-mul\libgcc.a
LOAD ../parpadeo3_bsp/\libhal_bsp.a
END GROUP
LOAD c:/altera/13.0sp1/nios2eds/bin/gnu/h-i686-mingw32/bin/../lib/gcc/nios2-elf/4.1.2/mno-hw-mul\libgcc.a
                0x00001000                __alt_mem_onchip_memory2_0 = 0x1000

.entry          0x00001000       0x20
 *(.entry)
 .entry         0x00001000       0x20 ../parpadeo3_bsp//obj/HAL/src/crt0.o
                0x00001000                __reset
                0x0000100c                _exit

.exceptions     0x00001020        0x0
                0x00001020                PROVIDE (__ram_exceptions_start, ABSOLUTE (.))
                0x00001020                . = ALIGN (0x20)
 *(.irq)
 *(.exceptions.entry.label)
 *(.exceptions.entry.user)
 *(.exceptions.entry)
 *(.exceptions.irqtest.user)
 *(.exceptions.irqtest)
 *(.exceptions.irqhandler.user)
 *(.exceptions.irqhandler)
 *(.exceptions.irqreturn.user)
 *(.exceptions.irqreturn)
 *(.exceptions.notirq.label)
 *(.exceptions.notirq.user)
 *(.exceptions.notirq)
 *(.exceptions.soft.user)
 *(.exceptions.soft)
 *(.exceptions.unknown.user)
 *(.exceptions.unknown)
 *(.exceptions.exit.label)
 *(.exceptions.exit.user)
 *(.exceptions.exit)
 *(.exceptions)
                0x00001020                PROVIDE (__ram_exceptions_end, ABSOLUTE (.))
                0x00001020                PROVIDE (__flash_exceptions_start, LOADADDR (.exceptions))

.text           0x00001020      0x43c
                0x00001020                PROVIDE (stext, ABSOLUTE (.))
 *(.interp)
 *(.hash)
 *(.dynsym)
 *(.dynstr)
 *(.gnu.version)
 *(.gnu.version_d)
 *(.gnu.version_r)
 *(.rel.init)
 *(.rela.init)
 *(.rel.text .rel.text.* .rel.gnu.linkonce.t.*)
 *(.rela.text .rela.text.* .rela.gnu.linkonce.t.*)
 *(.rel.fini)
 *(.rela.fini)
 *(.rel.rodata .rel.rodata.* .rel.gnu.linkonce.r.*)
 *(.rela.rodata .rela.rodata.* .rela.gnu.linkonce.r.*)
 *(.rel.data .rel.data.* .rel.gnu.linkonce.d.*)
 *(.rela.data .rela.data.* .rela.gnu.linkonce.d.*)
 *(.rel.tdata .rel.tdata.* .rel.gnu.linkonce.td.*)
 *(.rela.tdata .rela.tdata.* .rela.gnu.linkonce.td.*)
 *(.rel.tbss .rel.tbss.* .rel.gnu.linkonce.tb.*)
 *(.rela.tbss .rela.tbss.* .rela.gnu.linkonce.tb.*)
 *(.rel.ctors)
 *(.rela.ctors)
 *(.rel.dtors)
 *(.rela.dtors)
 *(.rel.got)
 *(.rela.got)
 *(.rel.sdata .rel.sdata.* .rel.gnu.linkonce.s.*)
 *(.rela.sdata .rela.sdata.* .rela.gnu.linkonce.s.*)
 *(.rel.sbss .rel.sbss.* .rel.gnu.linkonce.sb.*)
 *(.rela.sbss .rela.sbss.* .rela.gnu.linkonce.sb.*)
 *(.rel.sdata2 .rel.sdata2.* .rel.gnu.linkonce.s2.*)
 *(.rela.sdata2 .rela.sdata2.* .rela.gnu.linkonce.s2.*)
 *(.rel.sbss2 .rel.sbss2.* .rel.gnu.linkonce.sb2.*)
 *(.rela.sbss2 .rela.sbss2.* .rela.gnu.linkonce.sb2.*)
 *(.rel.bss .rel.bss.* .rel.gnu.linkonce.b.*)
 *(.rela.bss .rela.bss.* .rela.gnu.linkonce.b.*)
 *(.rel.plt)
 *(.rela.plt)
 *(.rel.dyn)
 *(.init)
 *(.plt)
 *(.text .stub .text.* .gnu.linkonce.t.*)
 .text          0x00001020       0x3c ../parpadeo3_bsp//obj/HAL/src/crt0.o
                0x00001020                _start
 .text          0x0000105c       0x74 obj/default/hello_world_small.o
                0x0000105c                main
 .text          0x000010d0       0x8c ../parpadeo3_bsp/\libhal_bsp.a(alt_load.o)
                0x000010f0                alt_load
 .text          0x0000115c       0x2c ../parpadeo3_bsp/\libhal_bsp.a(alt_main.o)
                0x0000115c                alt_main
 .text          0x00001188       0x38 ../parpadeo3_bsp/\libhal_bsp.a(alt_putstr.o)
                0x00001188                alt_putstr
 .text          0x000011c0        0x4 ../parpadeo3_bsp/\libhal_bsp.a(alt_usleep.o)
                0x000011c0                usleep
 .text          0x000011c4       0x24 ../parpadeo3_bsp/\libhal_bsp.a(alt_sys_init.o)
                0x000011c4                alt_sys_init
                0x000011c8                alt_irq_init
 .text          0x000011e8       0x34 ../parpadeo3_bsp/\libhal_bsp.a(altera_avalon_jtag_uart_write.o)
                0x000011e8                altera_avalon_jtag_uart_write
 .text          0x0000121c       0x8c ../parpadeo3_bsp/\libhal_bsp.a(alt_busy_sleep.o)
                0x0000121c                alt_busy_sleep
 .text          0x000012a8        0x4 ../parpadeo3_bsp/\libhal_bsp.a(alt_dcache_flush_all.o)
                0x000012a8                alt_dcache_flush_all
 .text          0x000012ac        0x4 ../parpadeo3_bsp/\libhal_bsp.a(alt_icache_flush_all.o)
                0x000012ac                alt_icache_flush_all
 .text          0x000012b0        0x8 ../parpadeo3_bsp/\libhal_bsp.a(altera_nios2_qsys_irq.o)
                0x000012b0                altera_nios2_qsys_irq_init
 .text          0x000012b8       0x20 c:/altera/13.0sp1/nios2eds/bin/gnu/h-i686-mingw32/bin/../lib/gcc/nios2-elf/4.1.2/../../../../nios2-elf/lib/mno-hw-mul\libsmallc.a(lib_a-strlen.o)
                0x000012b8                strlen
 .text          0x000012d8      0x14c c:/altera/13.0sp1/nios2eds/bin/gnu/h-i686-mingw32/bin/../lib/gcc/nios2-elf/4.1.2/mno-hw-mul\libgcc.a(lib2-divmod.o)
                0x00001354                __divsi3
                0x000013b4                __modsi3
                0x00001414                __udivsi3
                0x0000141c                __umodsi3
 .text          0x00001424       0x38 c:/altera/13.0sp1/nios2eds/bin/gnu/h-i686-mingw32/bin/../lib/gcc/nios2-elf/4.1.2/mno-hw-mul\libgcc.a(lib2-mul.o)
                0x00001424                __mulsi3
 *(.gnu.warning.*)
 *(.fini)
                0x0000145c                PROVIDE (__etext, ABSOLUTE (.))
                0x0000145c                PROVIDE (_etext, ABSOLUTE (.))
                0x0000145c                PROVIDE (etext, ABSOLUTE (.))
 *(.eh_frame_hdr)
                0x0000145c                . = ALIGN (0x4)
                0x0000145c                PROVIDE (__preinit_array_start, ABSOLUTE (.))
 *(.preinit_array)
                0x0000145c                PROVIDE (__preinit_array_end, ABSOLUTE (.))
                0x0000145c                PROVIDE (__init_array_start, ABSOLUTE (.))
 *(.init_array)
                0x0000145c                PROVIDE (__init_array_end, ABSOLUTE (.))
                0x0000145c                PROVIDE (__fini_array_start, ABSOLUTE (.))
 *(.fini_array)
                0x0000145c                PROVIDE (__fini_array_end, ABSOLUTE (.))
 *(.eh_frame)
 *(.gcc_except_table)
 *(.dynamic)
                0x0000145c                PROVIDE (__CTOR_LIST__, ABSOLUTE (.))
 *(.ctors)
 *(SORT(.ctors.*))
                0x0000145c                PROVIDE (__CTOR_END__, ABSOLUTE (.))
                0x0000145c                PROVIDE (__DTOR_LIST__, ABSOLUTE (.))
 *(.dtors)
 *(SORT(.dtors.*))
                0x0000145c                PROVIDE (__DTOR_END__, ABSOLUTE (.))
 *(.jcr)
                0x0000145c                . = ALIGN (0x4)

.rodata         0x0000145c       0x18
                0x0000145c                PROVIDE (__ram_rodata_start, ABSOLUTE (.))
                0x0000145c                . = ALIGN (0x4)
 *(.rodata .rodata.* .gnu.linkonce.r.*)
 .rodata.str1.4
                0x0000145c       0x18 obj/default/hello_world_small.o
 *(.rodata1)
                0x00001474                . = ALIGN (0x4)
                0x00001474                PROVIDE (__ram_rodata_end, ABSOLUTE (.))
                0x0000145c                PROVIDE (__flash_rodata_start, LOADADDR (.rodata))

.rwdata         0x00001474        0x0
                0x00001474                PROVIDE (__ram_rwdata_start, ABSOLUTE (.))
                0x00001474                . = ALIGN (0x4)
 *(.got.plt)
 *(.got)
 *(.data1)
 *(.data .data.* .gnu.linkonce.d.*)
 .data          0x00001474        0x0 ../parpadeo3_bsp//obj/HAL/src/crt0.o
 .data          0x00001474        0x0 obj/default/hello_world_small.o
 .data          0x00001474        0x0 ../parpadeo3_bsp/\libhal_bsp.a(alt_load.o)
 .data          0x00001474        0x0 ../parpadeo3_bsp/\libhal_bsp.a(alt_main.o)
 .data          0x00001474        0x0 ../parpadeo3_bsp/\libhal_bsp.a(alt_putstr.o)
 .data          0x00001474        0x0 ../parpadeo3_bsp/\libhal_bsp.a(alt_usleep.o)
 .data          0x00001474        0x0 ../parpadeo3_bsp/\libhal_bsp.a(alt_sys_init.o)
 .data          0x00001474        0x0 ../parpadeo3_bsp/\libhal_bsp.a(altera_avalon_jtag_uart_write.o)
 .data          0x00001474        0x0 ../parpadeo3_bsp/\libhal_bsp.a(alt_busy_sleep.o)
 .data          0x00001474        0x0 ../parpadeo3_bsp/\libhal_bsp.a(alt_dcache_flush_all.o)
 .data          0x00001474        0x0 ../parpadeo3_bsp/\libhal_bsp.a(alt_icache_flush_all.o)
 .data          0x00001474        0x0 ../parpadeo3_bsp/\libhal_bsp.a(altera_nios2_qsys_irq.o)
 .data          0x00001474        0x0 c:/altera/13.0sp1/nios2eds/bin/gnu/h-i686-mingw32/bin/../lib/gcc/nios2-elf/4.1.2/../../../../nios2-elf/lib/mno-hw-mul\libsmallc.a(lib_a-strlen.o)
 .data          0x00001474        0x0 c:/altera/13.0sp1/nios2eds/bin/gnu/h-i686-mingw32/bin/../lib/gcc/nios2-elf/4.1.2/mno-hw-mul\libgcc.a(lib2-divmod.o)
 .data          0x00001474        0x0 c:/altera/13.0sp1/nios2eds/bin/gnu/h-i686-mingw32/bin/../lib/gcc/nios2-elf/4.1.2/mno-hw-mul\libgcc.a(lib2-mul.o)
                0x00009474                _gp = ABSOLUTE ((. + 0x8000))
                0x00009474                PROVIDE (gp, _gp)
 *(.rwdata .rwdata.*)
 *(.sdata .sdata.* .gnu.linkonce.s.*)
 *(.sdata2 .sdata2.* .gnu.linkonce.s2.*)
                0x00001474                . = ALIGN (0x4)
                0x00001474                _edata = ABSOLUTE (.)
                0x00001474                PROVIDE (edata, ABSOLUTE (.))
                0x00001474                PROVIDE (__ram_rwdata_end, ABSOLUTE (.))
                0x00001474                PROVIDE (__flash_rwdata_start, LOADADDR (.rwdata))

.bss            0x00001474       0x18
                0x00001474                __bss_start = ABSOLUTE (.)
                0x00001474                PROVIDE (__sbss_start, ABSOLUTE (.))
                0x00001474                PROVIDE (___sbss_start, ABSOLUTE (.))
 *(.dynsbss)
 *(.sbss .sbss.* .gnu.linkonce.sb.*)
 .sbss          0x00001474        0x8 obj/default/hello_world_small.o
                0x00001474                dato_in
                0x00001478                tiempo
 .sbss          0x0000147c        0xc ../parpadeo3_bsp/\libhal_bsp.a(alt_main.o)
                0x0000147c                alt_argc
                0x00001480                alt_argv
                0x00001484                alt_envp
 .sbss          0x00001488        0x4 ../parpadeo3_bsp/\libhal_bsp.a(alt_sys_init.o)
                0x00001488                jtag_uart_0
 *(.sbss2 .sbss2.* .gnu.linkonce.sb2.*)
 *(.scommon)
                0x0000148c                PROVIDE (__sbss_end, ABSOLUTE (.))
                0x0000148c                PROVIDE (___sbss_end, ABSOLUTE (.))
 *(.dynbss)
 *(.bss .bss.* .gnu.linkonce.b.*)
 .bss           0x0000148c        0x0 ../parpadeo3_bsp//obj/HAL/src/crt0.o
 .bss           0x0000148c        0x0 obj/default/hello_world_small.o
 .bss           0x0000148c        0x0 ../parpadeo3_bsp/\libhal_bsp.a(alt_load.o)
 .bss           0x0000148c        0x0 ../parpadeo3_bsp/\libhal_bsp.a(alt_main.o)
 .bss           0x0000148c        0x0 ../parpadeo3_bsp/\libhal_bsp.a(alt_putstr.o)
 .bss           0x0000148c        0x0 ../parpadeo3_bsp/\libhal_bsp.a(alt_usleep.o)
 .bss           0x0000148c        0x0 ../parpadeo3_bsp/\libhal_bsp.a(alt_sys_init.o)
 .bss           0x0000148c        0x0 ../parpadeo3_bsp/\libhal_bsp.a(altera_avalon_jtag_uart_write.o)
 .bss           0x0000148c        0x0 ../parpadeo3_bsp/\libhal_bsp.a(alt_busy_sleep.o)
 .bss           0x0000148c        0x0 ../parpadeo3_bsp/\libhal_bsp.a(alt_dcache_flush_all.o)
 .bss           0x0000148c        0x0 ../parpadeo3_bsp/\libhal_bsp.a(alt_icache_flush_all.o)
 .bss           0x0000148c        0x0 ../parpadeo3_bsp/\libhal_bsp.a(altera_nios2_qsys_irq.o)
 .bss           0x0000148c        0x0 c:/altera/13.0sp1/nios2eds/bin/gnu/h-i686-mingw32/bin/../lib/gcc/nios2-elf/4.1.2/../../../../nios2-elf/lib/mno-hw-mul\libsmallc.a(lib_a-strlen.o)
 .bss           0x0000148c        0x0 c:/altera/13.0sp1/nios2eds/bin/gnu/h-i686-mingw32/bin/../lib/gcc/nios2-elf/4.1.2/mno-hw-mul\libgcc.a(lib2-divmod.o)
 .bss           0x0000148c        0x0 c:/altera/13.0sp1/nios2eds/bin/gnu/h-i686-mingw32/bin/../lib/gcc/nios2-elf/4.1.2/mno-hw-mul\libgcc.a(lib2-mul.o)
 *(COMMON)
                0x0000148c                . = ALIGN (0x4)
                0x0000148c                __bss_end = ABSOLUTE (.)

.onchip_memory2_0
                0x0000148c        0x0
                0x0000148c                PROVIDE (_alt_partition_onchip_memory2_0_start, ABSOLUTE (.))
 *(.onchip_memory2_0. onchip_memory2_0.*)
                0x0000148c                . = ALIGN (0x4)
                0x0000148c                PROVIDE (_alt_partition_onchip_memory2_0_end, ABSOLUTE (.))
                0x0000148c                _end = ABSOLUTE (.)
                0x0000148c                end = ABSOLUTE (.)
                0x0000148c                __alt_stack_base = ABSOLUTE (.)
                0x0000148c                PROVIDE (_alt_partition_onchip_memory2_0_load_addr, LOADADDR (.onchip_memory2_0))

.stab
 *(.stab)

.stabstr
 *(.stabstr)

.stab.excl
 *(.stab.excl)

.stab.exclstr
 *(.stab.exclstr)

.stab.index
 *(.stab.index)

.stab.indexstr
 *(.stab.indexstr)

.comment        0x00000000       0x26
 *(.comment)
 .comment       0x00000000       0x26 obj/default/hello_world_small.o
                                 0x27 (size before relaxing)
 .comment       0x00000000       0x27 ../parpadeo3_bsp/\libhal_bsp.a(alt_load.o)
 .comment       0x00000000       0x27 ../parpadeo3_bsp/\libhal_bsp.a(alt_main.o)
 .comment       0x00000000       0x27 ../parpadeo3_bsp/\libhal_bsp.a(alt_putstr.o)
 .comment       0x00000000       0x27 ../parpadeo3_bsp/\libhal_bsp.a(alt_usleep.o)
 .comment       0x00000000       0x27 ../parpadeo3_bsp/\libhal_bsp.a(alt_sys_init.o)
 .comment       0x00000000       0x27 ../parpadeo3_bsp/\libhal_bsp.a(altera_avalon_jtag_uart_write.o)
 .comment       0x00000000       0x27 ../parpadeo3_bsp/\libhal_bsp.a(alt_busy_sleep.o)
 .comment       0x00000000       0x27 ../parpadeo3_bsp/\libhal_bsp.a(alt_dcache_flush_all.o)
 .comment       0x00000000       0x27 ../parpadeo3_bsp/\libhal_bsp.a(alt_icache_flush_all.o)
 .comment       0x00000000       0x27 ../parpadeo3_bsp/\libhal_bsp.a(altera_nios2_qsys_irq.o)
 .comment       0x00000000       0x27 c:/altera/13.0sp1/nios2eds/bin/gnu/h-i686-mingw32/bin/../lib/gcc/nios2-elf/4.1.2/../../../../nios2-elf/lib/mno-hw-mul\libsmallc.a(lib_a-strlen.o)
 .comment       0x00000000       0x27 c:/altera/13.0sp1/nios2eds/bin/gnu/h-i686-mingw32/bin/../lib/gcc/nios2-elf/4.1.2/mno-hw-mul\libgcc.a(lib2-divmod.o)
 .comment       0x00000000       0x27 c:/altera/13.0sp1/nios2eds/bin/gnu/h-i686-mingw32/bin/../lib/gcc/nios2-elf/4.1.2/mno-hw-mul\libgcc.a(lib2-mul.o)

.debug
 *(.debug)

.line
 *(.line)

.debug_srcinfo
 *(.debug_srcinfo)

.debug_sfnames
 *(.debug_sfnames)

.debug_aranges  0x00000000      0x1e8
 *(.debug_aranges)
 .debug_aranges
                0x00000000       0x28 ../parpadeo3_bsp//obj/HAL/src/crt0.o
 .debug_aranges
                0x00000028       0x20 obj/default/hello_world_small.o
 .debug_aranges
                0x00000048       0x20 ../parpadeo3_bsp/\libhal_bsp.a(alt_load.o)
 .debug_aranges
                0x00000068       0x20 ../parpadeo3_bsp/\libhal_bsp.a(alt_main.o)
 .debug_aranges
                0x00000088       0x20 ../parpadeo3_bsp/\libhal_bsp.a(alt_putstr.o)
 .debug_aranges
                0x000000a8       0x20 ../parpadeo3_bsp/\libhal_bsp.a(alt_usleep.o)
 .debug_aranges
                0x000000c8       0x20 ../parpadeo3_bsp/\libhal_bsp.a(alt_sys_init.o)
 .debug_aranges
                0x000000e8       0x20 ../parpadeo3_bsp/\libhal_bsp.a(altera_avalon_jtag_uart_write.o)
 .debug_aranges
                0x00000108       0x20 ../parpadeo3_bsp/\libhal_bsp.a(alt_busy_sleep.o)
 .debug_aranges
                0x00000128       0x20 ../parpadeo3_bsp/\libhal_bsp.a(alt_dcache_flush_all.o)
 .debug_aranges
                0x00000148       0x20 ../parpadeo3_bsp/\libhal_bsp.a(alt_icache_flush_all.o)
 .debug_aranges
                0x00000168       0x20 ../parpadeo3_bsp/\libhal_bsp.a(altera_nios2_qsys_irq.o)
 .debug_aranges
                0x00000188       0x20 c:/altera/13.0sp1/nios2eds/bin/gnu/h-i686-mingw32/bin/../lib/gcc/nios2-elf/4.1.2/../../../../nios2-elf/lib/mno-hw-mul\libsmallc.a(lib_a-strlen.o)
 .debug_aranges
                0x000001a8       0x20 c:/altera/13.0sp1/nios2eds/bin/gnu/h-i686-mingw32/bin/../lib/gcc/nios2-elf/4.1.2/mno-hw-mul\libgcc.a(lib2-divmod.o)
 .debug_aranges
                0x000001c8       0x20 c:/altera/13.0sp1/nios2eds/bin/gnu/h-i686-mingw32/bin/../lib/gcc/nios2-elf/4.1.2/mno-hw-mul\libgcc.a(lib2-mul.o)

.debug_pubnames
                0x00000000      0x27d
 *(.debug_pubnames)
 .debug_pubnames
                0x00000000       0x32 obj/default/hello_world_small.o
 .debug_pubnames
                0x00000032       0x1f ../parpadeo3_bsp/\libhal_bsp.a(alt_load.o)
 .debug_pubnames
                0x00000051       0x46 ../parpadeo3_bsp/\libhal_bsp.a(alt_main.o)
 .debug_pubnames
                0x00000097       0x21 ../parpadeo3_bsp/\libhal_bsp.a(alt_putstr.o)
 .debug_pubnames
                0x000000b8       0x1d ../parpadeo3_bsp/\libhal_bsp.a(alt_usleep.o)
 .debug_pubnames
                0x000000d5       0x44 ../parpadeo3_bsp/\libhal_bsp.a(alt_sys_init.o)
 .debug_pubnames
                0x00000119       0x34 ../parpadeo3_bsp/\libhal_bsp.a(altera_avalon_jtag_uart_write.o)
 .debug_pubnames
                0x0000014d       0x25 ../parpadeo3_bsp/\libhal_bsp.a(alt_busy_sleep.o)
 .debug_pubnames
                0x00000172       0x2b ../parpadeo3_bsp/\libhal_bsp.a(alt_dcache_flush_all.o)
 .debug_pubnames
                0x0000019d       0x2b ../parpadeo3_bsp/\libhal_bsp.a(alt_icache_flush_all.o)
 .debug_pubnames
                0x000001c8       0x31 ../parpadeo3_bsp/\libhal_bsp.a(altera_nios2_qsys_irq.o)
 .debug_pubnames
                0x000001f9       0x1d c:/altera/13.0sp1/nios2eds/bin/gnu/h-i686-mingw32/bin/../lib/gcc/nios2-elf/4.1.2/../../../../nios2-elf/lib/mno-hw-mul\libsmallc.a(lib_a-strlen.o)
 .debug_pubnames
                0x00000216       0x48 c:/altera/13.0sp1/nios2eds/bin/gnu/h-i686-mingw32/bin/../lib/gcc/nios2-elf/4.1.2/mno-hw-mul\libgcc.a(lib2-divmod.o)
 .debug_pubnames
                0x0000025e       0x1f c:/altera/13.0sp1/nios2eds/bin/gnu/h-i686-mingw32/bin/../lib/gcc/nios2-elf/4.1.2/mno-hw-mul\libgcc.a(lib2-mul.o)

.debug_info     0x00000000      0xe1d
 *(.debug_info .gnu.linkonce.wi.*)
 .debug_info    0x00000000       0x65 ../parpadeo3_bsp//obj/HAL/src/crt0.o
 .debug_info    0x00000065       0xa1 obj/default/hello_world_small.o
 .debug_info    0x00000106      0x12e ../parpadeo3_bsp/\libhal_bsp.a(alt_load.o)
 .debug_info    0x00000234      0x125 ../parpadeo3_bsp/\libhal_bsp.a(alt_main.o)
 .debug_info    0x00000359       0xc5 ../parpadeo3_bsp/\libhal_bsp.a(alt_putstr.o)
 .debug_info    0x0000041e       0xab ../parpadeo3_bsp/\libhal_bsp.a(alt_usleep.o)
 .debug_info    0x000004c9      0x17d ../parpadeo3_bsp/\libhal_bsp.a(alt_sys_init.o)
 .debug_info    0x00000646      0x18f ../parpadeo3_bsp/\libhal_bsp.a(altera_avalon_jtag_uart_write.o)
 .debug_info    0x000007d5       0xd0 ../parpadeo3_bsp/\libhal_bsp.a(alt_busy_sleep.o)
 .debug_info    0x000008a5       0x8d ../parpadeo3_bsp/\libhal_bsp.a(alt_dcache_flush_all.o)
 .debug_info    0x00000932       0x8d ../parpadeo3_bsp/\libhal_bsp.a(alt_icache_flush_all.o)
 .debug_info    0x000009bf       0x8d ../parpadeo3_bsp/\libhal_bsp.a(altera_nios2_qsys_irq.o)
 .debug_info    0x00000a4c       0xc2 c:/altera/13.0sp1/nios2eds/bin/gnu/h-i686-mingw32/bin/../lib/gcc/nios2-elf/4.1.2/../../../../nios2-elf/lib/mno-hw-mul\libsmallc.a(lib_a-strlen.o)
 .debug_info    0x00000b0e      0x21c c:/altera/13.0sp1/nios2eds/bin/gnu/h-i686-mingw32/bin/../lib/gcc/nios2-elf/4.1.2/mno-hw-mul\libgcc.a(lib2-divmod.o)
 .debug_info    0x00000d2a       0xf3 c:/altera/13.0sp1/nios2eds/bin/gnu/h-i686-mingw32/bin/../lib/gcc/nios2-elf/4.1.2/mno-hw-mul\libgcc.a(lib2-mul.o)

.debug_abbrev   0x00000000      0x752
 *(.debug_abbrev)
 .debug_abbrev  0x00000000       0x12 ../parpadeo3_bsp//obj/HAL/src/crt0.o
 .debug_abbrev  0x00000012       0x4c obj/default/hello_world_small.o
 .debug_abbrev  0x0000005e       0x97 ../parpadeo3_bsp/\libhal_bsp.a(alt_load.o)
 .debug_abbrev  0x000000f5       0xa6 ../parpadeo3_bsp/\libhal_bsp.a(alt_main.o)
 .debug_abbrev  0x0000019b       0x7c ../parpadeo3_bsp/\libhal_bsp.a(alt_putstr.o)
 .debug_abbrev  0x00000217       0x5d ../parpadeo3_bsp/\libhal_bsp.a(alt_usleep.o)
 .debug_abbrev  0x00000274       0xe3 ../parpadeo3_bsp/\libhal_bsp.a(alt_sys_init.o)
 .debug_abbrev  0x00000357       0xf0 ../parpadeo3_bsp/\libhal_bsp.a(altera_avalon_jtag_uart_write.o)
 .debug_abbrev  0x00000447       0x79 ../parpadeo3_bsp/\libhal_bsp.a(alt_busy_sleep.o)
 .debug_abbrev  0x000004c0       0x3f ../parpadeo3_bsp/\libhal_bsp.a(alt_dcache_flush_all.o)
 .debug_abbrev  0x000004ff       0x3f ../parpadeo3_bsp/\libhal_bsp.a(alt_icache_flush_all.o)
 .debug_abbrev  0x0000053e       0x3f ../parpadeo3_bsp/\libhal_bsp.a(altera_nios2_qsys_irq.o)
 .debug_abbrev  0x0000057d       0x7a c:/altera/13.0sp1/nios2eds/bin/gnu/h-i686-mingw32/bin/../lib/gcc/nios2-elf/4.1.2/../../../../nios2-elf/lib/mno-hw-mul\libsmallc.a(lib_a-strlen.o)
 .debug_abbrev  0x000005f7       0xe0 c:/altera/13.0sp1/nios2eds/bin/gnu/h-i686-mingw32/bin/../lib/gcc/nios2-elf/4.1.2/mno-hw-mul\libgcc.a(lib2-divmod.o)
 .debug_abbrev  0x000006d7       0x7b c:/altera/13.0sp1/nios2eds/bin/gnu/h-i686-mingw32/bin/../lib/gcc/nios2-elf/4.1.2/mno-hw-mul\libgcc.a(lib2-mul.o)

.debug_line     0x00000000     0x1d78
 *(.debug_line)
 .debug_line    0x00000000       0x66 ../parpadeo3_bsp//obj/HAL/src/crt0.o
 .debug_line    0x00000066      0x158 obj/default/hello_world_small.o
 .debug_line    0x000001be      0x217 ../parpadeo3_bsp/\libhal_bsp.a(alt_load.o)
 .debug_line    0x000003d5      0x2c2 ../parpadeo3_bsp/\libhal_bsp.a(alt_main.o)
 .debug_line    0x00000697      0x1d9 ../parpadeo3_bsp/\libhal_bsp.a(alt_putstr.o)
 .debug_line    0x00000870      0x202 ../parpadeo3_bsp/\libhal_bsp.a(alt_usleep.o)
 .debug_line    0x00000a72      0x2c3 ../parpadeo3_bsp/\libhal_bsp.a(alt_sys_init.o)
 .debug_line    0x00000d35      0x2f4 ../parpadeo3_bsp/\libhal_bsp.a(altera_avalon_jtag_uart_write.o)
 .debug_line    0x00001029      0x25e ../parpadeo3_bsp/\libhal_bsp.a(alt_busy_sleep.o)
 .debug_line    0x00001287      0x1b5 ../parpadeo3_bsp/\libhal_bsp.a(alt_dcache_flush_all.o)
 .debug_line    0x0000143c      0x1b5 ../parpadeo3_bsp/\libhal_bsp.a(alt_icache_flush_all.o)
 .debug_line    0x000015f1      0x1ce ../parpadeo3_bsp/\libhal_bsp.a(altera_nios2_qsys_irq.o)
 .debug_line    0x000017bf      0x250 c:/altera/13.0sp1/nios2eds/bin/gnu/h-i686-mingw32/bin/../lib/gcc/nios2-elf/4.1.2/../../../../nios2-elf/lib/mno-hw-mul\libsmallc.a(lib_a-strlen.o)
 .debug_line    0x00001a0f      0x24f c:/altera/13.0sp1/nios2eds/bin/gnu/h-i686-mingw32/bin/../lib/gcc/nios2-elf/4.1.2/mno-hw-mul\libgcc.a(lib2-divmod.o)
 .debug_line    0x00001c5e      0x11a c:/altera/13.0sp1/nios2eds/bin/gnu/h-i686-mingw32/bin/../lib/gcc/nios2-elf/4.1.2/mno-hw-mul\libgcc.a(lib2-mul.o)

.debug_frame    0x00000000      0x260
 *(.debug_frame)
 .debug_frame   0x00000000       0x28 obj/default/hello_world_small.o
 .debug_frame   0x00000028       0x38 ../parpadeo3_bsp/\libhal_bsp.a(alt_load.o)
 .debug_frame   0x00000060       0x28 ../parpadeo3_bsp/\libhal_bsp.a(alt_main.o)
 .debug_frame   0x00000088       0x28 ../parpadeo3_bsp/\libhal_bsp.a(alt_putstr.o)
 .debug_frame   0x000000b0       0x20 ../parpadeo3_bsp/\libhal_bsp.a(alt_usleep.o)
 .debug_frame   0x000000d0       0x38 ../parpadeo3_bsp/\libhal_bsp.a(alt_sys_init.o)
 .debug_frame   0x00000108       0x20 ../parpadeo3_bsp/\libhal_bsp.a(altera_avalon_jtag_uart_write.o)
 .debug_frame   0x00000128       0x28 ../parpadeo3_bsp/\libhal_bsp.a(alt_busy_sleep.o)
 .debug_frame   0x00000150       0x20 ../parpadeo3_bsp/\libhal_bsp.a(alt_dcache_flush_all.o)
 .debug_frame   0x00000170       0x20 ../parpadeo3_bsp/\libhal_bsp.a(alt_icache_flush_all.o)
 .debug_frame   0x00000190       0x20 ../parpadeo3_bsp/\libhal_bsp.a(altera_nios2_qsys_irq.o)
 .debug_frame   0x000001b0       0x20 c:/altera/13.0sp1/nios2eds/bin/gnu/h-i686-mingw32/bin/../lib/gcc/nios2-elf/4.1.2/../../../../nios2-elf/lib/mno-hw-mul\libsmallc.a(lib_a-strlen.o)
 .debug_frame   0x000001d0       0x70 c:/altera/13.0sp1/nios2eds/bin/gnu/h-i686-mingw32/bin/../lib/gcc/nios2-elf/4.1.2/mno-hw-mul\libgcc.a(lib2-divmod.o)
 .debug_frame   0x00000240       0x20 c:/altera/13.0sp1/nios2eds/bin/gnu/h-i686-mingw32/bin/../lib/gcc/nios2-elf/4.1.2/mno-hw-mul\libgcc.a(lib2-mul.o)

.debug_str      0x00000000      0x6a7
 *(.debug_str)
 .debug_str     0x00000000       0xaf obj/default/hello_world_small.o
                                 0xdb (size before relaxing)
 .debug_str     0x000000af      0x125 ../parpadeo3_bsp/\libhal_bsp.a(alt_load.o)
                                0x1ba (size before relaxing)
 .debug_str     0x000001d4       0x75 ../parpadeo3_bsp/\libhal_bsp.a(alt_main.o)
                                0x13e (size before relaxing)
 .debug_str     0x00000249       0x4c ../parpadeo3_bsp/\libhal_bsp.a(alt_putstr.o)
                                0x115 (size before relaxing)
 .debug_str     0x00000295       0x27 ../parpadeo3_bsp/\libhal_bsp.a(alt_usleep.o)
                                 0xf0 (size before relaxing)
 .debug_str     0x000002bc       0x85 ../parpadeo3_bsp/\libhal_bsp.a(alt_sys_init.o)
                                0x1b3 (size before relaxing)
 .debug_str     0x00000341       0x56 ../parpadeo3_bsp/\libhal_bsp.a(altera_avalon_jtag_uart_write.o)
                                0x1b6 (size before relaxing)
 .debug_str     0x00000397       0x42 ../parpadeo3_bsp/\libhal_bsp.a(alt_busy_sleep.o)
                                0x113 (size before relaxing)
 .debug_str     0x000003d9       0x34 ../parpadeo3_bsp/\libhal_bsp.a(alt_dcache_flush_all.o)
                                 0xfd (size before relaxing)
 .debug_str     0x0000040d       0x34 ../parpadeo3_bsp/\libhal_bsp.a(alt_icache_flush_all.o)
                                 0xfd (size before relaxing)
 .debug_str     0x00000441       0x3b ../parpadeo3_bsp/\libhal_bsp.a(altera_nios2_qsys_irq.o)
                                0x104 (size before relaxing)
 .debug_str     0x0000047c       0xe9 c:/altera/13.0sp1/nios2eds/bin/gnu/h-i686-mingw32/bin/../lib/gcc/nios2-elf/4.1.2/../../../../nios2-elf/lib/mno-hw-mul\libsmallc.a(lib_a-strlen.o)
                                0x184 (size before relaxing)
 .debug_str     0x00000565      0x10b c:/altera/13.0sp1/nios2eds/bin/gnu/h-i686-mingw32/bin/../lib/gcc/nios2-elf/4.1.2/mno-hw-mul\libgcc.a(lib2-divmod.o)
                                0x1b4 (size before relaxing)
 .debug_str     0x00000670       0x37 c:/altera/13.0sp1/nios2eds/bin/gnu/h-i686-mingw32/bin/../lib/gcc/nios2-elf/4.1.2/mno-hw-mul\libgcc.a(lib2-mul.o)
                                0x175 (size before relaxing)

.debug_loc      0x00000000      0x39f
 *(.debug_loc)
 .debug_loc     0x00000000       0x1f obj/default/hello_world_small.o
 .debug_loc     0x0000001f       0x1f ../parpadeo3_bsp/\libhal_bsp.a(alt_load.o)
 .debug_loc     0x0000003e       0x1f ../parpadeo3_bsp/\libhal_bsp.a(alt_main.o)
 .debug_loc     0x0000005d       0x48 ../parpadeo3_bsp/\libhal_bsp.a(alt_putstr.o)
 .debug_loc     0x000000a5       0x13 ../parpadeo3_bsp/\libhal_bsp.a(alt_usleep.o)
 .debug_loc     0x000000b8       0x32 ../parpadeo3_bsp/\libhal_bsp.a(alt_sys_init.o)
 .debug_loc     0x000000ea       0x26 ../parpadeo3_bsp/\libhal_bsp.a(altera_avalon_jtag_uart_write.o)
 .debug_loc     0x00000110       0x50 ../parpadeo3_bsp/\libhal_bsp.a(alt_busy_sleep.o)
 .debug_loc     0x00000160       0x1e c:/altera/13.0sp1/nios2eds/bin/gnu/h-i686-mingw32/bin/../lib/gcc/nios2-elf/4.1.2/../../../../nios2-elf/lib/mno-hw-mul\libsmallc.a(lib_a-strlen.o)
 .debug_loc     0x0000017e      0x1d2 c:/altera/13.0sp1/nios2eds/bin/gnu/h-i686-mingw32/bin/../lib/gcc/nios2-elf/4.1.2/mno-hw-mul\libgcc.a(lib2-divmod.o)
 .debug_loc     0x00000350       0x4f c:/altera/13.0sp1/nios2eds/bin/gnu/h-i686-mingw32/bin/../lib/gcc/nios2-elf/4.1.2/mno-hw-mul\libgcc.a(lib2-mul.o)

.debug_macinfo
 *(.debug_macinfo)

.debug_weaknames
 *(.debug_weaknames)

.debug_funcnames
 *(.debug_funcnames)

.debug_typenames
 *(.debug_typenames)

.debug_varnames
 *(.debug_varnames)

.debug_alt_sim_info
                0x00000000       0x40
 *(.debug_alt_sim_info)
 .debug_alt_sim_info
                0x00000000       0x10 ../parpadeo3_bsp//obj/HAL/src/crt0.o
 .debug_alt_sim_info
                0x00000010       0x30 ../parpadeo3_bsp/\libhal_bsp.a(alt_busy_sleep.o)
                0x00002000                __alt_data_end = 0x2000
                0x00002000                PROVIDE (__alt_stack_pointer, __alt_data_end)
                0x0000148c                PROVIDE (__alt_stack_limit, __alt_stack_base)
                0x0000148c                PROVIDE (__alt_heap_start, end)
                0x00002000                PROVIDE (__alt_heap_limit, 0x2000)
OUTPUT(parpadeo3.elf elf32-littlenios2)

.debug_ranges   0x00000000       0x20
 .debug_ranges  0x00000000       0x20 ../parpadeo3_bsp//obj/HAL/src/crt0.o
