Archive member included because of file (symbol)

c:/altera/13.0sp1/nios2eds/bin/gnu/h-i686-mingw32/bin/../lib/gcc/nios2-elf/4.1.2/../../../../nios2-elf/lib/mno-hw-mul\libc.a(lib_a-puts.o)
                              obj/default/hello_world.o (puts)
c:/altera/13.0sp1/nios2eds/bin/gnu/h-i686-mingw32/bin/../lib/gcc/nios2-elf/4.1.2/../../../../nios2-elf/lib/mno-hw-mul\libc.a(lib_a-strlen.o)
                              c:/altera/13.0sp1/nios2eds/bin/gnu/h-i686-mingw32/bin/../lib/gcc/nios2-elf/4.1.2/../../../../nios2-elf/lib/mno-hw-mul\libc.a(lib_a-puts.o) (strlen)
c:/altera/13.0sp1/nios2eds/bin/gnu/h-i686-mingw32/bin/../lib/gcc/nios2-elf/4.1.2/../../../../nios2-elf/lib/mno-hw-mul\libc.a(lib_a-fvwrite.o)
                              c:/altera/13.0sp1/nios2eds/bin/gnu/h-i686-mingw32/bin/../lib/gcc/nios2-elf/4.1.2/../../../../nios2-elf/lib/mno-hw-mul\libc.a(lib_a-puts.o) (__sfvwrite_r)
c:/altera/13.0sp1/nios2eds/bin/gnu/h-i686-mingw32/bin/../lib/gcc/nios2-elf/4.1.2/../../../../nios2-elf/lib/mno-hw-mul\libc.a(lib_a-impure.o)
                              c:/altera/13.0sp1/nios2eds/bin/gnu/h-i686-mingw32/bin/../lib/gcc/nios2-elf/4.1.2/../../../../nios2-elf/lib/mno-hw-mul\libc.a(lib_a-puts.o) (_impure_ptr)
c:/altera/13.0sp1/nios2eds/bin/gnu/h-i686-mingw32/bin/../lib/gcc/nios2-elf/4.1.2/../../../../nios2-elf/lib/mno-hw-mul\libc.a(lib_a-mallocr.o)
                              c:/altera/13.0sp1/nios2eds/bin/gnu/h-i686-mingw32/bin/../lib/gcc/nios2-elf/4.1.2/../../../../nios2-elf/lib/mno-hw-mul\libc.a(lib_a-fvwrite.o) (_malloc_r)
c:/altera/13.0sp1/nios2eds/bin/gnu/h-i686-mingw32/bin/../lib/gcc/nios2-elf/4.1.2/../../../../nios2-elf/lib/mno-hw-mul\libc.a(lib_a-memchr.o)
                              c:/altera/13.0sp1/nios2eds/bin/gnu/h-i686-mingw32/bin/../lib/gcc/nios2-elf/4.1.2/../../../../nios2-elf/lib/mno-hw-mul\libc.a(lib_a-fvwrite.o) (memchr)
c:/altera/13.0sp1/nios2eds/bin/gnu/h-i686-mingw32/bin/../lib/gcc/nios2-elf/4.1.2/../../../../nios2-elf/lib/mno-hw-mul\libc.a(lib_a-memcpy.o)
                              c:/altera/13.0sp1/nios2eds/bin/gnu/h-i686-mingw32/bin/../lib/gcc/nios2-elf/4.1.2/../../../../nios2-elf/lib/mno-hw-mul\libc.a(lib_a-fvwrite.o) (memcpy)
c:/altera/13.0sp1/nios2eds/bin/gnu/h-i686-mingw32/bin/../lib/gcc/nios2-elf/4.1.2/../../../../nios2-elf/lib/mno-hw-mul\libc.a(lib_a-memmove.o)
                              c:/altera/13.0sp1/nios2eds/bin/gnu/h-i686-mingw32/bin/../lib/gcc/nios2-elf/4.1.2/../../../../nios2-elf/lib/mno-hw-mul\libc.a(lib_a-fvwrite.o) (memmove)
c:/altera/13.0sp1/nios2eds/bin/gnu/h-i686-mingw32/bin/../lib/gcc/nios2-elf/4.1.2/../../../../nios2-elf/lib/mno-hw-mul\libc.a(lib_a-reallocr.o)
                              c:/altera/13.0sp1/nios2eds/bin/gnu/h-i686-mingw32/bin/../lib/gcc/nios2-elf/4.1.2/../../../../nios2-elf/lib/mno-hw-mul\libc.a(lib_a-fvwrite.o) (_realloc_r)
c:/altera/13.0sp1/nios2eds/bin/gnu/h-i686-mingw32/bin/../lib/gcc/nios2-elf/4.1.2/../../../../nios2-elf/lib/mno-hw-mul\libc.a(lib_a-sbrkr.o)
                              c:/altera/13.0sp1/nios2eds/bin/gnu/h-i686-mingw32/bin/../lib/gcc/nios2-elf/4.1.2/../../../../nios2-elf/lib/mno-hw-mul\libc.a(lib_a-mallocr.o) (_sbrk_r)
c:/altera/13.0sp1/nios2eds/bin/gnu/h-i686-mingw32/bin/../lib/gcc/nios2-elf/4.1.2/../../../../nios2-elf/lib/mno-hw-mul\libc.a(lib_a-wsetup.o)
                              c:/altera/13.0sp1/nios2eds/bin/gnu/h-i686-mingw32/bin/../lib/gcc/nios2-elf/4.1.2/../../../../nios2-elf/lib/mno-hw-mul\libc.a(lib_a-fvwrite.o) (__swsetup_r)
c:/altera/13.0sp1/nios2eds/bin/gnu/h-i686-mingw32/bin/../lib/gcc/nios2-elf/4.1.2/../../../../nios2-elf/lib/mno-hw-mul\libc.a(lib_a-fflush.o)
                              c:/altera/13.0sp1/nios2eds/bin/gnu/h-i686-mingw32/bin/../lib/gcc/nios2-elf/4.1.2/../../../../nios2-elf/lib/mno-hw-mul\libc.a(lib_a-fvwrite.o) (_fflush_r)
c:/altera/13.0sp1/nios2eds/bin/gnu/h-i686-mingw32/bin/../lib/gcc/nios2-elf/4.1.2/../../../../nios2-elf/lib/mno-hw-mul\libc.a(lib_a-findfp.o)
                              c:/altera/13.0sp1/nios2eds/bin/gnu/h-i686-mingw32/bin/../lib/gcc/nios2-elf/4.1.2/../../../../nios2-elf/lib/mno-hw-mul\libc.a(lib_a-wsetup.o) (__sinit)
c:/altera/13.0sp1/nios2eds/bin/gnu/h-i686-mingw32/bin/../lib/gcc/nios2-elf/4.1.2/../../../../nios2-elf/lib/mno-hw-mul\libc.a(lib_a-freer.o)
                              c:/altera/13.0sp1/nios2eds/bin/gnu/h-i686-mingw32/bin/../lib/gcc/nios2-elf/4.1.2/../../../../nios2-elf/lib/mno-hw-mul\libc.a(lib_a-fvwrite.o) (_free_r)
c:/altera/13.0sp1/nios2eds/bin/gnu/h-i686-mingw32/bin/../lib/gcc/nios2-elf/4.1.2/../../../../nios2-elf/lib/mno-hw-mul\libc.a(lib_a-fwalk.o)
                              c:/altera/13.0sp1/nios2eds/bin/gnu/h-i686-mingw32/bin/../lib/gcc/nios2-elf/4.1.2/../../../../nios2-elf/lib/mno-hw-mul\libc.a(lib_a-fflush.o) (_fwalk_reent)
c:/altera/13.0sp1/nios2eds/bin/gnu/h-i686-mingw32/bin/../lib/gcc/nios2-elf/4.1.2/../../../../nios2-elf/lib/mno-hw-mul\libc.a(lib_a-int_errno.o)
[...]
Memory Configuration

Name             Origin             Length             Attributes
reset            0x00001000         0x00000020
onchip_memory2_0 0x00001020         0x00000fe0
*default*        0x00000000         0xffffffff

Linker script and memory map

LOAD ../parpadeo_bsp//obj/HAL/src/crt0.o
LOAD obj/default/hello_world.o
LOAD c:/altera/13.0sp1/nios2eds/bin/gnu/h-i686-mingw32/bin/../lib/gcc/nios2-elf/4.1.2/../../../../nios2-elf/lib/mno-hw-mul\libstdc++.a
LOAD c:/altera/13.0sp1/nios2eds/bin/gnu/h-i686-mingw32/bin/../lib/gcc/nios2-elf/4.1.2/../../../../nios2-elf/lib/mno-hw-mul\libm.a
LOAD c:/altera/13.0sp1/nios2eds/bin/gnu/h-i686-mingw32/bin/../lib/gcc/nios2-elf/4.1.2/mno-hw-mul\libgcc.a
START GROUP
LOAD c:/altera/13.0sp1/nios2eds/bin/gnu/h-i686-mingw32/bin/../lib/gcc/nios2-elf/4.1.2/../../../../nios2-elf/lib/mno-hw-mul\libc.a
LOAD c:/altera/13.0sp1/nios2eds/bin/gnu/h-i686-mingw32/bin/../lib/gcc/nios2-elf/4.1.2/mno-hw-mul\libgcc.a
LOAD ../parpadeo_bsp/\libhal_bsp.a
END GROUP
LOAD c:/altera/13.0sp1/nios2eds/bin/gnu/h-i686-mingw32/bin/../lib/gcc/nios2-elf/4.1.2/mno-hw-mul\libgcc.a
                0x00001000                __alt_mem_onchip_memory2_0 = 0x1000

.entry          0x00001000       0x20
 *(.entry)
 .entry         0x00001000       0x20 ../parpadeo_bsp//obj/HAL/src/crt0.o
                0x00001000                __reset

.exceptions     0x00001020      0x194
                0x00001020                PROVIDE (__ram_exceptions_start, ABSOLUTE (.))
                0x00001020                . = ALIGN (0x20)
 *(.irq)
 *(.exceptions.entry.label)
 .exceptions.entry.label
                0x00001020        0x0 ../parpadeo_bsp/\libhal_bsp.a(alt_irq_entry.o)
                0x00001020                alt_irq_entry
 .exceptions.entry.label
                0x00001020        0x0 ../parpadeo_bsp/\libhal_bsp.a(alt_exception_entry.o)
                0x00001020                alt_exception
 *(.exceptions.entry.user)
 *(.exceptions.entry)
 .exceptions.entry
                0x00001020       0x54 ../parpadeo_bsp/\libhal_bsp.a(alt_exception_entry.o)
 *(.exceptions.irqtest.user)
 *(.exceptions.irqtest)
 .exceptions.irqtest
                0x00001074       0x10 ../parpadeo_bsp/\libhal_bsp.a(alt_irq_entry.o)
 *(.exceptions.irqhandler.user)
 *(.exceptions.irqhandler)
 .exceptions.irqhandler
                0x00001084        0x4 ../parpadeo_bsp/\libhal_bsp.a(alt_irq_entry.o)
 *(.exceptions.irqreturn.user)
 *(.exceptions.irqreturn)
 .exceptions.irqreturn
                0x00001088        0x4 ../parpadeo_bsp/\libhal_bsp.a(alt_irq_entry.o)
 *(.exceptions.notirq.label)
 .exceptions.notirq.label
                0x0000108c        0x0 ../parpadeo_bsp/\libhal_bsp.a(alt_irq_entry.o)
 *(.exceptions.notirq.user)
 *(.exceptions.notirq)
 .exceptions.notirq
                0x0000108c        0x8 ../parpadeo_bsp/\libhal_bsp.a(alt_exception_entry.o)
 *(.exceptions.soft.user)
 *(.exceptions.soft)
 *(.exceptions.unknown.user)
 *(.exceptions.unknown)
 .exceptions.unknown
                0x00001094        0x4 ../parpadeo_bsp/\libhal_bsp.a(alt_exception_entry.o)
 *(.exceptions.exit.label)
 .exceptions.exit.label
                0x00001098        0x0 ../parpadeo_bsp/\libhal_bsp.a(alt_irq_entry.o)
 .exceptions.exit.label
                0x00001098        0x0 ../parpadeo_bsp/\libhal_bsp.a(alt_exception_entry.o)
 *(.exceptions.exit.user)
 *(.exceptions.exit)
 .exceptions.exit
                0x00001098       0x54 ../parpadeo_bsp/\libhal_bsp.a(alt_exception_entry.o)
 *(.exceptions)
 .exceptions    0x000010ec       0xc8 ../parpadeo_bsp/\libhal_bsp.a(alt_irq_handler.o)
                0x000010ec                alt_irq_handler
                0x000011b4                PROVIDE (__ram_exceptions_end, ABSOLUTE (.))
                0x00001020                PROVIDE (__flash_exceptions_start, LOADADDR (.exceptions))

.text           0x000011b4     0x6628
                0x000011b4                PROVIDE (stext, ABSOLUTE (.))
 *(.interp)
 *(.hash)
 *(.dynsym)
 *(.dynstr)
 *(.gnu.version)
 *(.gnu.version_d)
 *(.gnu.version_r)
 *(.rel.init)
 *(.rela.init)
 *(.rel.text .rel.text.* .rel.gnu.linkonce.t.*)
 *(.rela.text .rela.text.* .rela.gnu.linkonce.t.*)
 *(.rel.fini)
 *(.rela.fini)
 *(.rel.rodata .rel.rodata.* .rel.gnu.linkonce.r.*)
 *(.rela.rodata .rela.rodata.* .rela.gnu.linkonce.r.*)
 *(.rel.data .rel.data.* .rel.gnu.linkonce.d.*)
 *(.rela.data .rela.data.* .rela.gnu.linkonce.d.*)
 *(.rel.tdata .rel.tdata.* .rel.gnu.linkonce.td.*)
 *(.rela.tdata .rela.tdata.* .rela.gnu.linkonce.td.*)
 *(.rel.tbss .rel.tbss.* .rel.gnu.linkonce.tb.*)
 *(.rela.tbss .rela.tbss.* .rela.gnu.linkonce.tb.*)
 *(.rel.ctors)
 *(.rela.ctors)
 *(.rel.dtors)
 *(.rela.dtors)
 *(.rel.got)
 *(.rela.got)
 *(.rel.sdata .rel.sdata.* .rel.gnu.linkonce.s.*)
 *(.rela.sdata .rela.sdata.* .rela.gnu.linkonce.s.*)
 *(.rel.sbss .rel.sbss.* .rel.gnu.linkonce.sb.*)
 *(.rela.sbss .rela.sbss.* .rela.gnu.linkonce.sb.*)
 *(.rel.sdata2 .rel.sdata2.* .rel.gnu.linkonce.s2.*)
 *(.rela.sdata2 .rela.sdata2.* .rela.gnu.linkonce.s2.*)
 *(.rel.sbss2 .rel.sbss2.* .rel.gnu.linkonce.sb2.*)
 *(.rela.sbss2 .rela.sbss2.* .rela.gnu.linkonce.sb2.*)
 *(.rel.bss .rel.bss.* .rel.gnu.linkonce.b.*)
 *(.rela.bss .rela.bss.* .rela.gnu.linkonce.b.*)
 *(.rel.plt)
 *(.rela.plt)
 *(.rel.dyn)
 *(.init)
 *(.plt)
 *(.text .stub .text.* .gnu.linkonce.t.*)
 .text          0x000011b4       0x3c ../parpadeo_bsp//obj/HAL/src/crt0.o
                0x000011b4                _start
 .text          0x000011f0       0x80 obj/default/hello_world.o
                0x000011f0                main
 .text          0x00001270       0xb4 c:/altera/13.0sp1/nios2eds/bin/gnu/h-i686-mingw32/bin/../lib/gcc/nios2-elf/4.1.2/../../../../nios2-elf/lib/mno-hw-mul\libc.a(lib_a-puts.o)
                0x00001270                _puts_r
                0x00001310                puts
 .text          0x00001324       0x74 c:/altera/13.0sp1/nios2eds/bin/gnu/h-i686-mingw32/bin/../lib/gcc/nios2-elf/4.1.2/../../../../nios2-elf/lib/mno-hw-mul\libc.a(lib_a-strlen.o)
                0x00001324                strlen
 .text          0x00001398      0x49c c:/altera/13.0sp1/nios2eds/bin/gnu/h-i686-mingw32/bin/../lib/gcc/nios2-elf/4.1.2/../../../../nios2-elf/lib/mno-hw-mul\libc.a(lib_a-fvwrite.o)
                0x00001398                __sfvwrite_r
 .text          0x00001834        0x0 c:/altera/13.0sp1/nios2eds/bin/gnu/h-i686-mingw32/bin/../lib/gcc/nios2-elf/4.1.2/../../../../nios2-elf/lib/mno-hw-mul\libc.a(lib_a-impure.o)
 .text          0x00001834      0x740 c:/altera/13.0sp1/nios2eds/bin/gnu/h-i686-mingw32/bin/../lib/gcc/nios2-elf/4.1.2/../../../../nios2-elf/lib/mno-hw-mul\libc.a(lib_a-mallocr.o)
                0x00001834                _malloc_r
 .text          0x00001f74       0xe4 c:/altera/13.0sp1/nios2eds/bin/gnu/h-i686-mingw32/bin/../lib/gcc/nios2-elf/4.1.2/../../../../nios2-elf/lib/mno-hw-mul\libc.a(lib_a-memchr.o)
                0x00001f74                memchr
 .text          0x00002058       0xa0 c:/altera/13.0sp1/nios2eds/bin/gnu/h-i686-mingw32/bin/../lib/gcc/nios2-elf/4.1.2/../../../../nios2-elf/lib/mno-hw-mul\libc.a(lib_a-memcpy.o)
                0x00002058                memcpy
 .text          0x000020f8       0xe0 c:/altera/13.0sp1/nios2eds/bin/gnu/h-i686-mingw32/bin/../lib/gcc/nios2-elf/4.1.2/../../../../nios2-elf/lib/mno-hw-mul\libc.a(lib_a-memmove.o)
                0x000020f8                memmove
 .text          0x000021d8      0x5f4 c:/altera/13.0sp1/nios2eds/bin/gnu/h-i686-mingw32/bin/../lib/gcc/nios2-elf/4.1.2/../../../../nios2-elf/lib/mno-hw-mul\libc.a(lib_a-reallocr.o)
                0x000021d8                _realloc_r
 .text          0x000027cc       0x70 c:/altera/13.0sp1/nios2eds/bin/gnu/h-i686-mingw32/bin/../lib/gcc/nios2-elf/4.1.2/../../../../nios2-elf/lib/mno-hw-mul\libc.a(lib_a-sbrkr.o)
                0x000027cc                _sbrk_r
 .text          0x0000283c      0x13c c:/altera/13.0sp1/nios2eds/bin/gnu/h-i686-mingw32/bin/../lib/gcc/nios2-elf/4.1.2/../../../../nios2-elf/lib/mno-hw-mul\libc.a(lib_a-wsetup.o)
                0x0000283c                __swsetup_r
 .text          0x00002978      0x230 c:/altera/13.0sp1/nios2eds/bin/gnu/h-i686-mingw32/bin/../lib/gcc/nios2-elf/4.1.2/../../../../nios2-elf/lib/mno-hw-mul\libc.a(lib_a-fflush.o)
                0x00002978                _fflush_r
                0x00002b74                fflush
 .text          0x00002ba8      0x2f4 c:/altera/13.0sp1/nios2eds/bin/gnu/h-i686-mingw32/bin/../lib/gcc/nios2-elf/4.1.2/../../../../nios2-elf/lib/mno-hw-mul\libc.a(lib_a-findfp.o)
                0x00002c00                __sfp_lock_acquire
                0x00002c04                __sfp_lock_release
                0x00002c08                __sinit_lock_acquire
                0x00002c0c                __sinit_lock_release
                0x00002c10                __sinit
                0x00002cc4                __fp_unlock_all
                0x00002cdc                __fp_lock_all
                0x00002cf4                _cleanup_r
                0x00002d00                _cleanup
                0x00002d10                __sfmoreglue
                0x00002dac                __sfp
 .text          0x00002e9c      0x440 c:/altera/13.0sp1/nios2eds/bin/gnu/h-i686-mingw32/bin/../lib/gcc/nios2-elf/4.1.2/../../../../nios2-elf/lib/mno-hw-mul\libc.a(lib_a-freer.o)
                0x00002e9c                _malloc_trim_r
                0x00002fc8                _free_r
 .text          0x000032dc      0x180 c:/altera/13.0sp1/nios2eds/bin/gnu/h-i686-mingw32/bin/../lib/gcc/nios2-elf/4.1.2/../../../../nios2-elf/lib/mno-hw-mul\libc.a(lib_a-fwalk.o)
                0x000032dc                _fwalk_reent
                0x000033a4                _fwalk
 .text          0x0000345c        0x0 c:/altera/13.0sp1/nios2eds/bin/gnu/h-i686-mingw32/bin/../lib/gcc/nios2-elf/4.1.2/../../../../nios2-elf/lib/mno-hw-mul\libc.a(lib_a-int_errno.o)
 .text          0x0000345c      0x194 c:/altera/13.0sp1/nios2eds/bin/gnu/h-i686-mingw32/bin/../lib/gcc/nios2-elf/4.1.2/../../../../nios2-elf/lib/mno-hw-mul\libc.a(lib_a-makebuf.o)
                0x0000345c                __smakebuf_r
 .text          0x000035f0       0x98 c:/altera/13.0sp1/nios2eds/bin/gnu/h-i686-mingw32/bin/../lib/gcc/nios2-elf/4.1.2/../../../../nios2-elf/lib/mno-hw-mul\libc.a(lib_a-memset.o)
                0x000035f0                memset
 .text          0x00003688      0x14c c:/altera/13.0sp1/nios2eds/bin/gnu/h-i686-mingw32/bin/../lib/gcc/nios2-elf/4.1.2/../../../../nios2-elf/lib/mno-hw-mul\libc.a(lib_a-stdio.o)
                0x00003688                __sclose
                0x00003690                __sseek
                0x000036f8                __swrite
                0x00003774                __sread
 .text          0x000037d4       0x78 c:/altera/13.0sp1/nios2eds/bin/gnu/h-i686-mingw32/bin/../lib/gcc/nios2-elf/4.1.2/../../../../nios2-elf/lib/mno-hw-mul\libc.a(lib_a-writer.o)
                0x000037d4                _write_r
 .text          0x0000384c       0x70 c:/altera/13.0sp1/nios2eds/bin/gnu/h-i686-mingw32/bin/../lib/gcc/nios2-elf/4.1.2/../../../../nios2-elf/lib/mno-hw-mul\libc.a(lib_a-closer.o)
                0x0000384c                _close_r
 .text          0x000038bc      0x124 c:/altera/13.0sp1/nios2eds/bin/gnu/h-i686-mingw32/bin/../lib/gcc/nios2-elf/4.1.2/../../../../nios2-elf/lib/mno-hw-mul\libc.a(lib_a-fclose.o)
                0x000038bc                _fclose_r
                0x000039cc                fclose
 .text          0x000039e0       0x74 c:/altera/13.0sp1/nios2eds/bin/gnu/h-i686-mingw32/bin/../lib/gcc/nios2-elf/4.1.2/../../../../nios2-elf/lib/mno-hw-mul\libc.a(lib_a-fstatr.o)
                0x000039e0                _fstat_r
 .text          0x00003a54       0x70 c:/altera/13.0sp1/nios2eds/bin/gnu/h-i686-mingw32/bin/../lib/gcc/nios2-elf/4.1.2/../../../../nios2-elf/lib/mno-hw-mul\libc.a(lib_a-isattyr.o)
                0x00003a54                _isatty_r
 .text          0x00003ac4       0x78 c:/altera/13.0sp1/nios2eds/bin/gnu/h-i686-mingw32/bin/../lib/gcc/nios2-elf/4.1.2/../../../../nios2-elf/lib/mno-hw-mul\libc.a(lib_a-lseekr.o)
                0x00003ac4                _lseek_r
 .text          0x00003b3c       0x78 c:/altera/13.0sp1/nios2eds/bin/gnu/h-i686-mingw32/bin/../lib/gcc/nios2-elf/4.1.2/../../../../nios2-elf/lib/mno-hw-mul\libc.a(lib_a-readr.o)
                0x00003b3c                _read_r
 .text          0x00003bb4       0x38 c:/altera/13.0sp1/nios2eds/bin/gnu/h-i686-mingw32/bin/../lib/gcc/nios2-elf/4.1.2/mno-hw-mul\libgcc.a(lib2-mul.o)
                0x00003bb4                __mulsi3
 .text          0x00003bec      0x160 ../parpadeo_bsp/\libhal_bsp.a(alt_close.o)
                0x00003bec                close
 .text          0x00003d4c       0x2c ../parpadeo_bsp/\libhal_bsp.a(alt_dev.o)
 .text          0x00003d78        0x0 ../parpadeo_bsp/\libhal_bsp.a(alt_errno.o)
 .text          0x00003d78      0x138 ../parpadeo_bsp/\libhal_bsp.a(alt_fstat.o)
                0x00003d78                fstat
 .text          0x00003eb0      0x124 ../parpadeo_bsp/\libhal_bsp.a(alt_isatty.o)
                0x00003eb0                isatty
 .text          0x00003fd4       0xec ../parpadeo_bsp/\libhal_bsp.a(alt_load.o)
                0x00003fd4                alt_load
 .text          0x000040c0      0x154 ../parpadeo_bsp/\libhal_bsp.a(alt_lseek.o)
                0x000040c0                lseek
 .text          0x00004214       0x6c ../parpadeo_bsp/\libhal_bsp.a(alt_main.o)
                0x00004214                alt_main
 .text          0x00004280       0x40 ../parpadeo_bsp/\libhal_bsp.a(alt_malloc_lock.o)
                0x00004280                __malloc_lock
                0x000042a0                __malloc_unlock
 .text          0x000042c0      0x184 ../parpadeo_bsp/\libhal_bsp.a(alt_read.o)
                0x000042c0                read
 .text          0x00004444       0x78 ../parpadeo_bsp/\libhal_bsp.a(alt_release_fd.o)
                0x00004444                alt_release_fd
 .text          0x000044bc       0xbc ../parpadeo_bsp/\libhal_bsp.a(alt_sbrk.o)
                0x000044bc                sbrk
 .text          0x00004578       0x30 ../parpadeo_bsp/\libhal_bsp.a(alt_usleep.o)
                0x00004578                usleep
 .text          0x000045a8      0x184 ../parpadeo_bsp/\libhal_bsp.a(alt_write.o)
                0x000045a8                write
 .text          0x0000472c       0xc8 ../parpadeo_bsp/\libhal_bsp.a(alt_sys_init.o)
                0x0000472c                alt_irq_init
                0x00004760                alt_sys_init
 .text          0x000047f4      0x148 ../parpadeo_bsp/\libhal_bsp.a(altera_avalon_jtag_uart_fd.o)
                0x000047f4                altera_avalon_jtag_uart_read_fd
                0x0000484c                altera_avalon_jtag_uart_write_fd
                0x000048a4                altera_avalon_jtag_uart_close_fd
                0x000048ec                altera_avalon_jtag_uart_ioctl_fd
 .text          0x0000493c      0x40c ../parpadeo_bsp/\libhal_bsp.a(altera_avalon_jtag_uart_init.o)
                0x0000493c                altera_avalon_jtag_uart_init
                0x00004cd4                altera_avalon_jtag_uart_close
 .text          0x00004d48       0xf4 ../parpadeo_bsp/\libhal_bsp.a(altera_avalon_jtag_uart_ioctl.o)
                0x00004d48                altera_avalon_jtag_uart_ioctl
 .text          0x00004e3c      0x224 ../parpadeo_bsp/\libhal_bsp.a(altera_avalon_jtag_uart_read.o)
                0x00004e3c                altera_avalon_jtag_uart_read
 .text          0x00005060      0x240 ../parpadeo_bsp/\libhal_bsp.a(altera_avalon_jtag_uart_write.o)
                0x00005060                altera_avalon_jtag_uart_write
 .text          0x000052a0      0xf80 ../parpadeo_bsp/\libhal_bsp.a(altera_avalon_lcd_16207.o)
                0x00005adc                altera_avalon_lcd_16207_write
                0x000060e4                altera_avalon_lcd_16207_init
 .text          0x00006220       0x58 ../parpadeo_bsp/\libhal_bsp.a(altera_avalon_lcd_16207_fd.o)
                0x00006220                altera_avalon_lcd_16207_write_fd
 .text          0x00006278      0x154 ../parpadeo_bsp/\libhal_bsp.a(alt_alarm_start.o)
                0x00006278                alt_alarm_start
 .text          0x000063cc      0x15c ../parpadeo_bsp/\libhal_bsp.a(alt_busy_sleep.o)
                0x000063cc                alt_busy_sleep
 .text          0x00006528       0x1c ../parpadeo_bsp/\libhal_bsp.a(alt_dcache_flush_all.o)
                0x00006528                alt_dcache_flush_all
 .text          0x00006544      0x114 ../parpadeo_bsp/\libhal_bsp.a(alt_dev_llist_insert.o)
                0x00006544                alt_dev_llist_insert
 .text          0x00006658       0x64 ../parpadeo_bsp/\libhal_bsp.a(alt_do_ctors.o)
                0x00006658                _do_ctors
 .text          0x000066bc       0x64 ../parpadeo_bsp/\libhal_bsp.a(alt_do_dtors.o)
                0x000066bc                _do_dtors
 .text          0x00006720       0x1c ../parpadeo_bsp/\libhal_bsp.a(alt_icache_flush_all.o)
                0x00006720                alt_icache_flush_all
 .text          0x0000673c      0x1d4 ../parpadeo_bsp/\libhal_bsp.a(alt_iic.o)
                0x0000673c                alt_ic_isr_register
                0x0000678c                alt_ic_irq_enable
                0x00006828                alt_ic_irq_disable
                0x000068c8                alt_ic_irq_enabled
 .text          0x00006910       0xf8 ../parpadeo_bsp/\libhal_bsp.a(alt_iic_isr_register.o)
                0x00006910                alt_iic_isr_register
 .text          0x00006a08      0x150 ../parpadeo_bsp/\libhal_bsp.a(alt_io_redirect.o)
                0x00006ae0                alt_io_redirect
 .text          0x00006b58        0x0 ../parpadeo_bsp/\libhal_bsp.a(alt_irq_entry.o)
 .text          0x00006b58        0x0 ../parpadeo_bsp/\libhal_bsp.a(alt_irq_handler.o)
 .text          0x00006b58        0x0 ../parpadeo_bsp/\libhal_bsp.a(alt_irq_vars.o)
 .text          0x00006b58      0x2e4 ../parpadeo_bsp/\libhal_bsp.a(alt_open.o)
                0x00006c50                open
 .text          0x00006e3c      0x1a4 ../parpadeo_bsp/\libhal_bsp.a(alt_tick.o)
                0x00006e3c                alt_alarm_stop
                0x00006ed4                alt_tick
 .text          0x00006fe0       0x20 ../parpadeo_bsp/\libhal_bsp.a(altera_nios2_qsys_irq.o)
                0x00006fe0                altera_nios2_qsys_irq_init
 .text          0x00007000        0x0 ../parpadeo_bsp/\libhal_bsp.a(alt_exception_entry.o)
 .text          0x00007000       0x94 ../parpadeo_bsp/\libhal_bsp.a(alt_find_dev.o)
                0x00007000                alt_find_dev
 .text          0x00007094      0x120 ../parpadeo_bsp/\libhal_bsp.a(alt_find_file.o)
                0x00007094                alt_find_file
 .text          0x000071b4       0xd0 ../parpadeo_bsp/\libhal_bsp.a(alt_get_fd.o)
                0x000071b4                alt_get_fd
 .text          0x00007284       0x14 c:/altera/13.0sp1/nios2eds/bin/gnu/h-i686-mingw32/bin/../lib/gcc/nios2-elf/4.1.2/../../../../nios2-elf/lib/mno-hw-mul\libc.a(lib_a-atexit.o)
                0x00007284                atexit
 .text          0x00007298        0x0 c:/altera/13.0sp1/nios2eds/bin/gnu/h-i686-mingw32/bin/../lib/gcc/nios2-elf/4.1.2/../../../../nios2-elf/lib/mno-hw-mul\libc.a(lib_a-ctype_.o)
 .text          0x00007298       0x38 c:/altera/13.0sp1/nios2eds/bin/gnu/h-i686-mingw32/bin/../lib/gcc/nios2-elf/4.1.2/../../../../nios2-elf/lib/mno-hw-mul\libc.a(lib_a-exit.o)
                0x00007298                exit
 .text          0x000072d0       0x74 c:/altera/13.0sp1/nios2eds/bin/gnu/h-i686-mingw32/bin/../lib/gcc/nios2-elf/4.1.2/../../../../nios2-elf/lib/mno-hw-mul\libc.a(lib_a-memcmp.o)
                0x000072d0                memcmp
 .text          0x00007344      0x134 c:/altera/13.0sp1/nios2eds/bin/gnu/h-i686-mingw32/bin/../lib/gcc/nios2-elf/4.1.2/../../../../nios2-elf/lib/mno-hw-mul\libc.a(lib_a-__atexit.o)
                0x00007344                __register_exitproc
 .text          0x00007478      0x1b4 c:/altera/13.0sp1/nios2eds/bin/gnu/h-i686-mingw32/bin/../lib/gcc/nios2-elf/4.1.2/../../../../nios2-elf/lib/mno-hw-mul\libc.a(lib_a-__call_atexit.o)
                0x0000747c                __call_exitprocs
 .text          0x0000762c      0x14c c:/altera/13.0sp1/nios2eds/bin/gnu/h-i686-mingw32/bin/../lib/gcc/nios2-elf/4.1.2/mno-hw-mul\libgcc.a(lib2-divmod.o)
                0x000076a8                __divsi3
                0x00007708                __modsi3
                0x00007768                __udivsi3
                0x00007770                __umodsi3
 .text          0x00007778       0x60 ../parpadeo_bsp/\libhal_bsp.a(alt_exit.o)
                0x000077b8                _exit
 *(.gnu.warning.*)
 *(.fini)
                0x000077d8                PROVIDE (__etext, ABSOLUTE (.))
                0x000077d8                PROVIDE (_etext, ABSOLUTE (.))
                0x000077d8                PROVIDE (etext, ABSOLUTE (.))
 *(.eh_frame_hdr)
                0x000077d8                . = ALIGN (0x4)
                0x000077d8                PROVIDE (__preinit_array_start, ABSOLUTE (.))
 *(.preinit_array)
                0x000077d8                PROVIDE (__preinit_array_end, ABSOLUTE (.))
                0x000077d8                PROVIDE (__init_array_start, ABSOLUTE (.))
 *(.init_array)
                0x000077d8                PROVIDE (__init_array_end, ABSOLUTE (.))
                0x000077d8                PROVIDE (__fini_array_start, ABSOLUTE (.))
 *(.fini_array)
                0x000077d8                PROVIDE (__fini_array_end, ABSOLUTE (.))
 *(.eh_frame)
 *(.gcc_except_table)
 *(.dynamic)
                0x000077d8                PROVIDE (__CTOR_LIST__, ABSOLUTE (.))
 *(.ctors)
 *(SORT(.ctors.*))
 .ctors.65535   0x000077d8        0x4 c:/altera/13.0sp1/nios2eds/bin/gnu/h-i686-mingw32/bin/../lib/gcc/nios2-elf/4.1.2/../../../../nios2-elf/lib/mno-hw-mul\libc.a(lib_a-__call_atexit.o)
                0x000077dc                PROVIDE (__CTOR_END__, ABSOLUTE (.))
                0x000077dc                PROVIDE (__DTOR_LIST__, ABSOLUTE (.))
 *(.dtors)
 *(SORT(.dtors.*))
                0x000077dc                PROVIDE (__DTOR_END__, ABSOLUTE (.))
 *(.jcr)
                0x000077dc                . = ALIGN (0x4)

.rodata         0x000077dc      0x2e8
                0x000077dc                PROVIDE (__ram_rodata_start, ABSOLUTE (.))
                0x000077dc                . = ALIGN (0x4)
 *(.rodata .rodata.* .gnu.linkonce.r.*)
 .rodata        0x000077dc       0x14 obj/default/hello_world.o
 .rodata.str1.4
                0x000077f0        0x2 c:/altera/13.0sp1/nios2eds/bin/gnu/h-i686-mingw32/bin/../lib/gcc/nios2-elf/4.1.2/../../../../nios2-elf/lib/mno-hw-mul\libc.a(lib_a-puts.o)
                                  0x4 (size before relaxing)
 *fill*         0x000077f2        0x2 00
 .rodata.str1.4
                0x000077f4        0x4 c:/altera/13.0sp1/nios2eds/bin/gnu/h-i686-mingw32/bin/../lib/gcc/nios2-elf/4.1.2/../../../../nios2-elf/lib/mno-hw-mul\libc.a(lib_a-impure.o)
 .rodata        0x000077f8        0xc ../parpadeo_bsp/\libhal_bsp.a(alt_dev.o)
 .rodata        0x00007804       0x14 ../parpadeo_bsp/\libhal_bsp.a(alt_main.o)
 .rodata        0x00007818       0x28 ../parpadeo_bsp/\libhal_bsp.a(alt_sys_init.o)
 .rodata        0x00007840      0x281 c:/altera/13.0sp1/nios2eds/bin/gnu/h-i686-mingw32/bin/../lib/gcc/nios2-elf/4.1.2/../../../../nios2-elf/lib/mno-hw-mul\libc.a(lib_a-ctype_.o)
                0x00007840                _ctype_
 *(.rodata1)
                0x00007ac4                . = ALIGN (0x4)
 *fill*         0x00007ac1        0x3 00
                0x00007ac4                PROVIDE (__ram_rodata_end, ABSOLUTE (.))
                0x000077dc                PROVIDE (__flash_rodata_start, LOADADDR (.rodata))

.rwdata         0x00007ac4     0x1b70 load address 0x00009634
                0x00007ac4                PROVIDE (__ram_rwdata_start, ABSOLUTE (.))
                0x00007ac4                . = ALIGN (0x4)
 *(.got.plt)
 *(.got)
 *(.data1)
 *(.data .data.* .gnu.linkonce.d.*)
 .data          0x00007ac4        0x0 ../parpadeo_bsp//obj/HAL/src/crt0.o
 .data          0x00007ac4        0x0 obj/default/hello_world.o
 .data          0x00007ac4        0x0 c:/altera/13.0sp1/nios2eds/bin/gnu/h-i686-mingw32/bin/../lib/gcc/nios2-elf/4.1.2/../../../../nios2-elf/lib/mno-hw-mul\libc.a(lib_a-puts.o)
 .data          0x00007ac4        0x0 c:/altera/13.0sp1/nios2eds/bin/gnu/h-i686-mingw32/bin/../lib/gcc/nios2-elf/4.1.2/../../../../nios2-elf/lib/mno-hw-mul\libc.a(lib_a-strlen.o)
 .data          0x00007ac4        0x0 c:/altera/13.0sp1/nios2eds/bin/gnu/h-i686-mingw32/bin/../lib/gcc/nios2-elf/4.1.2/../../../../nios2-elf/lib/mno-hw-mul\libc.a(lib_a-fvwrite.o)
 .data          0x00007ac4      0x400 c:/altera/13.0sp1/nios2eds/bin/gnu/h-i686-mingw32/bin/../lib/gcc/nios2-elf/4.1.2/../../../../nios2-elf/lib/mno-hw-mul\libc.a(lib_a-impure.o)
 .data          0x00007ec4      0x408 c:/altera/13.0sp1/nios2eds/bin/gnu/h-i686-mingw32/bin/../lib/gcc/nios2-elf/4.1.2/../../../../nios2-elf/lib/mno-hw-mul\libc.a(lib_a-mallocr.o)
                0x00007ec4                __malloc_av_
 .data          0x000082cc        0x0 c:/altera/13.0sp1/nios2eds/bin/gnu/h-i686-mingw32/bin/../lib/gcc/nios2-elf/4.1.2/../../../../nios2-elf/lib/mno-hw-mul\libc.a(lib_a-memchr.o)
 .data          0x000082cc        0x0 c:/altera/13.0sp1/nios2eds/bin/gnu/h-i686-mingw32/bin/../lib/gcc/nios2-elf/4.1.2/../../../../nios2-elf/lib/mno-hw-mul\libc.a(lib_a-memcpy.o)
 .data          0x000082cc        0x0 c:/altera/13.0sp1/nios2eds/bin/gnu/h-i686-mingw32/bin/../lib/gcc/nios2-elf/4.1.2/../../../../nios2-elf/lib/mno-hw-mul\libc.a(lib_a-memmove.o)
 .data          0x000082cc        0x0 c:/altera/13.0sp1/nios2eds/bin/gnu/h-i686-mingw32/bin/../lib/gcc/nios2-elf/4.1.2/../../../../nios2-elf/lib/mno-hw-mul\libc.a(lib_a-reallocr.o)
 .data          0x000082cc        0x0 c:/altera/13.0sp1/nios2eds/bin/gnu/h-i686-mingw32/bin/../lib/gcc/nios2-elf/4.1.2/../../../../nios2-elf/lib/mno-hw-mul\libc.a(lib_a-sbrkr.o)
 .data          0x000082cc        0x0 c:/altera/13.0sp1/nios2eds/bin/gnu/h-i686-mingw32/bin/../lib/gcc/nios2-elf/4.1.2/../../../../nios2-elf/lib/mno-hw-mul\libc.a(lib_a-wsetup.o)
 .data          0x000082cc        0x0 c:/altera/13.0sp1/nios2eds/bin/gnu/h-i686-mingw32/bin/../lib/gcc/nios2-elf/4.1.2/../../../../nios2-elf/lib/mno-hw-mul\libc.a(lib_a-fflush.o)
 .data          0x000082cc        0x0 c:/altera/13.0sp1/nios2eds/bin/gnu/h-i686-mingw32/bin/../lib/gcc/nios2-elf/4.1.2/../../../../nios2-elf/lib/mno-hw-mul\libc.a(lib_a-findfp.o)
 .data          0x000082cc        0x0 c:/altera/13.0sp1/nios2eds/bin/gnu/h-i686-mingw32/bin/../lib/gcc/nios2-elf/4.1.2/../../../../nios2-elf/lib/mno-hw-mul\libc.a(lib_a-freer.o)
 .data          0x000082cc        0x0 c:/altera/13.0sp1/nios2eds/bin/gnu/h-i686-mingw32/bin/../lib/gcc/nios2-elf/4.1.2/../../../../nios2-elf/lib/mno-hw-mul\libc.a(lib_a-fwalk.o)
 .data          0x000082cc        0x0 c:/altera/13.0sp1/nios2eds/bin/gnu/h-i686-mingw32/bin/../lib/gcc/nios2-elf/4.1.2/../../../../nios2-elf/lib/mno-hw-mul\libc.a(lib_a-int_errno.o)
 .data          0x000082cc        0x0 c:/altera/13.0sp1/nios2eds/bin/gnu/h-i686-mingw32/bin/../lib/gcc/nios2-elf/4.1.2/../../../../nios2-elf/lib/mno-hw-mul\libc.a(lib_a-makebuf.o)
 .data          0x000082cc        0x0 c:/altera/13.0sp1/nios2eds/bin/gnu/h-i686-mingw32/bin/../lib/gcc/nios2-elf/4.1.2/../../../../nios2-elf/lib/mno-hw-mul\libc.a(lib_a-memset.o)
 .data          0x000082cc        0x0 c:/altera/13.0sp1/nios2eds/bin/gnu/h-i686-mingw32/bin/../lib/gcc/nios2-elf/4.1.2/../../../../nios2-elf/lib/mno-hw-mul\libc.a(lib_a-stdio.o)
 .data          0x000082cc        0x0 c:/altera/13.0sp1/nios2eds/bin/gnu/h-i686-mingw32/bin/../lib/gcc/nios2-elf/4.1.2/../../../../nios2-elf/lib/mno-hw-mul\libc.a(lib_a-writer.o)
 .data          0x000082cc        0x0 c:/altera/13.0sp1/nios2eds/bin/gnu/h-i686-mingw32/bin/../lib/gcc/nios2-elf/4.1.2/../../../../nios2-elf/lib/mno-hw-mul\libc.a(lib_a-closer.o)
 .data          0x000082cc        0x0 c:/altera/13.0sp1/nios2eds/bin/gnu/h-i686-mingw32/bin/../lib/gcc/nios2-elf/4.1.2/../../../../nios2-elf/lib/mno-hw-mul\libc.a(lib_a-fclose.o)
 .data          0x000082cc        0x0 c:/altera/13.0sp1/nios2eds/bin/gnu/h-i686-mingw32/bin/../lib/gcc/nios2-elf/4.1.2/../../../../nios2-elf/lib/mno-hw-mul\libc.a(lib_a-fstatr.o)
 .data          0x000082cc        0x0 c:/altera/13.0sp1/nios2eds/bin/gnu/h-i686-mingw32/bin/../lib/gcc/nios2-elf/4.1.2/../../../../nios2-elf/lib/mno-hw-mul\libc.a(lib_a-isattyr.o)
 .data          0x000082cc        0x0 c:/altera/13.0sp1/nios2eds/bin/gnu/h-i686-mingw32/bin/../lib/gcc/nios2-elf/4.1.2/../../../../nios2-elf/lib/mno-hw-mul\libc.a(lib_a-lseekr.o)
 .data          0x000082cc        0x0 c:/altera/13.0sp1/nios2eds/bin/gnu/h-i686-mingw32/bin/../lib/gcc/nios2-elf/4.1.2/../../../../nios2-elf/lib/mno-hw-mul\libc.a(lib_a-readr.o)
 .data          0x000082cc        0x0 c:/altera/13.0sp1/nios2eds/bin/gnu/h-i686-mingw32/bin/../lib/gcc/nios2-elf/4.1.2/mno-hw-mul\libgcc.a(lib2-mul.o)
 .data          0x000082cc        0x0 ../parpadeo_bsp/\libhal_bsp.a(alt_close.o)
 .data          0x000082cc      0x1a8 ../parpadeo_bsp/\libhal_bsp.a(alt_dev.o)
                0x000082cc                alt_dev_null
                0x000082f4                alt_fd_list
 .data          0x00008474        0x0 ../parpadeo_bsp/\libhal_bsp.a(alt_errno.o)
 .data          0x00008474        0x0 ../parpadeo_bsp/\libhal_bsp.a(alt_fstat.o)
 .data          0x00008474        0x0 ../parpadeo_bsp/\libhal_bsp.a(alt_isatty.o)
 .data          0x00008474        0x0 ../parpadeo_bsp/\libhal_bsp.a(alt_load.o)
 .data          0x00008474        0x0 ../parpadeo_bsp/\libhal_bsp.a(alt_lseek.o)
 .data          0x00008474        0x0 ../parpadeo_bsp/\libhal_bsp.a(alt_main.o)
 .data          0x00008474        0x0 ../parpadeo_bsp/\libhal_bsp.a(alt_malloc_lock.o)
 .data          0x00008474        0x0 ../parpadeo_bsp/\libhal_bsp.a(alt_read.o)
 .data          0x00008474        0x0 ../parpadeo_bsp/\libhal_bsp.a(alt_release_fd.o)
 .data          0x00008474        0x0 ../parpadeo_bsp/\libhal_bsp.a(alt_sbrk.o)
 .data          0x00008474        0x0 ../parpadeo_bsp/\libhal_bsp.a(alt_usleep.o)
 .data          0x00008474        0x0 ../parpadeo_bsp/\libhal_bsp.a(alt_write.o)
 .data          0x00008474     0x1180 ../parpadeo_bsp/\libhal_bsp.a(alt_sys_init.o)
 .data          0x000095f4        0x0 ../parpadeo_bsp/\libhal_bsp.a(altera_avalon_jtag_uart_fd.o)
 .data          0x000095f4        0x0 ../parpadeo_bsp/\libhal_bsp.a(altera_avalon_jtag_uart_init.o)
 .data          0x000095f4        0x0 ../parpadeo_bsp/\libhal_bsp.a(altera_avalon_jtag_uart_ioctl.o)
 .data          0x000095f4        0x0 ../parpadeo_bsp/\libhal_bsp.a(altera_avalon_jtag_uart_read.o)
 .data          0x000095f4        0x0 ../parpadeo_bsp/\libhal_bsp.a(altera_avalon_jtag_uart_write.o)
 .data          0x000095f4        0x0 ../parpadeo_bsp/\libhal_bsp.a(altera_avalon_lcd_16207.o)
 .data          0x000095f4        0x0 ../parpadeo_bsp/\libhal_bsp.a(altera_avalon_lcd_16207_fd.o)
 .data          0x000095f4        0x0 ../parpadeo_bsp/\libhal_bsp.a(alt_alarm_start.o)
 .data          0x000095f4        0x0 ../parpadeo_bsp/\libhal_bsp.a(alt_busy_sleep.o)
 .data          0x000095f4        0x0 ../parpadeo_bsp/\libhal_bsp.a(alt_dcache_flush_all.o)
 .data          0x000095f4        0x0 ../parpadeo_bsp/\libhal_bsp.a(alt_dev_llist_insert.o)
 .data          0x000095f4        0x0 ../parpadeo_bsp/\libhal_bsp.a(alt_do_ctors.o)
 .data          0x000095f4        0x0 ../parpadeo_bsp/\libhal_bsp.a(alt_do_dtors.o)
 .data          0x000095f4        0x0 ../parpadeo_bsp/\libhal_bsp.a(alt_icache_flush_all.o)
 .data          0x000095f4        0x0 ../parpadeo_bsp/\libhal_bsp.a(alt_iic.o)
 .data          0x000095f4        0x0 ../parpadeo_bsp/\libhal_bsp.a(alt_iic_isr_register.o)
 .data          0x000095f4        0x0 ../parpadeo_bsp/\libhal_bsp.a(alt_io_redirect.o)
 .data          0x000095f4        0x0 ../parpadeo_bsp/\libhal_bsp.a(alt_irq_entry.o)
 .data          0x000095f4        0x0 ../parpadeo_bsp/\libhal_bsp.a(alt_irq_handler.o)
 .data          0x000095f4        0x0 ../parpadeo_bsp/\libhal_bsp.a(alt_irq_vars.o)
 .data          0x000095f4        0x0 ../parpadeo_bsp/\libhal_bsp.a(alt_open.o)
 .data          0x000095f4        0x0 ../parpadeo_bsp/\libhal_bsp.a(alt_tick.o)
 .data          0x000095f4        0x0 ../parpadeo_bsp/\libhal_bsp.a(altera_nios2_qsys_irq.o)
 .data          0x000095f4        0x0 ../parpadeo_bsp/\libhal_bsp.a(alt_exception_entry.o)
 .data          0x000095f4        0x0 ../parpadeo_bsp/\libhal_bsp.a(alt_find_dev.o)
 .data          0x000095f4        0x0 ../parpadeo_bsp/\libhal_bsp.a(alt_find_file.o)
 .data          0x000095f4        0x0 ../parpadeo_bsp/\libhal_bsp.a(alt_get_fd.o)
 .data          0x000095f4        0x0 c:/altera/13.0sp1/nios2eds/bin/gnu/h-i686-mingw32/bin/../lib/gcc/nios2-elf/4.1.2/../../../../nios2-elf/lib/mno-hw-mul\libc.a(lib_a-atexit.o)
 .data          0x000095f4        0x0 c:/altera/13.0sp1/nios2eds/bin/gnu/h-i686-mingw32/bin/../lib/gcc/nios2-elf/4.1.2/../../../../nios2-elf/lib/mno-hw-mul\libc.a(lib_a-ctype_.o)
 .data          0x000095f4        0x0 c:/altera/13.0sp1/nios2eds/bin/gnu/h-i686-mingw32/bin/../lib/gcc/nios2-elf/4.1.2/../../../../nios2-elf/lib/mno-hw-mul\libc.a(lib_a-exit.o)
 .data          0x000095f4        0x0 c:/altera/13.0sp1/nios2eds/bin/gnu/h-i686-mingw32/bin/../lib/gcc/nios2-elf/4.1.2/../../../../nios2-elf/lib/mno-hw-mul\libc.a(lib_a-memcmp.o)
 .data          0x000095f4        0x0 c:/altera/13.0sp1/nios2eds/bin/gnu/h-i686-mingw32/bin/../lib/gcc/nios2-elf/4.1.2/../../../../nios2-elf/lib/mno-hw-mul\libc.a(lib_a-__atexit.o)
 .data          0x000095f4        0x0 c:/altera/13.0sp1/nios2eds/bin/gnu/h-i686-mingw32/bin/../lib/gcc/nios2-elf/4.1.2/../../../../nios2-elf/lib/mno-hw-mul\libc.a(lib_a-__call_atexit.o)
 .data          0x000095f4        0x0 c:/altera/13.0sp1/nios2eds/bin/gnu/h-i686-mingw32/bin/../lib/gcc/nios2-elf/4.1.2/mno-hw-mul\libgcc.a(lib2-divmod.o)
 .data          0x000095f4        0x0 ../parpadeo_bsp/\libhal_bsp.a(alt_exit.o)
                0x000115f4                _gp = ABSOLUTE ((. + 0x8000))
                0x000115f4                PROVIDE (gp, _gp)
 *(.rwdata .rwdata.*)
 *(.sdata .sdata.* .gnu.linkonce.s.*)
 .sdata         0x000095f4        0x8 c:/altera/13.0sp1/nios2eds/bin/gnu/h-i686-mingw32/bin/../lib/gcc/nios2-elf/4.1.2/../../../../nios2-elf/lib/mno-hw-mul\libc.a(lib_a-impure.o)
                0x000095f4                _impure_ptr
                0x000095f8                _global_impure_ptr
 .sdata         0x000095fc        0x8 c:/altera/13.0sp1/nios2eds/bin/gnu/h-i686-mingw32/bin/../lib/gcc/nios2-elf/4.1.2/../../../../nios2-elf/lib/mno-hw-mul\libc.a(lib_a-mallocr.o)
                0x000095fc                __malloc_trim_threshold
                0x00009600                __malloc_sbrk_base
 .sdata         0x00009604       0x14 ../parpadeo_bsp/\libhal_bsp.a(alt_dev.o)
                0x00009604                alt_fs_list
                0x0000960c                alt_dev_list
                0x00009614                alt_max_fd
 .sdata         0x00009618        0x4 ../parpadeo_bsp/\libhal_bsp.a(alt_errno.o)
                0x00009618                alt_errno
 .sdata         0x0000961c        0x4 ../parpadeo_bsp/\libhal_bsp.a(alt_sbrk.o)
 .sdata         0x00009620        0x4 ../parpadeo_bsp/\libhal_bsp.a(altera_avalon_lcd_16207.o)
 .sdata         0x00009624        0x4 ../parpadeo_bsp/\libhal_bsp.a(alt_irq_vars.o)
                0x00009624                alt_priority_mask
 .sdata         0x00009628        0x8 ../parpadeo_bsp/\libhal_bsp.a(alt_tick.o)
                0x00009628                alt_alarm_list
 .sdata         0x00009630        0x4 c:/altera/13.0sp1/nios2eds/bin/gnu/h-i686-mingw32/bin/../lib/gcc/nios2-elf/4.1.2/../../../../nios2-elf/lib/mno-hw-mul\libc.a(lib_a-ctype_.o)
                0x00009630                __ctype_ptr
 *(.sdata2 .sdata2.* .gnu.linkonce.s2.*)
                0x00009634                . = ALIGN (0x4)
                0x00009634                _edata = ABSOLUTE (.)
                0x00009634                PROVIDE (edata, ABSOLUTE (.))
                0x00009634                PROVIDE (__ram_rwdata_end, ABSOLUTE (.))
                0x00009634                PROVIDE (__flash_rwdata_start, LOADADDR (.rwdata))

.bss            0x0000b1a4      0x2e8
                0x0000b1a4                __bss_start = ABSOLUTE (.)
                0x0000b1a4                PROVIDE (__sbss_start, ABSOLUTE (.))
                0x0000b1a4                PROVIDE (___sbss_start, ABSOLUTE (.))
 *(.dynsbss)
 *(.sbss .sbss.* .gnu.linkonce.sb.*)
 .sbss          0x0000b1a4        0x8 obj/default/hello_world.o
                0x0000b1a4                dato_in
                0x0000b1a8                tiempo
 .sbss          0x0000b1ac        0xc c:/altera/13.0sp1/nios2eds/bin/gnu/h-i686-mingw32/bin/../lib/gcc/nios2-elf/4.1.2/../../../../nios2-elf/lib/mno-hw-mul\libc.a(lib_a-mallocr.o)
                0x0000b1ac                __malloc_top_pad
                0x0000b1b0                __malloc_max_sbrked_mem
                0x0000b1b4                __malloc_max_total_mem
 .sbss          0x0000b1b8        0x4 c:/altera/13.0sp1/nios2eds/bin/gnu/h-i686-mingw32/bin/../lib/gcc/nios2-elf/4.1.2/../../../../nios2-elf/lib/mno-hw-mul\libc.a(lib_a-int_errno.o)
                0x0000b1b8                errno
 .sbss          0x0000b1bc        0xc ../parpadeo_bsp/\libhal_bsp.a(alt_main.o)
                0x0000b1bc                alt_argc
                0x0000b1c0                alt_argv
                0x0000b1c4                alt_envp
 .sbss          0x0000b1c8        0x4 ../parpadeo_bsp/\libhal_bsp.a(alt_irq_vars.o)
                0x0000b1c8                alt_irq_active
 .sbss          0x0000b1cc        0x8 ../parpadeo_bsp/\libhal_bsp.a(alt_tick.o)
                0x0000b1cc                _alt_tick_rate
                0x0000b1d0                _alt_nticks
 *(.sbss2 .sbss2.* .gnu.linkonce.sb2.*)
 *(.scommon)
                0x0000b1d4                PROVIDE (__sbss_end, ABSOLUTE (.))
                0x0000b1d4                PROVIDE (___sbss_end, ABSOLUTE (.))
 *(.dynbss)
 *(.bss .bss.* .gnu.linkonce.b.*)
 .bss           0x0000b1d4        0x0 ../parpadeo_bsp//obj/HAL/src/crt0.o
 .bss           0x0000b1d4        0x0 obj/default/hello_world.o
 .bss           0x0000b1d4        0x0 c:/altera/13.0sp1/nios2eds/bin/gnu/h-i686-mingw32/bin/../lib/gcc/nios2-elf/4.1.2/../../../../nios2-elf/lib/mno-hw-mul\libc.a(lib_a-puts.o)
 .bss           0x0000b1d4        0x0 c:/altera/13.0sp1/nios2eds/bin/gnu/h-i686-mingw32/bin/../lib/gcc/nios2-elf/4.1.2/../../../../nios2-elf/lib/mno-hw-mul\libc.a(lib_a-strlen.o)
 .bss           0x0000b1d4        0x0 c:/altera/13.0sp1/nios2eds/bin/gnu/h-i686-mingw32/bin/../lib/gcc/nios2-elf/4.1.2/../../../../nios2-elf/lib/mno-hw-mul\libc.a(lib_a-fvwrite.o)
 .bss           0x0000b1d4        0x0 c:/altera/13.0sp1/nios2eds/bin/gnu/h-i686-mingw32/bin/../lib/gcc/nios2-elf/4.1.2/../../../../nios2-elf/lib/mno-hw-mul\libc.a(lib_a-impure.o)
 .bss           0x0000b1d4       0x28 c:/altera/13.0sp1/nios2eds/bin/gnu/h-i686-mingw32/bin/../lib/gcc/nios2-elf/4.1.2/../../../../nios2-elf/lib/mno-hw-mul\libc.a(lib_a-mallocr.o)
                0x0000b1d4                __malloc_current_mallinfo
 .bss           0x0000b1fc        0x0 c:/altera/13.0sp1/nios2eds/bin/gnu/h-i686-mingw32/bin/../lib/gcc/nios2-elf/4.1.2/../../../../nios2-elf/lib/mno-hw-mul\libc.a(lib_a-memchr.o)
 .bss           0x0000b1fc        0x0 c:/altera/13.0sp1/nios2eds/bin/gnu/h-i686-mingw32/bin/../lib/gcc/nios2-elf/4.1.2/../../../../nios2-elf/lib/mno-hw-mul\libc.a(lib_a-memcpy.o)
 .bss           0x0000b1fc        0x0 c:/altera/13.0sp1/nios2eds/bin/gnu/h-i686-mingw32/bin/../lib/gcc/nios2-elf/4.1.2/../../../../nios2-elf/lib/mno-hw-mul\libc.a(lib_a-memmove.o)
 .bss           0x0000b1fc        0x0 c:/altera/13.0sp1/nios2eds/bin/gnu/h-i686-mingw32/bin/../lib/gcc/nios2-elf/4.1.2/../../../../nios2-elf/lib/mno-hw-mul\libc.a(lib_a-reallocr.o)
 .bss           0x0000b1fc        0x0 c:/altera/13.0sp1/nios2eds/bin/gnu/h-i686-mingw32/bin/../lib/gcc/nios2-elf/4.1.2/../../../../nios2-elf/lib/mno-hw-mul\libc.a(lib_a-sbrkr.o)
 .bss           0x0000b1fc        0x0 c:/altera/13.0sp1/nios2eds/bin/gnu/h-i686-mingw32/bin/../lib/gcc/nios2-elf/4.1.2/../../../../nios2-elf/lib/mno-hw-mul\libc.a(lib_a-wsetup.o)
 .bss           0x0000b1fc        0x0 c:/altera/13.0sp1/nios2eds/bin/gnu/h-i686-mingw32/bin/../lib/gcc/nios2-elf/4.1.2/../../../../nios2-elf/lib/mno-hw-mul\libc.a(lib_a-fflush.o)
 .bss           0x0000b1fc        0x0 c:/altera/13.0sp1/nios2eds/bin/gnu/h-i686-mingw32/bin/../lib/gcc/nios2-elf/4.1.2/../../../../nios2-elf/lib/mno-hw-mul\libc.a(lib_a-findfp.o)
 .bss           0x0000b1fc        0x0 c:/altera/13.0sp1/nios2eds/bin/gnu/h-i686-mingw32/bin/../lib/gcc/nios2-elf/4.1.2/../../../../nios2-elf/lib/mno-hw-mul\libc.a(lib_a-freer.o)
 .bss           0x0000b1fc        0x0 c:/altera/13.0sp1/nios2eds/bin/gnu/h-i686-mingw32/bin/../lib/gcc/nios2-elf/4.1.2/../../../../nios2-elf/lib/mno-hw-mul\libc.a(lib_a-fwalk.o)
 .bss           0x0000b1fc        0x0 c:/altera/13.0sp1/nios2eds/bin/gnu/h-i686-mingw32/bin/../lib/gcc/nios2-elf/4.1.2/../../../../nios2-elf/lib/mno-hw-mul\libc.a(lib_a-int_errno.o)
 .bss           0x0000b1fc        0x0 c:/altera/13.0sp1/nios2eds/bin/gnu/h-i686-mingw32/bin/../lib/gcc/nios2-elf/4.1.2/../../../../nios2-elf/lib/mno-hw-mul\libc.a(lib_a-makebuf.o)
 .bss           0x0000b1fc        0x0 c:/altera/13.0sp1/nios2eds/bin/gnu/h-i686-mingw32/bin/../lib/gcc/nios2-elf/4.1.2/../../../../nios2-elf/lib/mno-hw-mul\libc.a(lib_a-memset.o)
 .bss           0x0000b1fc        0x0 c:/altera/13.0sp1/nios2eds/bin/gnu/h-i686-mingw32/bin/../lib/gcc/nios2-elf/4.1.2/../../../../nios2-elf/lib/mno-hw-mul\libc.a(lib_a-stdio.o)
 .bss           0x0000b1fc        0x0 c:/altera/13.0sp1/nios2eds/bin/gnu/h-i686-mingw32/bin/../lib/gcc/nios2-elf/4.1.2/../../../../nios2-elf/lib/mno-hw-mul\libc.a(lib_a-writer.o)
 .bss           0x0000b1fc        0x0 c:/altera/13.0sp1/nios2eds/bin/gnu/h-i686-mingw32/bin/../lib/gcc/nios2-elf/4.1.2/../../../../nios2-elf/lib/mno-hw-mul\libc.a(lib_a-closer.o)
 .bss           0x0000b1fc        0x0 c:/altera/13.0sp1/nios2eds/bin/gnu/h-i686-mingw32/bin/../lib/gcc/nios2-elf/4.1.2/../../../../nios2-elf/lib/mno-hw-mul\libc.a(lib_a-fclose.o)
 .bss           0x0000b1fc        0x0 c:/altera/13.0sp1/nios2eds/bin/gnu/h-i686-mingw32/bin/../lib/gcc/nios2-elf/4.1.2/../../../../nios2-elf/lib/mno-hw-mul\libc.a(lib_a-fstatr.o)
 .bss           0x0000b1fc        0x0 c:/altera/13.0sp1/nios2eds/bin/gnu/h-i686-mingw32/bin/../lib/gcc/nios2-elf/4.1.2/../../../../nios2-elf/lib/mno-hw-mul\libc.a(lib_a-isattyr.o)
 .bss           0x0000b1fc        0x0 c:/altera/13.0sp1/nios2eds/bin/gnu/h-i686-mingw32/bin/../lib/gcc/nios2-elf/4.1.2/../../../../nios2-elf/lib/mno-hw-mul\libc.a(lib_a-lseekr.o)
 .bss           0x0000b1fc        0x0 c:/altera/13.0sp1/nios2eds/bin/gnu/h-i686-mingw32/bin/../lib/gcc/nios2-elf/4.1.2/../../../../nios2-elf/lib/mno-hw-mul\libc.a(lib_a-readr.o)
 .bss           0x0000b1fc        0x0 c:/altera/13.0sp1/nios2eds/bin/gnu/h-i686-mingw32/bin/../lib/gcc/nios2-elf/4.1.2/mno-hw-mul\libgcc.a(lib2-mul.o)
 .bss           0x0000b1fc        0x0 ../parpadeo_bsp/\libhal_bsp.a(alt_close.o)
 .bss           0x0000b1fc        0x0 ../parpadeo_bsp/\libhal_bsp.a(alt_dev.o)
 .bss           0x0000b1fc        0x0 ../parpadeo_bsp/\libhal_bsp.a(alt_errno.o)
 .bss           0x0000b1fc        0x0 ../parpadeo_bsp/\libhal_bsp.a(alt_fstat.o)
 .bss           0x0000b1fc        0x0 ../parpadeo_bsp/\libhal_bsp.a(alt_isatty.o)
 .bss           0x0000b1fc        0x0 ../parpadeo_bsp/\libhal_bsp.a(alt_load.o)
 .bss           0x0000b1fc        0x0 ../parpadeo_bsp/\libhal_bsp.a(alt_lseek.o)
 .bss           0x0000b1fc        0x0 ../parpadeo_bsp/\libhal_bsp.a(alt_main.o)
 .bss           0x0000b1fc        0x0 ../parpadeo_bsp/\libhal_bsp.a(alt_malloc_lock.o)
 .bss           0x0000b1fc        0x0 ../parpadeo_bsp/\libhal_bsp.a(alt_read.o)
 .bss           0x0000b1fc        0x0 ../parpadeo_bsp/\libhal_bsp.a(alt_release_fd.o)
 .bss           0x0000b1fc        0x0 ../parpadeo_bsp/\libhal_bsp.a(alt_sbrk.o)
 .bss           0x0000b1fc        0x0 ../parpadeo_bsp/\libhal_bsp.a(alt_usleep.o)
 .bss           0x0000b1fc        0x0 ../parpadeo_bsp/\libhal_bsp.a(alt_write.o)
 .bss           0x0000b1fc        0x0 ../parpadeo_bsp/\libhal_bsp.a(alt_sys_init.o)
 .bss           0x0000b1fc        0x0 ../parpadeo_bsp/\libhal_bsp.a(altera_avalon_jtag_uart_fd.o)
 .bss           0x0000b1fc        0x0 ../parpadeo_bsp/\libhal_bsp.a(altera_avalon_jtag_uart_init.o)
 .bss           0x0000b1fc        0x0 ../parpadeo_bsp/\libhal_bsp.a(altera_avalon_jtag_uart_ioctl.o)
 .bss           0x0000b1fc        0x0 ../parpadeo_bsp/\libhal_bsp.a(altera_avalon_jtag_uart_read.o)
 .bss           0x0000b1fc        0x0 ../parpadeo_bsp/\libhal_bsp.a(altera_avalon_jtag_uart_write.o)
 .bss           0x0000b1fc        0x0 ../parpadeo_bsp/\libhal_bsp.a(altera_avalon_lcd_16207.o)
 .bss           0x0000b1fc        0x0 ../parpadeo_bsp/\libhal_bsp.a(altera_avalon_lcd_16207_fd.o)
 .bss           0x0000b1fc        0x0 ../parpadeo_bsp/\libhal_bsp.a(alt_alarm_start.o)
 .bss           0x0000b1fc        0x0 ../parpadeo_bsp/\libhal_bsp.a(alt_busy_sleep.o)
 .bss           0x0000b1fc        0x0 ../parpadeo_bsp/\libhal_bsp.a(alt_dcache_flush_all.o)
 .bss           0x0000b1fc        0x0 ../parpadeo_bsp/\libhal_bsp.a(alt_dev_llist_insert.o)
 .bss           0x0000b1fc        0x0 ../parpadeo_bsp/\libhal_bsp.a(alt_do_ctors.o)
 .bss           0x0000b1fc        0x0 ../parpadeo_bsp/\libhal_bsp.a(alt_do_dtors.o)
 .bss           0x0000b1fc        0x0 ../parpadeo_bsp/\libhal_bsp.a(alt_icache_flush_all.o)
 .bss           0x0000b1fc        0x0 ../parpadeo_bsp/\libhal_bsp.a(alt_iic.o)
 .bss           0x0000b1fc        0x0 ../parpadeo_bsp/\libhal_bsp.a(alt_iic_isr_register.o)
 .bss           0x0000b1fc        0x0 ../parpadeo_bsp/\libhal_bsp.a(alt_io_redirect.o)
 .bss           0x0000b1fc        0x0 ../parpadeo_bsp/\libhal_bsp.a(alt_irq_entry.o)
 .bss           0x0000b1fc        0x0 ../parpadeo_bsp/\libhal_bsp.a(alt_irq_handler.o)
 .bss           0x0000b1fc        0x0 ../parpadeo_bsp/\libhal_bsp.a(alt_irq_vars.o)
 .bss           0x0000b1fc        0x0 ../parpadeo_bsp/\libhal_bsp.a(alt_open.o)
 .bss           0x0000b1fc        0x0 ../parpadeo_bsp/\libhal_bsp.a(alt_tick.o)
 .bss           0x0000b1fc        0x0 ../parpadeo_bsp/\libhal_bsp.a(altera_nios2_qsys_irq.o)
 .bss           0x0000b1fc        0x0 ../parpadeo_bsp/\libhal_bsp.a(alt_exception_entry.o)
 .bss           0x0000b1fc        0x0 ../parpadeo_bsp/\libhal_bsp.a(alt_find_dev.o)
 .bss           0x0000b1fc        0x0 ../parpadeo_bsp/\libhal_bsp.a(alt_find_file.o)
 .bss           0x0000b1fc        0x0 ../parpadeo_bsp/\libhal_bsp.a(alt_get_fd.o)
 .bss           0x0000b1fc        0x0 c:/altera/13.0sp1/nios2eds/bin/gnu/h-i686-mingw32/bin/../lib/gcc/nios2-elf/4.1.2/../../../../nios2-elf/lib/mno-hw-mul\libc.a(lib_a-atexit.o)
 .bss           0x0000b1fc        0x0 c:/altera/13.0sp1/nios2eds/bin/gnu/h-i686-mingw32/bin/../lib/gcc/nios2-elf/4.1.2/../../../../nios2-elf/lib/mno-hw-mul\libc.a(lib_a-ctype_.o)
 .bss           0x0000b1fc        0x0 c:/altera/13.0sp1/nios2eds/bin/gnu/h-i686-mingw32/bin/../lib/gcc/nios2-elf/4.1.2/../../../../nios2-elf/lib/mno-hw-mul\libc.a(lib_a-exit.o)
 .bss           0x0000b1fc        0x0 c:/altera/13.0sp1/nios2eds/bin/gnu/h-i686-mingw32/bin/../lib/gcc/nios2-elf/4.1.2/../../../../nios2-elf/lib/mno-hw-mul\libc.a(lib_a-memcmp.o)
 .bss           0x0000b1fc        0x0 c:/altera/13.0sp1/nios2eds/bin/gnu/h-i686-mingw32/bin/../lib/gcc/nios2-elf/4.1.2/../../../../nios2-elf/lib/mno-hw-mul\libc.a(lib_a-__atexit.o)
 .bss           0x0000b1fc        0x0 c:/altera/13.0sp1/nios2eds/bin/gnu/h-i686-mingw32/bin/../lib/gcc/nios2-elf/4.1.2/../../../../nios2-elf/lib/mno-hw-mul\libc.a(lib_a-__call_atexit.o)
 .bss           0x0000b1fc        0x0 c:/altera/13.0sp1/nios2eds/bin/gnu/h-i686-mingw32/bin/../lib/gcc/nios2-elf/4.1.2/mno-hw-mul\libgcc.a(lib2-divmod.o)
 .bss           0x0000b1fc        0x0 ../parpadeo_bsp/\libhal_bsp.a(alt_exit.o)
 *(COMMON)
 COMMON         0x0000b1fc      0x100 ../parpadeo_bsp/\libhal_bsp.a(alt_irq_handler.o)
                0x0000b1fc                alt_irq
 COMMON         0x0000b2fc      0x190 c:/altera/13.0sp1/nios2eds/bin/gnu/h-i686-mingw32/bin/../lib/gcc/nios2-elf/4.1.2/../../../../nios2-elf/lib/mno-hw-mul\libc.a(lib_a-atexit.o)
                0x0000b2fc                _atexit0
                0x0000b48c                . = ALIGN (0x4)
                0x0000b48c                __bss_end = ABSOLUTE (.)

.onchip_memory2_0
                0x0000b48c        0x0
                0x0000b48c                PROVIDE (_alt_partition_onchip_memory2_0_start, ABSOLUTE (.))
 *(.onchip_memory2_0. onchip_memory2_0.*)
                0x0000b48c                . = ALIGN (0x4)
                0x0000b48c                PROVIDE (_alt_partition_onchip_memory2_0_end, ABSOLUTE (.))
                0x0000b48c                _end = ABSOLUTE (.)
                0x0000b48c                end = ABSOLUTE (.)
                0x0000b48c                __alt_stack_base = ABSOLUTE (.)
                0x0000b48c                PROVIDE (_alt_partition_onchip_memory2_0_load_addr, LOADADDR (.onchip_memory2_0))

.stab
 *(.stab)

.stabstr
 *(.stabstr)

.stab.excl
 *(.stab.excl)

.stab.exclstr
 *(.stab.exclstr)

.stab.index
 *(.stab.index)

.stab.indexstr
 *(.stab.indexstr)

.comment        0x00000000       0x26
 *(.comment)
 .comment       0x00000000       0x26 obj/default/hello_world.o
                                 0x27 (size before relaxing)
 .comment       0x00000000       0x27 c:/altera/13.0sp1/nios2eds/bin/gnu/h-i686-mingw32/bin/../lib/gcc/nios2-elf/4.1.2/../../../../nios2-elf/lib/mno-hw-mul\libc.a(lib_a-puts.o)
 .comment       0x00000000       0x27 c:/altera/13.0sp1/nios2eds/bin/gnu/h-i686-mingw32/bin/../lib/gcc/nios2-elf/4.1.2/../../../../nios2-elf/lib/mno-hw-mul\libc.a(lib_a-strlen.o)
 .comment       0x00000000       0x27 c:/altera/13.0sp1/nios2eds/bin/gnu/h-i686-mingw32/bin/../lib/gcc/nios2-elf/4.1.2/../../../../nios2-elf/lib/mno-hw-mul\libc.a(lib_a-fvwrite.o)
 .comment       0x00000000       0x27 c:/altera/13.0sp1/nios2eds/bin/gnu/h-i686-mingw32/bin/../lib/gcc/nios2-elf/4.1.2/../../../../nios2-elf/lib/mno-hw-mul\libc.a(lib_a-impure.o)
 .comment       0x00000000       0x27 c:/altera/13.0sp1/nios2eds/bin/gnu/h-i686-mingw32/bin/../lib/gcc/nios2-elf/4.1.2/../../../../nios2-elf/lib/mno-hw-mul\libc.a(lib_a-mallocr.o)
 .comment       0x00000000       0x27 c:/altera/13.0sp1/nios2eds/bin/gnu/h-i686-mingw32/bin/../lib/gcc/nios2-elf/4.1.2/../../../../nios2-elf/lib/mno-hw-mul\libc.a(lib_a-memchr.o)
 .comment       0x00000000       0x27 c:/altera/13.0sp1/nios2eds/bin/gnu/h-i686-mingw32/bin/../lib/gcc/nios2-elf/4.1.2/../../../../nios2-elf/lib/mno-hw-mul\libc.a(lib_a-memcpy.o)
 .comment       0x00000000       0x27 c:/altera/13.0sp1/nios2eds/bin/gnu/h-i686-mingw32/bin/../lib/gcc/nios2-elf/4.1.2/../../../../nios2-elf/lib/mno-hw-mul\libc.a(lib_a-memmove.o)
 .comment       0x00000000       0x27 c:/altera/13.0sp1/nios2eds/bin/gnu/h-i686-mingw32/bin/../lib/gcc/nios2-elf/4.1.2/../../../../nios2-elf/lib/mno-hw-mul\libc.a(lib_a-reallocr.o)
 .comment       0x00000000       0x27 c:/altera/13.0sp1/nios2eds/bin/gnu/h-i686-mingw32/bin/../lib/gcc/nios2-elf/4.1.2/../../../../nios2-elf/lib/mno-hw-mul\libc.a(lib_a-sbrkr.o)
 .comment       0x00000000       0x27 c:/altera/13.0sp1/nios2eds/bin/gnu/h-i686-mingw32/bin/../lib/gcc/nios2-elf/4.1.2/../../../../nios2-elf/lib/mno-hw-mul\libc.a(lib_a-wsetup.o)
 .comment       0x00000000       0x27 c:/altera/13.0sp1/nios2eds/bin/gnu/h-i686-mingw32/bin/../lib/gcc/nios2-elf/4.1.2/../../../../nios2-elf/lib/mno-hw-mul\libc.a(lib_a-fflush.o)
 .comment       0x00000000       0x27 c:/altera/13.0sp1/nios2eds/bin/gnu/h-i686-mingw32/bin/../lib/gcc/nios2-elf/4.1.2/../../../../nios2-elf/lib/mno-hw-mul\libc.a(lib_a-findfp.o)
 .comment       0x00000000       0x27 c:/altera/13.0sp1/nios2eds/bin/gnu/h-i686-mingw32/bin/../lib/gcc/nios2-elf/4.1.2/../../../../nios2-elf/lib/mno-hw-mul\libc.a(lib_a-freer.o)
 .comment       0x00000000       0x27 c:/altera/13.0sp1/nios2eds/bin/gnu/h-i686-mingw32/bin/../lib/gcc/nios2-elf/4.1.2/../../../../nios2-elf/lib/mno-hw-mul\libc.a(lib_a-fwalk.o)
 .comment       0x00000000       0x27 c:/altera/13.0sp1/nios2eds/bin/gnu/h-i686-mingw32/bin/../lib/gcc/nios2-elf/4.1.2/../../../../nios2-elf/lib/mno-hw-mul\libc.a(lib_a-int_errno.o)
 .comment       0x00000000       0x27 c:/altera/13.0sp1/nios2eds/bin/gnu/h-i686-mingw32/bin/../lib/gcc/nios2-elf/4.1.2/../../../../nios2-elf/lib/mno-hw-mul\libc.a(lib_a-makebuf.o)
 .comment       0x00000000       0x27 c:/altera/13.0sp1/nios2eds/bin/gnu/h-i686-mingw32/bin/../lib/gcc/nios2-elf/4.1.2/../../../../nios2-elf/lib/mno-hw-mul\libc.a(lib_a-memset.o)
 .comment       0x00000000       0x27 c:/altera/13.0sp1/nios2eds/bin/gnu/h-i686-mingw32/bin/../lib/gcc/nios2-elf/4.1.2/../../../../nios2-elf/lib/mno-hw-mul\libc.a(lib_a-stdio.o)
 .comment       0x00000000       0x27 c:/altera/13.0sp1/nios2eds/bin/gnu/h-i686-mingw32/bin/../lib/gcc/nios2-elf/4.1.2/../../../../nios2-elf/lib/mno-hw-mul\libc.a(lib_a-writer.o)
 .comment       0x00000000       0x27 c:/altera/13.0sp1/nios2eds/bin/gnu/h-i686-mingw32/bin/../lib/gcc/nios2-elf/4.1.2/../../../../nios2-elf/lib/mno-hw-mul\libc.a(lib_a-closer.o)
 .comment       0x00000000       0x27 c:/altera/13.0sp1/nios2eds/bin/gnu/h-i686-mingw32/bin/../lib/gcc/nios2-elf/4.1.2/../../../../nios2-elf/lib/mno-hw-mul\libc.a(lib_a-fclose.o)
 .comment       0x00000000       0x27 c:/altera/13.0sp1/nios2eds/bin/gnu/h-i686-mingw32/bin/../lib/gcc/nios2-elf/4.1.2/../../../../nios2-elf/lib/mno-hw-mul\libc.a(lib_a-fstatr.o)
 .comment       0x00000000       0x27 c:/altera/13.0sp1/nios2eds/bin/gnu/h-i686-mingw32/bin/../lib/gcc/nios2-elf/4.1.2/../../../../nios2-elf/lib/mno-hw-mul\libc.a(lib_a-isattyr.o)
 .comment       0x00000000       0x27 c:/altera/13.0sp1/nios2eds/bin/gnu/h-i686-mingw32/bin/../lib/gcc/nios2-elf/4.1.2/../../../../nios2-elf/lib/mno-hw-mul\libc.a(lib_a-lseekr.o)
 .comment       0x00000000       0x27 c:/altera/13.0sp1/nios2eds/bin/gnu/h-i686-mingw32/bin/../lib/gcc/nios2-elf/4.1.2/../../../../nios2-elf/lib/mno-hw-mul\libc.a(lib_a-readr.o)
 .comment       0x00000000       0x27 c:/altera/13.0sp1/nios2eds/bin/gnu/h-i686-mingw32/bin/../lib/gcc/nios2-elf/4.1.2/mno-hw-mul\libgcc.a(lib2-mul.o)
 .comment       0x00000000       0x27 ../parpadeo_bsp/\libhal_bsp.a(alt_close.o)
 .comment       0x00000000       0x27 ../parpadeo_bsp/\libhal_bsp.a(alt_dev.o)
 .comment       0x00000000       0x27 ../parpadeo_bsp/\libhal_bsp.a(alt_errno.o)
 .comment       0x00000000       0x27 ../parpadeo_bsp/\libhal_bsp.a(alt_fstat.o)
 .comment       0x00000000       0x27 ../parpadeo_bsp/\libhal_bsp.a(alt_isatty.o)
 .comment       0x00000000       0x27 ../parpadeo_bsp/\libhal_bsp.a(alt_load.o)
 .comment       0x00000000       0x27 ../parpadeo_bsp/\libhal_bsp.a(alt_lseek.o)
 .comment       0x00000000       0x27 ../parpadeo_bsp/\libhal_bsp.a(alt_main.o)
 .comment       0x00000000       0x27 ../parpadeo_bsp/\libhal_bsp.a(alt_malloc_lock.o)
 .comment       0x00000000       0x27 ../parpadeo_bsp/\libhal_bsp.a(alt_read.o)
 .comment       0x00000000       0x27 ../parpadeo_bsp/\libhal_bsp.a(alt_release_fd.o)
 .comment       0x00000000       0x27 ../parpadeo_bsp/\libhal_bsp.a(alt_sbrk.o)
 .comment       0x00000000       0x27 ../parpadeo_bsp/\libhal_bsp.a(alt_usleep.o)
 .comment       0x00000000       0x27 ../parpadeo_bsp/\libhal_bsp.a(alt_write.o)
 .comment       0x00000000       0x27 ../parpadeo_bsp/\libhal_bsp.a(alt_sys_init.o)
 .comment       0x00000000       0x27 ../parpadeo_bsp/\libhal_bsp.a(altera_avalon_jtag_uart_fd.o)
 .comment       0x00000000       0x27 ../parpadeo_bsp/\libhal_bsp.a(altera_avalon_jtag_uart_init.o)
 .comment       0x00000000       0x27 ../parpadeo_bsp/\libhal_bsp.a(altera_avalon_jtag_uart_ioctl.o)
 .comment       0x00000000       0x27 ../parpadeo_bsp/\libhal_bsp.a(altera_avalon_jtag_uart_read.o)
 .comment       0x00000000       0x27 ../parpadeo_bsp/\libhal_bsp.a(altera_avalon_jtag_uart_write.o)
 .comment       0x00000000       0x27 ../parpadeo_bsp/\libhal_bsp.a(altera_avalon_lcd_16207.o)
 .comment       0x00000000       0x27 ../parpadeo_bsp/\libhal_bsp.a(altera_avalon_lcd_16207_fd.o)
 .comment       0x00000000       0x27 ../parpadeo_bsp/\libhal_bsp.a(alt_alarm_start.o)
 .comment       0x00000000       0x27 ../parpadeo_bsp/\libhal_bsp.a(alt_busy_sleep.o)
 .comment       0x00000000       0x27 ../parpadeo_bsp/\libhal_bsp.a(alt_dcache_flush_all.o)
 .comment       0x00000000       0x27 ../parpadeo_bsp/\libhal_bsp.a(alt_dev_llist_insert.o)
 .comment       0x00000000       0x27 ../parpadeo_bsp/\libhal_bsp.a(alt_do_ctors.o)
 .comment       0x00000000       0x27 ../parpadeo_bsp/\libhal_bsp.a(alt_do_dtors.o)
 .comment       0x00000000       0x27 ../parpadeo_bsp/\libhal_bsp.a(alt_icache_flush_all.o)
 .comment       0x00000000       0x27 ../parpadeo_bsp/\libhal_bsp.a(alt_iic.o)
 .comment       0x00000000       0x27 ../parpadeo_bsp/\libhal_bsp.a(alt_iic_isr_register.o)
 .comment       0x00000000       0x27 ../parpadeo_bsp/\libhal_bsp.a(alt_io_redirect.o)
 .comment       0x00000000       0x27 ../parpadeo_bsp/\libhal_bsp.a(alt_irq_handler.o)
 .comment       0x00000000       0x27 ../parpadeo_bsp/\libhal_bsp.a(alt_irq_vars.o)
 .comment       0x00000000       0x27 ../parpadeo_bsp/\libhal_bsp.a(alt_open.o)
 .comment       0x00000000       0x27 ../parpadeo_bsp/\libhal_bsp.a(alt_tick.o)
 .comment       0x00000000       0x27 ../parpadeo_bsp/\libhal_bsp.a(altera_nios2_qsys_irq.o)
 .comment       0x00000000       0x27 ../parpadeo_bsp/\libhal_bsp.a(alt_find_dev.o)
 .comment       0x00000000       0x27 ../parpadeo_bsp/\libhal_bsp.a(alt_find_file.o)
 .comment       0x00000000       0x27 ../parpadeo_bsp/\libhal_bsp.a(alt_get_fd.o)
 .comment       0x00000000       0x27 c:/altera/13.0sp1/nios2eds/bin/gnu/h-i686-mingw32/bin/../lib/gcc/nios2-elf/4.1.2/../../../../nios2-elf/lib/mno-hw-mul\libc.a(lib_a-atexit.o)
 .comment       0x00000000       0x27 c:/altera/13.0sp1/nios2eds/bin/gnu/h-i686-mingw32/bin/../lib/gcc/nios2-elf/4.1.2/../../../../nios2-elf/lib/mno-hw-mul\libc.a(lib_a-ctype_.o)
 .comment       0x00000000       0x27 c:/altera/13.0sp1/nios2eds/bin/gnu/h-i686-mingw32/bin/../lib/gcc/nios2-elf/4.1.2/../../../../nios2-elf/lib/mno-hw-mul\libc.a(lib_a-exit.o)
 .comment       0x00000000       0x27 c:/altera/13.0sp1/nios2eds/bin/gnu/h-i686-mingw32/bin/../lib/gcc/nios2-elf/4.1.2/../../../../nios2-elf/lib/mno-hw-mul\libc.a(lib_a-memcmp.o)
 .comment       0x00000000       0x27 c:/altera/13.0sp1/nios2eds/bin/gnu/h-i686-mingw32/bin/../lib/gcc/nios2-elf/4.1.2/../../../../nios2-elf/lib/mno-hw-mul\libc.a(lib_a-__atexit.o)
 .comment       0x00000000       0x27 c:/altera/13.0sp1/nios2eds/bin/gnu/h-i686-mingw32/bin/../lib/gcc/nios2-elf/4.1.2/../../../../nios2-elf/lib/mno-hw-mul\libc.a(lib_a-__call_atexit.o)
 .comment       0x00000000       0x27 c:/altera/13.0sp1/nios2eds/bin/gnu/h-i686-mingw32/bin/../lib/gcc/nios2-elf/4.1.2/mno-hw-mul\libgcc.a(lib2-divmod.o)
 .comment       0x00000000       0x27 ../parpadeo_bsp/\libhal_bsp.a(alt_exit.o)

.debug
 *(.debug)

.line
 *(.line)

.debug_srcinfo
 *(.debug_srcinfo)

.debug_sfnames
 *(.debug_sfnames)

.debug_aranges  0x00000000      0x978
 *(.debug_aranges)
 .debug_aranges
                0x00000000       0x28 ../parpadeo_bsp//obj/HAL/src/crt0.o
 .debug_aranges
                0x00000028       0x20 obj/default/hello_world.o
 .debug_aranges
                0x00000048       0x20 c:/altera/13.0sp1/nios2eds/bin/gnu/h-i686-mingw32/bin/../lib/gcc/nios2-elf/4.1.2/../../../../nios2-elf/lib/mno-hw-mul\libc.a(lib_a-puts.o)
 .debug_aranges
                0x00000068       0x20 c:/altera/13.0sp1/nios2eds/bin/gnu/h-i686-mingw32/bin/../lib/gcc/nios2-elf/4.1.2/../../../../nios2-elf/lib/mno-hw-mul\libc.a(lib_a-strlen.o)
 .debug_aranges
                0x00000088       0x20 c:/altera/13.0sp1/nios2eds/bin/gnu/h-i686-mingw32/bin/../lib/gcc/nios2-elf/4.1.2/../../../../nios2-elf/lib/mno-hw-mul\libc.a(lib_a-fvwrite.o)
 .debug_aranges
                0x000000a8       0x20 c:/altera/13.0sp1/nios2eds/bin/gnu/h-i686-mingw32/bin/../lib/gcc/nios2-elf/4.1.2/../../../../nios2-elf/lib/mno-hw-mul\libc.a(lib_a-mallocr.o)
 .debug_aranges
                0x000000c8       0x20 c:/altera/13.0sp1/nios2eds/bin/gnu/h-i686-mingw32/bin/../lib/gcc/nios2-elf/4.1.2/../../../../nios2-elf/lib/mno-hw-mul\libc.a(lib_a-memchr.o)
 .debug_aranges
                0x000000e8       0x20 c:/altera/13.0sp1/nios2eds/bin/gnu/h-i686-mingw32/bin/../lib/gcc/nios2-elf/4.1.2/../../../../nios2-elf/lib/mno-hw-mul\libc.a(lib_a-memcpy.o)
 .debug_aranges
                0x00000108       0x20 c:/altera/13.0sp1/nios2eds/bin/gnu/h-i686-mingw32/bin/../lib/gcc/nios2-elf/4.1.2/../../../../nios2-elf/lib/mno-hw-mul\libc.a(lib_a-memmove.o)
 .debug_aranges
                0x00000128       0x20 c:/altera/13.0sp1/nios2eds/bin/gnu/h-i686-mingw32/bin/../lib/gcc/nios2-elf/4.1.2/../../../../nios2-elf/lib/mno-hw-mul\libc.a(lib_a-reallocr.o)
 .debug_aranges
                0x00000148       0x20 c:/altera/13.0sp1/nios2eds/bin/gnu/h-i686-mingw32/bin/../lib/gcc/nios2-elf/4.1.2/../../../../nios2-elf/lib/mno-hw-mul\libc.a(lib_a-sbrkr.o)
 .debug_aranges
                0x00000168       0x20 c:/altera/13.0sp1/nios2eds/bin/gnu/h-i686-mingw32/bin/../lib/gcc/nios2-elf/4.1.2/../../../../nios2-elf/lib/mno-hw-mul\libc.a(lib_a-wsetup.o)
 .debug_aranges
                0x00000188       0x20 c:/altera/13.0sp1/nios2eds/bin/gnu/h-i686-mingw32/bin/../lib/gcc/nios2-elf/4.1.2/../../../../nios2-elf/lib/mno-hw-mul\libc.a(lib_a-fflush.o)
 .debug_aranges
                0x000001a8       0x20 c:/altera/13.0sp1/nios2eds/bin/gnu/h-i686-mingw32/bin/../lib/gcc/nios2-elf/4.1.2/../../../../nios2-elf/lib/mno-hw-mul\libc.a(lib_a-findfp.o)
 .debug_aranges
                0x000001c8       0x20 c:/altera/13.0sp1/nios2eds/bin/gnu/h-i686-mingw32/bin/../lib/gcc/nios2-elf/4.1.2/../../../../nios2-elf/lib/mno-hw-mul\libc.a(lib_a-freer.o)
 .debug_aranges
                0x000001e8       0x20 c:/altera/13.0sp1/nios2eds/bin/gnu/h-i686-mingw32/bin/../lib/gcc/nios2-elf/4.1.2/../../../../nios2-elf/lib/mno-hw-mul\libc.a(lib_a-fwalk.o)
 .debug_aranges
                0x00000208       0x20 c:/altera/13.0sp1/nios2eds/bin/gnu/h-i686-mingw32/bin/../lib/gcc/nios2-elf/4.1.2/../../../../nios2-elf/lib/mno-hw-mul\libc.a(lib_a-makebuf.o)
 .debug_aranges
                0x00000228       0x20 c:/altera/13.0sp1/nios2eds/bin/gnu/h-i686-mingw32/bin/../lib/gcc/nios2-elf/4.1.2/../../../../nios2-elf/lib/mno-hw-mul\libc.a(lib_a-memset.o)
 .debug_aranges
                0x00000248       0x20 c:/altera/13.0sp1/nios2eds/bin/gnu/h-i686-mingw32/bin/../lib/gcc/nios2-elf/4.1.2/../../../../nios2-elf/lib/mno-hw-mul\libc.a(lib_a-stdio.o)
 .debug_aranges
                0x00000268       0x20 c:/altera/13.0sp1/nios2eds/bin/gnu/h-i686-mingw32/bin/../lib/gcc/nios2-elf/4.1.2/../../../../nios2-elf/lib/mno-hw-mul\libc.a(lib_a-writer.o)
 .debug_aranges
                0x00000288       0x20 c:/altera/13.0sp1/nios2eds/bin/gnu/h-i686-mingw32/bin/../lib/gcc/nios2-elf/4.1.2/../../../../nios2-elf/lib/mno-hw-mul\libc.a(lib_a-closer.o)
 .debug_aranges
                0x000002a8       0x20 c:/altera/13.0sp1/nios2eds/bin/gnu/h-i686-mingw32/bin/../lib/gcc/nios2-elf/4.1.2/../../../../nios2-elf/lib/mno-hw-mul\libc.a(lib_a-fclose.o)
 .debug_aranges
                0x000002c8       0x20 c:/altera/13.0sp1/nios2eds/bin/gnu/h-i686-mingw32/bin/../lib/gcc/nios2-elf/4.1.2/../../../../nios2-elf/lib/mno-hw-mul\libc.a(lib_a-fstatr.o)
 .debug_aranges
                0x000002e8       0x20 c:/altera/13.0sp1/nios2eds/bin/gnu/h-i686-mingw32/bin/../lib/gcc/nios2-elf/4.1.2/../../../../nios2-elf/lib/mno-hw-mul\libc.a(lib_a-isattyr.o)
 .debug_aranges
                0x00000308       0x20 c:/altera/13.0sp1/nios2eds/bin/gnu/h-i686-mingw32/bin/../lib/gcc/nios2-elf/4.1.2/../../../../nios2-elf/lib/mno-hw-mul\libc.a(lib_a-lseekr.o)
 .debug_aranges
                0x00000328       0x20 c:/altera/13.0sp1/nios2eds/bin/gnu/h-i686-mingw32/bin/../lib/gcc/nios2-elf/4.1.2/../../../../nios2-elf/lib/mno-hw-mul\libc.a(lib_a-readr.o)
 .debug_aranges
                0x00000348       0x20 c:/altera/13.0sp1/nios2eds/bin/gnu/h-i686-mingw32/bin/../lib/gcc/nios2-elf/4.1.2/mno-hw-mul\libgcc.a(lib2-mul.o)
 .debug_aranges
                0x00000368       0x20 ../parpadeo_bsp/\libhal_bsp.a(alt_close.o)
 .debug_aranges
                0x00000388       0x20 ../parpadeo_bsp/\libhal_bsp.a(alt_dev.o)
 .debug_aranges
                0x000003a8       0x20 ../parpadeo_bsp/\libhal_bsp.a(alt_fstat.o)
 .debug_aranges
                0x000003c8       0x20 ../parpadeo_bsp/\libhal_bsp.a(alt_isatty.o)
 .debug_aranges
                0x000003e8       0x20 ../parpadeo_bsp/\libhal_bsp.a(alt_load.o)
 .debug_aranges
                0x00000408       0x20 ../parpadeo_bsp/\libhal_bsp.a(alt_lseek.o)
 .debug_aranges
                0x00000428       0x20 ../parpadeo_bsp/\libhal_bsp.a(alt_main.o)
 .debug_aranges
                0x00000448       0x20 ../parpadeo_bsp/\libhal_bsp.a(alt_malloc_lock.o)
 .debug_aranges
                0x00000468       0x20 ../parpadeo_bsp/\libhal_bsp.a(alt_read.o)
 .debug_aranges
                0x00000488       0x20 ../parpadeo_bsp/\libhal_bsp.a(alt_release_fd.o)
 .debug_aranges
                0x000004a8       0x20 ../parpadeo_bsp/\libhal_bsp.a(alt_sbrk.o)
 .debug_aranges
                0x000004c8       0x20 ../parpadeo_bsp/\libhal_bsp.a(alt_usleep.o)
 .debug_aranges
                0x000004e8       0x20 ../parpadeo_bsp/\libhal_bsp.a(alt_write.o)
 .debug_aranges
                0x00000508       0x20 ../parpadeo_bsp/\libhal_bsp.a(alt_sys_init.o)
 .debug_aranges
                0x00000528       0x20 ../parpadeo_bsp/\libhal_bsp.a(altera_avalon_jtag_uart_fd.o)
 .debug_aranges
                0x00000548       0x20 ../parpadeo_bsp/\libhal_bsp.a(altera_avalon_jtag_uart_init.o)
 .debug_aranges
                0x00000568       0x20 ../parpadeo_bsp/\libhal_bsp.a(altera_avalon_jtag_uart_ioctl.o)
 .debug_aranges
                0x00000588       0x20 ../parpadeo_bsp/\libhal_bsp.a(altera_avalon_jtag_uart_read.o)
 .debug_aranges
                0x000005a8       0x20 ../parpadeo_bsp/\libhal_bsp.a(altera_avalon_jtag_uart_write.o)
 .debug_aranges
                0x000005c8       0x20 ../parpadeo_bsp/\libhal_bsp.a(altera_avalon_lcd_16207.o)
 .debug_aranges
                0x000005e8       0x20 ../parpadeo_bsp/\libhal_bsp.a(altera_avalon_lcd_16207_fd.o)
 .debug_aranges
                0x00000608       0x20 ../parpadeo_bsp/\libhal_bsp.a(alt_alarm_start.o)
 .debug_aranges
                0x00000628       0x20 ../parpadeo_bsp/\libhal_bsp.a(alt_busy_sleep.o)
 .debug_aranges
                0x00000648       0x20 ../parpadeo_bsp/\libhal_bsp.a(alt_dcache_flush_all.o)
 .debug_aranges
                0x00000668       0x20 ../parpadeo_bsp/\libhal_bsp.a(alt_dev_llist_insert.o)
 .debug_aranges
                0x00000688       0x20 ../parpadeo_bsp/\libhal_bsp.a(alt_do_ctors.o)
 .debug_aranges
                0x000006a8       0x20 ../parpadeo_bsp/\libhal_bsp.a(alt_do_dtors.o)
 .debug_aranges
                0x000006c8       0x20 ../parpadeo_bsp/\libhal_bsp.a(alt_icache_flush_all.o)
 .debug_aranges
                0x000006e8       0x20 ../parpadeo_bsp/\libhal_bsp.a(alt_iic.o)
 .debug_aranges
                0x00000708       0x20 ../parpadeo_bsp/\libhal_bsp.a(alt_iic_isr_register.o)
 .debug_aranges
                0x00000728       0x20 ../parpadeo_bsp/\libhal_bsp.a(alt_io_redirect.o)
 .debug_aranges
                0x00000748       0x30 ../parpadeo_bsp/\libhal_bsp.a(alt_irq_entry.o)
 .debug_aranges
                0x00000778       0x28 ../parpadeo_bsp/\libhal_bsp.a(alt_irq_handler.o)
 .debug_aranges
                0x000007a0       0x20 ../parpadeo_bsp/\libhal_bsp.a(alt_open.o)
 .debug_aranges
                0x000007c0       0x20 ../parpadeo_bsp/\libhal_bsp.a(alt_tick.o)
 .debug_aranges
                0x000007e0       0x20 ../parpadeo_bsp/\libhal_bsp.a(altera_nios2_qsys_irq.o)
 .debug_aranges
                0x00000800       0x38 ../parpadeo_bsp/\libhal_bsp.a(alt_exception_entry.o)
 .debug_aranges
                0x00000838       0x20 ../parpadeo_bsp/\libhal_bsp.a(alt_find_dev.o)
 .debug_aranges
                0x00000858       0x20 ../parpadeo_bsp/\libhal_bsp.a(alt_find_file.o)
 .debug_aranges
                0x00000878       0x20 ../parpadeo_bsp/\libhal_bsp.a(alt_get_fd.o)
 .debug_aranges
                0x00000898       0x20 c:/altera/13.0sp1/nios2eds/bin/gnu/h-i686-mingw32/bin/../lib/gcc/nios2-elf/4.1.2/../../../../nios2-elf/lib/mno-hw-mul\libc.a(lib_a-atexit.o)
 .debug_aranges
                0x000008b8       0x20 c:/altera/13.0sp1/nios2eds/bin/gnu/h-i686-mingw32/bin/../lib/gcc/nios2-elf/4.1.2/../../../../nios2-elf/lib/mno-hw-mul\libc.a(lib_a-exit.o)
 .debug_aranges
                0x000008d8       0x20 c:/altera/13.0sp1/nios2eds/bin/gnu/h-i686-mingw32/bin/../lib/gcc/nios2-elf/4.1.2/../../../../nios2-elf/lib/mno-hw-mul\libc.a(lib_a-memcmp.o)
 .debug_aranges
                0x000008f8       0x20 c:/altera/13.0sp1/nios2eds/bin/gnu/h-i686-mingw32/bin/../lib/gcc/nios2-elf/4.1.2/../../../../nios2-elf/lib/mno-hw-mul\libc.a(lib_a-__atexit.o)
 .debug_aranges
                0x00000918       0x20 c:/altera/13.0sp1/nios2eds/bin/gnu/h-i686-mingw32/bin/../lib/gcc/nios2-elf/4.1.2/../../../../nios2-elf/lib/mno-hw-mul\libc.a(lib_a-__call_atexit.o)
 .debug_aranges
                0x00000938       0x20 c:/altera/13.0sp1/nios2eds/bin/gnu/h-i686-mingw32/bin/../lib/gcc/nios2-elf/4.1.2/mno-hw-mul\libgcc.a(lib2-divmod.o)
 .debug_aranges
                0x00000958       0x20 ../parpadeo_bsp/\libhal_bsp.a(alt_exit.o)

.debug_pubnames
                0x00000000      0xe75
 *(.debug_pubnames)
 .debug_pubnames
                0x00000000       0x32 obj/default/hello_world.o
 .debug_pubnames
                0x00000032       0x27 c:/altera/13.0sp1/nios2eds/bin/gnu/h-i686-mingw32/bin/../lib/gcc/nios2-elf/4.1.2/../../../../nios2-elf/lib/mno-hw-mul\libc.a(lib_a-puts.o)
 .debug_pubnames
                0x00000059       0x1d c:/altera/13.0sp1/nios2eds/bin/gnu/h-i686-mingw32/bin/../lib/gcc/nios2-elf/4.1.2/../../../../nios2-elf/lib/mno-hw-mul\libc.a(lib_a-strlen.o)
 .debug_pubnames
                0x00000076       0x23 c:/altera/13.0sp1/nios2eds/bin/gnu/h-i686-mingw32/bin/../lib/gcc/nios2-elf/4.1.2/../../../../nios2-elf/lib/mno-hw-mul\libc.a(lib_a-fvwrite.o)
 .debug_pubnames
                0x00000099       0x39 c:/altera/13.0sp1/nios2eds/bin/gnu/h-i686-mingw32/bin/../lib/gcc/nios2-elf/4.1.2/../../../../nios2-elf/lib/mno-hw-mul\libc.a(lib_a-impure.o)
 .debug_pubnames
                0x000000d2       0xce c:/altera/13.0sp1/nios2eds/bin/gnu/h-i686-mingw32/bin/../lib/gcc/nios2-elf/4.1.2/../../../../nios2-elf/lib/mno-hw-mul\libc.a(lib_a-mallocr.o)
 .debug_pubnames
                0x000001a0       0x1d c:/altera/13.0sp1/nios2eds/bin/gnu/h-i686-mingw32/bin/../lib/gcc/nios2-elf/4.1.2/../../../../nios2-elf/lib/mno-hw-mul\libc.a(lib_a-memchr.o)
 .debug_pubnames
                0x000001bd       0x1d c:/altera/13.0sp1/nios2eds/bin/gnu/h-i686-mingw32/bin/../lib/gcc/nios2-elf/4.1.2/../../../../nios2-elf/lib/mno-hw-mul\libc.a(lib_a-memcpy.o)
 .debug_pubnames
                0x000001da       0x1e c:/altera/13.0sp1/nios2eds/bin/gnu/h-i686-mingw32/bin/../lib/gcc/nios2-elf/4.1.2/../../../../nios2-elf/lib/mno-hw-mul\libc.a(lib_a-memmove.o)
 .debug_pubnames
                0x000001f8       0x21 c:/altera/13.0sp1/nios2eds/bin/gnu/h-i686-mingw32/bin/../lib/gcc/nios2-elf/4.1.2/../../../../nios2-elf/lib/mno-hw-mul\libc.a(lib_a-reallocr.o)
 .debug_pubnames
                0x00000219       0x1e c:/altera/13.0sp1/nios2eds/bin/gnu/h-i686-mingw32/bin/../lib/gcc/nios2-elf/4.1.2/../../../../nios2-elf/lib/mno-hw-mul\libc.a(lib_a-sbrkr.o)
 .debug_pubnames
                0x00000237       0x22 c:/altera/13.0sp1/nios2eds/bin/gnu/h-i686-mingw32/bin/../lib/gcc/nios2-elf/4.1.2/../../../../nios2-elf/lib/mno-hw-mul\libc.a(lib_a-wsetup.o)
 .debug_pubnames
                0x00000259       0x2b c:/altera/13.0sp1/nios2eds/bin/gnu/h-i686-mingw32/bin/../lib/gcc/nios2-elf/4.1.2/../../../../nios2-elf/lib/mno-hw-mul\libc.a(lib_a-fflush.o)
 .debug_pubnames
                0x00000284       0xdb c:/altera/13.0sp1/nios2eds/bin/gnu/h-i686-mingw32/bin/../lib/gcc/nios2-elf/4.1.2/../../../../nios2-elf/lib/mno-hw-mul\libc.a(lib_a-findfp.o)
 .debug_pubnames
                0x0000035f       0x31 c:/altera/13.0sp1/nios2eds/bin/gnu/h-i686-mingw32/bin/../lib/gcc/nios2-elf/4.1.2/../../../../nios2-elf/lib/mno-hw-mul\libc.a(lib_a-freer.o)
 .debug_pubnames
                0x00000390       0x2e c:/altera/13.0sp1/nios2eds/bin/gnu/h-i686-mingw32/bin/../lib/gcc/nios2-elf/4.1.2/../../../../nios2-elf/lib/mno-hw-mul\libc.a(lib_a-fwalk.o)
 .debug_pubnames
                0x000003be       0x1c c:/altera/13.0sp1/nios2eds/bin/gnu/h-i686-mingw32/bin/../lib/gcc/nios2-elf/4.1.2/../../../../nios2-elf/lib/mno-hw-mul\libc.a(lib_a-int_errno.o)
 .debug_pubnames
                0x000003da       0x23 c:/altera/13.0sp1/nios2eds/bin/gnu/h-i686-mingw32/bin/../lib/gcc/nios2-elf/4.1.2/../../../../nios2-elf/lib/mno-hw-mul\libc.a(lib_a-makebuf.o)
 .debug_pubnames
                0x000003fd       0x1d c:/altera/13.0sp1/nios2eds/bin/gnu/h-i686-mingw32/bin/../lib/gcc/nios2-elf/4.1.2/../../../../nios2-elf/lib/mno-hw-mul\libc.a(lib_a-memset.o)
 .debug_pubnames
                0x0000041a       0x44 c:/altera/13.0sp1/nios2eds/bin/gnu/h-i686-mingw32/bin/../lib/gcc/nios2-elf/4.1.2/../../../../nios2-elf/lib/mno-hw-mul\libc.a(lib_a-stdio.o)
 .debug_pubnames
                0x0000045e       0x1f c:/altera/13.0sp1/nios2eds/bin/gnu/h-i686-mingw32/bin/../lib/gcc/nios2-elf/4.1.2/../../../../nios2-elf/lib/mno-hw-mul\libc.a(lib_a-writer.o)
 .debug_pubnames
                0x0000047d       0x1f c:/altera/13.0sp1/nios2eds/bin/gnu/h-i686-mingw32/bin/../lib/gcc/nios2-elf/4.1.2/../../../../nios2-elf/lib/mno-hw-mul\libc.a(lib_a-closer.o)
 .debug_pubnames
                0x0000049c       0x2b c:/altera/13.0sp1/nios2eds/bin/gnu/h-i686-mingw32/bin/../lib/gcc/nios2-elf/4.1.2/../../../../nios2-elf/lib/mno-hw-mul\libc.a(lib_a-fclose.o)
 .debug_pubnames
                0x000004c7       0x1f c:/altera/13.0sp1/nios2eds/bin/gnu/h-i686-mingw32/bin/../lib/gcc/nios2-elf/4.1.2/../../../../nios2-elf/lib/mno-hw-mul\libc.a(lib_a-fstatr.o)
 .debug_pubnames
                0x000004e6       0x20 c:/altera/13.0sp1/nios2eds/bin/gnu/h-i686-mingw32/bin/../lib/gcc/nios2-elf/4.1.2/../../../../nios2-elf/lib/mno-hw-mul\libc.a(lib_a-isattyr.o)
 .debug_pubnames
                0x00000506       0x1f c:/altera/13.0sp1/nios2eds/bin/gnu/h-i686-mingw32/bin/../lib/gcc/nios2-elf/4.1.2/../../../../nios2-elf/lib/mno-hw-mul\libc.a(lib_a-lseekr.o)
 .debug_pubnames
                0x00000525       0x1e c:/altera/13.0sp1/nios2eds/bin/gnu/h-i686-mingw32/bin/../lib/gcc/nios2-elf/4.1.2/../../../../nios2-elf/lib/mno-hw-mul\libc.a(lib_a-readr.o)
 .debug_pubnames
                0x00000543       0x1f c:/altera/13.0sp1/nios2eds/bin/gnu/h-i686-mingw32/bin/../lib/gcc/nios2-elf/4.1.2/mno-hw-mul\libgcc.a(lib2-mul.o)
 .debug_pubnames
                0x00000562       0x1c ../parpadeo_bsp/\libhal_bsp.a(alt_close.o)
 .debug_pubnames
                0x0000057e       0x63 ../parpadeo_bsp/\libhal_bsp.a(alt_dev.o)
 .debug_pubnames
                0x000005e1       0x20 ../parpadeo_bsp/\libhal_bsp.a(alt_errno.o)
 .debug_pubnames
                0x00000601       0x1c ../parpadeo_bsp/\libhal_bsp.a(alt_fstat.o)
 .debug_pubnames
                0x0000061d       0x1d ../parpadeo_bsp/\libhal_bsp.a(alt_isatty.o)
 .debug_pubnames
                0x0000063a       0x1f ../parpadeo_bsp/\libhal_bsp.a(alt_load.o)
 .debug_pubnames
                0x00000659       0x1c ../parpadeo_bsp/\libhal_bsp.a(alt_lseek.o)
 .debug_pubnames
                0x00000675       0x46 ../parpadeo_bsp/\libhal_bsp.a(alt_main.o)
 .debug_pubnames
                0x000006bb       0x38 ../parpadeo_bsp/\libhal_bsp.a(alt_malloc_lock.o)
 .debug_pubnames
                0x000006f3       0x1b ../parpadeo_bsp/\libhal_bsp.a(alt_read.o)
 .debug_pubnames
                0x0000070e       0x25 ../parpadeo_bsp/\libhal_bsp.a(alt_release_fd.o)
 .debug_pubnames
                0x00000733       0x1b ../parpadeo_bsp/\libhal_bsp.a(alt_sbrk.o)
 .debug_pubnames
                0x0000074e       0x1d ../parpadeo_bsp/\libhal_bsp.a(alt_usleep.o)
 .debug_pubnames
                0x0000076b       0x1c ../parpadeo_bsp/\libhal_bsp.a(alt_write.o)
 .debug_pubnames
                0x00000787       0x34 ../parpadeo_bsp/\libhal_bsp.a(alt_sys_init.o)
 .debug_pubnames
                0x000007bb       0xa5 ../parpadeo_bsp/\libhal_bsp.a(altera_avalon_jtag_uart_fd.o)
 .debug_pubnames
                0x00000860       0x55 ../parpadeo_bsp/\libhal_bsp.a(altera_avalon_jtag_uart_init.o)
 .debug_pubnames
                0x000008b5       0x34 ../parpadeo_bsp/\libhal_bsp.a(altera_avalon_jtag_uart_ioctl.o)
 .debug_pubnames
                0x000008e9       0x33 ../parpadeo_bsp/\libhal_bsp.a(altera_avalon_jtag_uart_read.o)
 .debug_pubnames
                0x0000091c       0x34 ../parpadeo_bsp/\libhal_bsp.a(altera_avalon_jtag_uart_write.o)
 .debug_pubnames
                0x00000950       0x55 ../parpadeo_bsp/\libhal_bsp.a(altera_avalon_lcd_16207.o)
 .debug_pubnames
                0x000009a5       0x37 ../parpadeo_bsp/\libhal_bsp.a(altera_avalon_lcd_16207_fd.o)
 .debug_pubnames
                0x000009dc       0x26 ../parpadeo_bsp/\libhal_bsp.a(alt_alarm_start.o)
 .debug_pubnames
                0x00000a02       0x25 ../parpadeo_bsp/\libhal_bsp.a(alt_busy_sleep.o)
 .debug_pubnames
                0x00000a27       0x2b ../parpadeo_bsp/\libhal_bsp.a(alt_dcache_flush_all.o)
 .debug_pubnames
                0x00000a52       0x2b ../parpadeo_bsp/\libhal_bsp.a(alt_dev_llist_insert.o)
 .debug_pubnames
                0x00000a7d       0x20 ../parpadeo_bsp/\libhal_bsp.a(alt_do_ctors.o)
 .debug_pubnames
                0x00000a9d       0x20 ../parpadeo_bsp/\libhal_bsp.a(alt_do_dtors.o)
 .debug_pubnames
                0x00000abd       0x2b ../parpadeo_bsp/\libhal_bsp.a(alt_icache_flush_all.o)
 .debug_pubnames
                0x00000ae8       0x6e ../parpadeo_bsp/\libhal_bsp.a(alt_iic.o)
 .debug_pubnames
                0x00000b56       0x2b ../parpadeo_bsp/\libhal_bsp.a(alt_iic_isr_register.o)
 .debug_pubnames
                0x00000b81       0x26 ../parpadeo_bsp/\libhal_bsp.a(alt_io_redirect.o)
 .debug_pubnames
                0x00000ba7       0x32 ../parpadeo_bsp/\libhal_bsp.a(alt_irq_handler.o)
 .debug_pubnames
                0x00000bd9       0x3b ../parpadeo_bsp/\libhal_bsp.a(alt_irq_vars.o)
 .debug_pubnames
                0x00000c14       0x1b ../parpadeo_bsp/\libhal_bsp.a(alt_open.o)
 .debug_pubnames
                0x00000c2f       0x68 ../parpadeo_bsp/\libhal_bsp.a(alt_tick.o)
 .debug_pubnames
                0x00000c97       0x31 ../parpadeo_bsp/\libhal_bsp.a(altera_nios2_qsys_irq.o)
 .debug_pubnames
                0x00000cc8       0x23 ../parpadeo_bsp/\libhal_bsp.a(alt_find_dev.o)
 .debug_pubnames
                0x00000ceb       0x24 ../parpadeo_bsp/\libhal_bsp.a(alt_find_file.o)
 .debug_pubnames
                0x00000d0f       0x21 ../parpadeo_bsp/\libhal_bsp.a(alt_get_fd.o)
 .debug_pubnames
                0x00000d30       0x2a c:/altera/13.0sp1/nios2eds/bin/gnu/h-i686-mingw32/bin/../lib/gcc/nios2-elf/4.1.2/../../../../nios2-elf/lib/mno-hw-mul\libc.a(lib_a-atexit.o)
 .debug_pubnames
                0x00000d5a       0x2e c:/altera/13.0sp1/nios2eds/bin/gnu/h-i686-mingw32/bin/../lib/gcc/nios2-elf/4.1.2/../../../../nios2-elf/lib/mno-hw-mul\libc.a(lib_a-ctype_.o)
 .debug_pubnames
                0x00000d88       0x1b c:/altera/13.0sp1/nios2eds/bin/gnu/h-i686-mingw32/bin/../lib/gcc/nios2-elf/4.1.2/../../../../nios2-elf/lib/mno-hw-mul\libc.a(lib_a-exit.o)
 .debug_pubnames
                0x00000da3       0x1d c:/altera/13.0sp1/nios2eds/bin/gnu/h-i686-mingw32/bin/../lib/gcc/nios2-elf/4.1.2/../../../../nios2-elf/lib/mno-hw-mul\libc.a(lib_a-memcmp.o)
 .debug_pubnames
                0x00000dc0       0x2a c:/altera/13.0sp1/nios2eds/bin/gnu/h-i686-mingw32/bin/../lib/gcc/nios2-elf/4.1.2/../../../../nios2-elf/lib/mno-hw-mul\libc.a(lib_a-__atexit.o)
 .debug_pubnames
                0x00000dea       0x27 c:/altera/13.0sp1/nios2eds/bin/gnu/h-i686-mingw32/bin/../lib/gcc/nios2-elf/4.1.2/../../../../nios2-elf/lib/mno-hw-mul\libc.a(lib_a-__call_atexit.o)
 .debug_pubnames
                0x00000e11       0x48 c:/altera/13.0sp1/nios2eds/bin/gnu/h-i686-mingw32/bin/../lib/gcc/nios2-elf/4.1.2/mno-hw-mul\libgcc.a(lib2-divmod.o)
 .debug_pubnames
                0x00000e59       0x1c ../parpadeo_bsp/\libhal_bsp.a(alt_exit.o)

.debug_info     0x00000000    0x1a885
 *(.debug_info .gnu.linkonce.wi.*)
 .debug_info    0x00000000       0x64 ../parpadeo_bsp//obj/HAL/src/crt0.o
 .debug_info    0x00000064      0x155 obj/default/hello_world.o
 .debug_info    0x000001b9      0xa25 c:/altera/13.0sp1/nios2eds/bin/gnu/h-i686-mingw32/bin/../lib/gcc/nios2-elf/4.1.2/../../../../nios2-elf/lib/mno-hw-mul\libc.a(lib_a-puts.o)
 .debug_info    0x00000bde       0xdb c:/altera/13.0sp1/nios2eds/bin/gnu/h-i686-mingw32/bin/../lib/gcc/nios2-elf/4.1.2/../../../../nios2-elf/lib/mno-hw-mul\libc.a(lib_a-strlen.o)
 .debug_info    0x00000cb9      0xa88 c:/altera/13.0sp1/nios2eds/bin/gnu/h-i686-mingw32/bin/../lib/gcc/nios2-elf/4.1.2/../../../../nios2-elf/lib/mno-hw-mul\libc.a(lib_a-fvwrite.o)
 .debug_info    0x00001741      0x93d c:/altera/13.0sp1/nios2eds/bin/gnu/h-i686-mingw32/bin/../lib/gcc/nios2-elf/4.1.2/../../../../nios2-elf/lib/mno-hw-mul\libc.a(lib_a-impure.o)
 .debug_info    0x0000207e      0xcd0 c:/altera/13.0sp1/nios2eds/bin/gnu/h-i686-mingw32/bin/../lib/gcc/nios2-elf/4.1.2/../../../../nios2-elf/lib/mno-hw-mul\libc.a(lib_a-mallocr.o)
 .debug_info    0x00002d4e      0x138 c:/altera/13.0sp1/nios2eds/bin/gnu/h-i686-mingw32/bin/../lib/gcc/nios2-elf/4.1.2/../../../../nios2-elf/lib/mno-hw-mul\libc.a(lib_a-memchr.o)
 .debug_info    0x00002e86      0x106 c:/altera/13.0sp1/nios2eds/bin/gnu/h-i686-mingw32/bin/../lib/gcc/nios2-elf/4.1.2/../../../../nios2-elf/lib/mno-hw-mul\libc.a(lib_a-memcpy.o)
 .debug_info    0x00002f8c      0x13e c:/altera/13.0sp1/nios2eds/bin/gnu/h-i686-mingw32/bin/../lib/gcc/nios2-elf/4.1.2/../../../../nios2-elf/lib/mno-hw-mul\libc.a(lib_a-memmove.o)
 .debug_info    0x000030ca      0xbd7 c:/altera/13.0sp1/nios2eds/bin/gnu/h-i686-mingw32/bin/../lib/gcc/nios2-elf/4.1.2/../../../../nios2-elf/lib/mno-hw-mul\libc.a(lib_a-reallocr.o)
 .debug_info    0x00003ca1      0x962 c:/altera/13.0sp1/nios2eds/bin/gnu/h-i686-mingw32/bin/../lib/gcc/nios2-elf/4.1.2/../../../../nios2-elf/lib/mno-hw-mul\libc.a(lib_a-sbrkr.o)
 .debug_info    0x00004603      0x95d c:/altera/13.0sp1/nios2eds/bin/gnu/h-i686-mingw32/bin/../lib/gcc/nios2-elf/4.1.2/../../../../nios2-elf/lib/mno-hw-mul\libc.a(lib_a-wsetup.o)
 .debug_info    0x00004f60      0x9fe c:/altera/13.0sp1/nios2eds/bin/gnu/h-i686-mingw32/bin/../lib/gcc/nios2-elf/4.1.2/../../../../nios2-elf/lib/mno-hw-mul\libc.a(lib_a-fflush.o)
 .debug_info    0x0000595e      0xb72 c:/altera/13.0sp1/nios2eds/bin/gnu/h-i686-mingw32/bin/../lib/gcc/nios2-elf/4.1.2/../../../../nios2-elf/lib/mno-hw-mul\libc.a(lib_a-findfp.o)
 .debug_info    0x000064d0      0xbc9 c:/altera/13.0sp1/nios2eds/bin/gnu/h-i686-mingw32/bin/../lib/gcc/nios2-elf/4.1.2/../../../../nios2-elf/lib/mno-hw-mul\libc.a(lib_a-freer.o)
 .debug_info    0x00007099      0xaed c:/altera/13.0sp1/nios2eds/bin/gnu/h-i686-mingw32/bin/../lib/gcc/nios2-elf/4.1.2/../../../../nios2-elf/lib/mno-hw-mul\libc.a(lib_a-fwalk.o)
 .debug_info    0x00007b86       0x8c c:/altera/13.0sp1/nios2eds/bin/gnu/h-i686-mingw32/bin/../lib/gcc/nios2-elf/4.1.2/../../../../nios2-elf/lib/mno-hw-mul\libc.a(lib_a-int_errno.o)
 .debug_info    0x00007c12      0xb1a c:/altera/13.0sp1/nios2eds/bin/gnu/h-i686-mingw32/bin/../lib/gcc/nios2-elf/4.1.2/../../../../nios2-elf/lib/mno-hw-mul\libc.a(lib_a-makebuf.o)
 .debug_info    0x0000872c      0x113 c:/altera/13.0sp1/nios2eds/bin/gnu/h-i686-mingw32/bin/../lib/gcc/nios2-elf/4.1.2/../../../../nios2-elf/lib/mno-hw-mul\libc.a(lib_a-memset.o)
 .debug_info    0x0000883f      0xaac c:/altera/13.0sp1/nios2eds/bin/gnu/h-i686-mingw32/bin/../lib/gcc/nios2-elf/4.1.2/../../../../nios2-elf/lib/mno-hw-mul\libc.a(lib_a-stdio.o)
 .debug_info    0x000092eb      0x993 c:/altera/13.0sp1/nios2eds/bin/gnu/h-i686-mingw32/bin/../lib/gcc/nios2-elf/4.1.2/../../../../nios2-elf/lib/mno-hw-mul\libc.a(lib_a-writer.o)
 .debug_info    0x00009c7e      0x958 c:/altera/13.0sp1/nios2eds/bin/gnu/h-i686-mingw32/bin/../lib/gcc/nios2-elf/4.1.2/../../../../nios2-elf/lib/mno-hw-mul\libc.a(lib_a-closer.o)
 .debug_info    0x0000a5d6      0x994 c:/altera/13.0sp1/nios2eds/bin/gnu/h-i686-mingw32/bin/../lib/gcc/nios2-elf/4.1.2/../../../../nios2-elf/lib/mno-hw-mul\libc.a(lib_a-fclose.o)
 .debug_info    0x0000af6a      0xafc c:/altera/13.0sp1/nios2eds/bin/gnu/h-i686-mingw32/bin/../lib/gcc/nios2-elf/4.1.2/../../../../nios2-elf/lib/mno-hw-mul\libc.a(lib_a-fstatr.o)
 .debug_info    0x0000ba66      0x958 c:/altera/13.0sp1/nios2eds/bin/gnu/h-i686-mingw32/bin/../lib/gcc/nios2-elf/4.1.2/../../../../nios2-elf/lib/mno-hw-mul\libc.a(lib_a-isattyr.o)
 .debug_info    0x0000c3be      0x981 c:/altera/13.0sp1/nios2eds/bin/gnu/h-i686-mingw32/bin/../lib/gcc/nios2-elf/4.1.2/../../../../nios2-elf/lib/mno-hw-mul\libc.a(lib_a-lseekr.o)
 .debug_info    0x0000cd3f      0x98c c:/altera/13.0sp1/nios2eds/bin/gnu/h-i686-mingw32/bin/../lib/gcc/nios2-elf/4.1.2/../../../../nios2-elf/lib/mno-hw-mul\libc.a(lib_a-readr.o)
 .debug_info    0x0000d6cb       0xf3 c:/altera/13.0sp1/nios2eds/bin/gnu/h-i686-mingw32/bin/../lib/gcc/nios2-elf/4.1.2/mno-hw-mul\libgcc.a(lib2-mul.o)
 .debug_info    0x0000d7be      0x450 ../parpadeo_bsp/\libhal_bsp.a(alt_close.o)
 .debug_info    0x0000dc0e      0x668 ../parpadeo_bsp/\libhal_bsp.a(alt_dev.o)
 .debug_info    0x0000e276      0x14d ../parpadeo_bsp/\libhal_bsp.a(alt_errno.o)
 .debug_info    0x0000e3c3      0x649 ../parpadeo_bsp/\libhal_bsp.a(alt_fstat.o)
 .debug_info    0x0000ea0c      0x64f ../parpadeo_bsp/\libhal_bsp.a(alt_isatty.o)
 .debug_info    0x0000f05b      0x276 ../parpadeo_bsp/\libhal_bsp.a(alt_load.o)
 .debug_info    0x0000f2d1      0x483 ../parpadeo_bsp/\libhal_bsp.a(alt_lseek.o)
 .debug_info    0x0000f754      0x20e ../parpadeo_bsp/\libhal_bsp.a(alt_main.o)
 .debug_info    0x0000f962      0xc01 ../parpadeo_bsp/\libhal_bsp.a(alt_malloc_lock.o)
 .debug_info    0x00010563      0x673 ../parpadeo_bsp/\libhal_bsp.a(alt_read.o)
 .debug_info    0x00010bd6      0x3db ../parpadeo_bsp/\libhal_bsp.a(alt_release_fd.o)
 .debug_info    0x00010fb1      0x2a0 ../parpadeo_bsp/\libhal_bsp.a(alt_sbrk.o)
 .debug_info    0x00011251      0x151 ../parpadeo_bsp/\libhal_bsp.a(alt_usleep.o)
 .debug_info    0x000113a2      0x67c ../parpadeo_bsp/\libhal_bsp.a(alt_write.o)
 .debug_info    0x00011a1e      0x8f2 ../parpadeo_bsp/\libhal_bsp.a(alt_sys_init.o)
 .debug_info    0x00012310      0x7c2 ../parpadeo_bsp/\libhal_bsp.a(altera_avalon_jtag_uart_fd.o)
 .debug_info    0x00012ad2      0x5ea ../parpadeo_bsp/\libhal_bsp.a(altera_avalon_jtag_uart_init.o)
 .debug_info    0x000130bc      0x42c ../parpadeo_bsp/\libhal_bsp.a(altera_avalon_jtag_uart_ioctl.o)
 .debug_info    0x000134e8      0x52f ../parpadeo_bsp/\libhal_bsp.a(altera_avalon_jtag_uart_read.o)
 .debug_info    0x00013a17      0x527 ../parpadeo_bsp/\libhal_bsp.a(altera_avalon_jtag_uart_write.o)
 .debug_info    0x00013f3e      0x8d7 ../parpadeo_bsp/\libhal_bsp.a(altera_avalon_lcd_16207.o)
 .debug_info    0x00014815      0x6fb ../parpadeo_bsp/\libhal_bsp.a(altera_avalon_lcd_16207_fd.o)
 .debug_info    0x00014f10      0x42b ../parpadeo_bsp/\libhal_bsp.a(alt_alarm_start.o)
 .debug_info    0x0001533b      0x194 ../parpadeo_bsp/\libhal_bsp.a(alt_busy_sleep.o)
 .debug_info    0x000154cf      0x145 ../parpadeo_bsp/\libhal_bsp.a(alt_dcache_flush_all.o)
 .debug_info    0x00015614      0x2a0 ../parpadeo_bsp/\libhal_bsp.a(alt_dev_llist_insert.o)
 .debug_info    0x000158b4       0xf8 ../parpadeo_bsp/\libhal_bsp.a(alt_do_ctors.o)
 .debug_info    0x000159ac       0xf7 ../parpadeo_bsp/\libhal_bsp.a(alt_do_dtors.o)
 .debug_info    0x00015aa3      0x145 ../parpadeo_bsp/\libhal_bsp.a(alt_icache_flush_all.o)
 .debug_info    0x00015be8      0x47c ../parpadeo_bsp/\libhal_bsp.a(alt_iic.o)
 .debug_info    0x00016064      0x2fd ../parpadeo_bsp/\libhal_bsp.a(alt_iic_isr_register.o)
 .debug_info    0x00016361      0x67e ../parpadeo_bsp/\libhal_bsp.a(alt_io_redirect.o)
 .debug_info    0x000169df       0x6d ../parpadeo_bsp/\libhal_bsp.a(alt_irq_entry.o)
 .debug_info    0x00016a4c      0x25e ../parpadeo_bsp/\libhal_bsp.a(alt_irq_handler.o)
 .debug_info    0x00016caa      0x150 ../parpadeo_bsp/\libhal_bsp.a(alt_irq_vars.o)
 .debug_info    0x00016dfa      0x50e ../parpadeo_bsp/\libhal_bsp.a(alt_open.o)
 .debug_info    0x00017308      0x3e7 ../parpadeo_bsp/\libhal_bsp.a(alt_tick.o)
 .debug_info    0x000176ef      0x14c ../parpadeo_bsp/\libhal_bsp.a(altera_nios2_qsys_irq.o)
 .debug_info    0x0001783b       0x73 ../parpadeo_bsp/\libhal_bsp.a(alt_exception_entry.o)
 .debug_info    0x000178ae      0x401 ../parpadeo_bsp/\libhal_bsp.a(alt_find_dev.o)
 .debug_info    0x00017caf      0x408 ../parpadeo_bsp/\libhal_bsp.a(alt_find_file.o)
 .debug_info    0x000180b7      0x449 ../parpadeo_bsp/\libhal_bsp.a(alt_get_fd.o)
 .debug_info    0x00018500      0x181 c:/altera/13.0sp1/nios2eds/bin/gnu/h-i686-mingw32/bin/../lib/gcc/nios2-elf/4.1.2/../../../../nios2-elf/lib/mno-hw-mul\libc.a(lib_a-atexit.o)
 .debug_info    0x00018681       0xa0 c:/altera/13.0sp1/nios2eds/bin/gnu/h-i686-mingw32/bin/../lib/gcc/nios2-elf/4.1.2/../../../../nios2-elf/lib/mno-hw-mul\libc.a(lib_a-ctype_.o)
 .debug_info    0x00018721      0x93f c:/altera/13.0sp1/nios2eds/bin/gnu/h-i686-mingw32/bin/../lib/gcc/nios2-elf/4.1.2/../../../../nios2-elf/lib/mno-hw-mul\libc.a(lib_a-exit.o)
 .debug_info    0x00019060      0x115 c:/altera/13.0sp1/nios2eds/bin/gnu/h-i686-mingw32/bin/../lib/gcc/nios2-elf/4.1.2/../../../../nios2-elf/lib/mno-hw-mul\libc.a(lib_a-memcmp.o)
 .debug_info    0x00019175      0x99c c:/altera/13.0sp1/nios2eds/bin/gnu/h-i686-mingw32/bin/../lib/gcc/nios2-elf/4.1.2/../../../../nios2-elf/lib/mno-hw-mul\libc.a(lib_a-__atexit.o)
 .debug_info    0x00019b11      0x9e2 c:/altera/13.0sp1/nios2eds/bin/gnu/h-i686-mingw32/bin/../lib/gcc/nios2-elf/4.1.2/../../../../nios2-elf/lib/mno-hw-mul\libc.a(lib_a-__call_atexit.o)
 .debug_info    0x0001a4f3      0x21c c:/altera/13.0sp1/nios2eds/bin/gnu/h-i686-mingw32/bin/../lib/gcc/nios2-elf/4.1.2/mno-hw-mul\libgcc.a(lib2-divmod.o)
 .debug_info    0x0001a70f      0x176 ../parpadeo_bsp/\libhal_bsp.a(alt_exit.o)

.debug_abbrev   0x00000000     0x52cb
 *(.debug_abbrev)
 .debug_abbrev  0x00000000       0x12 ../parpadeo_bsp//obj/HAL/src/crt0.o
 .debug_abbrev  0x00000012       0x57 obj/default/hello_world.o
 .debug_abbrev  0x00000069      0x1ac c:/altera/13.0sp1/nios2eds/bin/gnu/h-i686-mingw32/bin/../lib/gcc/nios2-elf/4.1.2/../../../../nios2-elf/lib/mno-hw-mul\libc.a(lib_a-puts.o)
 .debug_abbrev  0x00000215       0x8b c:/altera/13.0sp1/nios2eds/bin/gnu/h-i686-mingw32/bin/../lib/gcc/nios2-elf/4.1.2/../../../../nios2-elf/lib/mno-hw-mul\libc.a(lib_a-strlen.o)
 .debug_abbrev  0x000002a0      0x1a3 c:/altera/13.0sp1/nios2eds/bin/gnu/h-i686-mingw32/bin/../lib/gcc/nios2-elf/4.1.2/../../../../nios2-elf/lib/mno-hw-mul\libc.a(lib_a-fvwrite.o)
 .debug_abbrev  0x00000443      0x157 c:/altera/13.0sp1/nios2eds/bin/gnu/h-i686-mingw32/bin/../lib/gcc/nios2-elf/4.1.2/../../../../nios2-elf/lib/mno-hw-mul\libc.a(lib_a-impure.o)
 .debug_abbrev  0x0000059a      0x216 c:/altera/13.0sp1/nios2eds/bin/gnu/h-i686-mingw32/bin/../lib/gcc/nios2-elf/4.1.2/../../../../nios2-elf/lib/mno-hw-mul\libc.a(lib_a-mallocr.o)
 .debug_abbrev  0x000007b0       0xb5 c:/altera/13.0sp1/nios2eds/bin/gnu/h-i686-mingw32/bin/../lib/gcc/nios2-elf/4.1.2/../../../../nios2-elf/lib/mno-hw-mul\libc.a(lib_a-memchr.o)
 .debug_abbrev  0x00000865       0xb5 c:/altera/13.0sp1/nios2eds/bin/gnu/h-i686-mingw32/bin/../lib/gcc/nios2-elf/4.1.2/../../../../nios2-elf/lib/mno-hw-mul\libc.a(lib_a-memcpy.o)
 .debug_abbrev  0x0000091a       0xb5 c:/altera/13.0sp1/nios2eds/bin/gnu/h-i686-mingw32/bin/../lib/gcc/nios2-elf/4.1.2/../../../../nios2-elf/lib/mno-hw-mul\libc.a(lib_a-memmove.o)
 .debug_abbrev  0x000009cf      0x1c3 c:/altera/13.0sp1/nios2eds/bin/gnu/h-i686-mingw32/bin/../lib/gcc/nios2-elf/4.1.2/../../../../nios2-elf/lib/mno-hw-mul\libc.a(lib_a-reallocr.o)
 .debug_abbrev  0x00000b92      0x18c c:/altera/13.0sp1/nios2eds/bin/gnu/h-i686-mingw32/bin/../lib/gcc/nios2-elf/4.1.2/../../../../nios2-elf/lib/mno-hw-mul\libc.a(lib_a-sbrkr.o)
 .debug_abbrev  0x00000d1e      0x170 c:/altera/13.0sp1/nios2eds/bin/gnu/h-i686-mingw32/bin/../lib/gcc/nios2-elf/4.1.2/../../../../nios2-elf/lib/mno-hw-mul\libc.a(lib_a-wsetup.o)
 .debug_abbrev  0x00000e8e      0x1c6 c:/altera/13.0sp1/nios2eds/bin/gnu/h-i686-mingw32/bin/../lib/gcc/nios2-elf/4.1.2/../../../../nios2-elf/lib/mno-hw-mul\libc.a(lib_a-fflush.o)
 .debug_abbrev  0x00001054      0x24c c:/altera/13.0sp1/nios2eds/bin/gnu/h-i686-mingw32/bin/../lib/gcc/nios2-elf/4.1.2/../../../../nios2-elf/lib/mno-hw-mul\libc.a(lib_a-findfp.o)
 .debug_abbrev  0x000012a0      0x1d9 c:/altera/13.0sp1/nios2eds/bin/gnu/h-i686-mingw32/bin/../lib/gcc/nios2-elf/4.1.2/../../../../nios2-elf/lib/mno-hw-mul\libc.a(lib_a-freer.o)
 .debug_abbrev  0x00001479      0x1e3 c:/altera/13.0sp1/nios2eds/bin/gnu/h-i686-mingw32/bin/../lib/gcc/nios2-elf/4.1.2/../../../../nios2-elf/lib/mno-hw-mul\libc.a(lib_a-fwalk.o)
 .debug_abbrev  0x0000165c       0x3b c:/altera/13.0sp1/nios2eds/bin/gnu/h-i686-mingw32/bin/../lib/gcc/nios2-elf/4.1.2/../../../../nios2-elf/lib/mno-hw-mul\libc.a(lib_a-int_errno.o)
 .debug_abbrev  0x00001697      0x197 c:/altera/13.0sp1/nios2eds/bin/gnu/h-i686-mingw32/bin/../lib/gcc/nios2-elf/4.1.2/../../../../nios2-elf/lib/mno-hw-mul\libc.a(lib_a-makebuf.o)
 .debug_abbrev  0x0000182e       0xb8 c:/altera/13.0sp1/nios2eds/bin/gnu/h-i686-mingw32/bin/../lib/gcc/nios2-elf/4.1.2/../../../../nios2-elf/lib/mno-hw-mul\libc.a(lib_a-memset.o)
 .debug_abbrev  0x000018e6      0x1c9 c:/altera/13.0sp1/nios2eds/bin/gnu/h-i686-mingw32/bin/../lib/gcc/nios2-elf/4.1.2/../../../../nios2-elf/lib/mno-hw-mul\libc.a(lib_a-stdio.o)
 .debug_abbrev  0x00001aaf      0x184 c:/altera/13.0sp1/nios2eds/bin/gnu/h-i686-mingw32/bin/../lib/gcc/nios2-elf/4.1.2/../../../../nios2-elf/lib/mno-hw-mul\libc.a(lib_a-writer.o)