Archive member included because of file (symbol)

c:/altera/13.0sp1/nios2eds/bin/gnu/h-i686-mingw32/bin/../lib/gcc/nios2-elf/4.1.2/mno-hw-mul\libgcc.a(lib2-divmod.o)
                              obj/default/hello_world_small.o (__udivsi3)
c:/altera/13.0sp1/nios2eds/bin/gnu/h-i686-mingw32/bin/../lib/gcc/nios2-elf/4.1.2/mno-hw-mul\libgcc.a(lib2-mul.o)
                              obj/default/hello_world_small.o (__mulsi3)
../vis_upc_bsp/\libhal_bsp.a(alt_load.o)
                              ../vis_upc_bsp//obj/HAL/src/crt0.o (alt_load)
../vis_upc_bsp/\libhal_bsp.a(alt_main.o)
                              ../vis_upc_bsp//obj/HAL/src/crt0.o (alt_main)
../vis_upc_bsp/\libhal_bsp.a(alt_putchar.o)
                              obj/default/hello_world_small.o (alt_putchar)
../vis_upc_bsp/\libhal_bsp.a(alt_putstr.o)
                              obj/default/hello_world_small.o (alt_putstr)
../vis_upc_bsp/\libhal_bsp.a(alt_sys_init.o)
                              ../vis_upc_bsp/\libhal_bsp.a(alt_main.o) (alt_sys_init)
../vis_upc_bsp/\libhal_bsp.a(altera_avalon_jtag_uart_write.o)
                              ../vis_upc_bsp/\libhal_bsp.a(alt_putchar.o) (altera_avalon_jtag_uart_write)
../vis_upc_bsp/\libhal_bsp.a(alt_dcache_flush_all.o)
                              ../vis_upc_bsp/\libhal_bsp.a(alt_load.o) (alt_dcache_flush_all)
../vis_upc_bsp/\libhal_bsp.a(alt_icache_flush_all.o)
                              ../vis_upc_bsp/\libhal_bsp.a(alt_load.o) (alt_icache_flush_all)
../vis_upc_bsp/\libhal_bsp.a(altera_nios2_qsys_irq.o)
                              ../vis_upc_bsp/\libhal_bsp.a(alt_sys_init.o) (altera_nios2_qsys_irq_init)
c:/altera/13.0sp1/nios2eds/bin/gnu/h-i686-mingw32/bin/../lib/gcc/nios2-elf/4.1.2/../../../../nios2-elf/lib/mno-hw-mul\libsmallc.a(lib_a-strlen.o)
                              ../vis_upc_bsp/\libhal_bsp.a(alt_putstr.o) (strlen)

Memory Configuration

Name             Origin             Length             Attributes
reset            0x00001000         0x00000020
onchip_memory2_0 0x00001020         0x00000fe0
*default*        0x00000000         0xffffffff

Linker script and memory map

LOAD ../vis_upc_bsp//obj/HAL/src/crt0.o
                0x0000100c                exit = _exit
LOAD obj/default/hello_world_small.o
LOAD c:/altera/13.0sp1/nios2eds/bin/gnu/h-i686-mingw32/bin/../lib/gcc/nios2-elf/4.1.2/../../../../nios2-elf/lib/mno-hw-mul\libstdc++.a
LOAD c:/altera/13.0sp1/nios2eds/bin/gnu/h-i686-mingw32/bin/../lib/gcc/nios2-elf/4.1.2/../../../../nios2-elf/lib/mno-hw-mul\libm.a
LOAD c:/altera/13.0sp1/nios2eds/bin/gnu/h-i686-mingw32/bin/../lib/gcc/nios2-elf/4.1.2/mno-hw-mul\libgcc.a
START GROUP
LOAD c:/altera/13.0sp1/nios2eds/bin/gnu/h-i686-mingw32/bin/../lib/gcc/nios2-elf/4.1.2/../../../../nios2-elf/lib/mno-hw-mul\libsmallc.a
LOAD c:/altera/13.0sp1/nios2eds/bin/gnu/h-i686-mingw32/bin/../lib/gcc/nios2-elf/4.1.2/mno-hw-mul\libgcc.a
LOAD ../vis_upc_bsp/\libhal_bsp.a
END GROUP
LOAD c:/altera/13.0sp1/nios2eds/bin/gnu/h-i686-mingw32/bin/../lib/gcc/nios2-elf/4.1.2/mno-hw-mul\libgcc.a
                0x00001000                __alt_mem_onchip_memory2_0 = 0x1000

.entry          0x00001000       0x20
 *(.entry)
 .entry         0x00001000       0x20 ../vis_upc_bsp//obj/HAL/src/crt0.o
                0x00001000                __reset
                0x0000100c                _exit

.exceptions     0x00001020        0x0
                0x00001020                PROVIDE (__ram_exceptions_start, ABSOLUTE (.))
                0x00001020                . = ALIGN (0x20)
 *(.irq)
 *(.exceptions.entry.label)
 *(.exceptions.entry.user)
 *(.exceptions.entry)
 *(.exceptions.irqtest.user)
 *(.exceptions.irqtest)
 *(.exceptions.irqhandler.user)
 *(.exceptions.irqhandler)
 *(.exceptions.irqreturn.user)
 *(.exceptions.irqreturn)
 *(.exceptions.notirq.label)
 *(.exceptions.notirq.user)
 *(.exceptions.notirq)
 *(.exceptions.soft.user)
 *(.exceptions.soft)
 *(.exceptions.unknown.user)
 *(.exceptions.unknown)
 *(.exceptions.exit.label)
 *(.exceptions.exit.user)
 *(.exceptions.exit)
 *(.exceptions)
                0x00001020                PROVIDE (__ram_exceptions_end, ABSOLUTE (.))
                0x00001020                PROVIDE (__flash_exceptions_start, LOADADDR (.exceptions))

.text           0x00001020      0x574
                0x00001020                PROVIDE (stext, ABSOLUTE (.))
 *(.interp)
 *(.hash)
 *(.dynsym)
 *(.dynstr)
 *(.gnu.version)
 *(.gnu.version_d)
 *(.gnu.version_r)
 *(.rel.init)
 *(.rela.init)
 *(.rel.text .rel.text.* .rel.gnu.linkonce.t.*)
 *(.rela.text .rela.text.* .rela.gnu.linkonce.t.*)
 *(.rel.fini)
 *(.rela.fini)
 *(.rel.rodata .rel.rodata.* .rel.gnu.linkonce.r.*)
 *(.rela.rodata .rela.rodata.* .rela.gnu.linkonce.r.*)
 *(.rel.data .rel.data.* .rel.gnu.linkonce.d.*)
 *(.rela.data .rela.data.* .rela.gnu.linkonce.d.*)
 *(.rel.tdata .rel.tdata.* .rel.gnu.linkonce.td.*)
 *(.rela.tdata .rela.tdata.* .rela.gnu.linkonce.td.*)
 *(.rel.tbss .rel.tbss.* .rel.gnu.linkonce.tb.*)
 *(.rela.tbss .rela.tbss.* .rela.gnu.linkonce.tb.*)
 *(.rel.ctors)
 *(.rela.ctors)
 *(.rel.dtors)
 *(.rela.dtors)
 *(.rel.got)
 *(.rela.got)
 *(.rel.sdata .rel.sdata.* .rel.gnu.linkonce.s.*)
 *(.rela.sdata .rela.sdata.* .rela.gnu.linkonce.s.*)
 *(.rel.sbss .rel.sbss.* .rel.gnu.linkonce.sb.*)
 *(.rela.sbss .rela.sbss.* .rela.gnu.linkonce.sb.*)
 *(.rel.sdata2 .rel.sdata2.* .rel.gnu.linkonce.s2.*)
 *(.rela.sdata2 .rela.sdata2.* .rela.gnu.linkonce.s2.*)
 *(.rel.sbss2 .rel.sbss2.* .rel.gnu.linkonce.sb2.*)
 *(.rela.sbss2 .rela.sbss2.* .rela.gnu.linkonce.sb2.*)
 *(.rel.bss .rel.bss.* .rel.gnu.linkonce.b.*)
 *(.rela.bss .rela.bss.* .rela.gnu.linkonce.b.*)
 *(.rel.plt)
 *(.rela.plt)
 *(.rel.dyn)
 *(.init)
 *(.plt)
 *(.text .stub .text.* .gnu.linkonce.t.*)
 .text          0x00001020       0x3c ../vis_upc_bsp//obj/HAL/src/crt0.o
                0x00001020                _start
 .text          0x0000105c      0x1ec obj/default/hello_world_small.o
                0x0000105c                convierte
                0x000010e4                retardo
                0x0000112c                main
 .text          0x00001248      0x14c c:/altera/13.0sp1/nios2eds/bin/gnu/h-i686-mingw32/bin/../lib/gcc/nios2-elf/4.1.2/mno-hw-mul\libgcc.a(lib2-divmod.o)
                0x000012c4                __divsi3
                0x00001324                __modsi3
                0x00001384                __udivsi3
                0x0000138c                __umodsi3
 .text          0x00001394       0x38 c:/altera/13.0sp1/nios2eds/bin/gnu/h-i686-mingw32/bin/../lib/gcc/nios2-elf/4.1.2/mno-hw-mul\libgcc.a(lib2-mul.o)
                0x00001394                __mulsi3
 .text          0x000013cc       0x8c ../vis_upc_bsp/\libhal_bsp.a(alt_load.o)
                0x000013ec                alt_load
 .text          0x00001458       0x2c ../vis_upc_bsp/\libhal_bsp.a(alt_main.o)
                0x00001458                alt_main
 .text          0x00001484       0x50 ../vis_upc_bsp/\libhal_bsp.a(alt_putchar.o)
                0x00001484                alt_putchar
 .text          0x000014d4       0x38 ../vis_upc_bsp/\libhal_bsp.a(alt_putstr.o)
                0x000014d4                alt_putstr
 .text          0x0000150c       0x24 ../vis_upc_bsp/\libhal_bsp.a(alt_sys_init.o)
                0x0000150c                alt_sys_init
                0x00001510                alt_irq_init
 .text          0x00001530       0x34 ../vis_upc_bsp/\libhal_bsp.a(altera_avalon_jtag_uart_write.o)
                0x00001530                altera_avalon_jtag_uart_write
 .text          0x00001564        0x4 ../vis_upc_bsp/\libhal_bsp.a(alt_dcache_flush_all.o)
                0x00001564                alt_dcache_flush_all
 .text          0x00001568        0x4 ../vis_upc_bsp/\libhal_bsp.a(alt_icache_flush_all.o)
                0x00001568                alt_icache_flush_all
 .text          0x0000156c        0x8 ../vis_upc_bsp/\libhal_bsp.a(altera_nios2_qsys_irq.o)
                0x0000156c                altera_nios2_qsys_irq_init
 .text          0x00001574       0x20 c:/altera/13.0sp1/nios2eds/bin/gnu/h-i686-mingw32/bin/../lib/gcc/nios2-elf/4.1.2/../../../../nios2-elf/lib/mno-hw-mul\libsmallc.a(lib_a-strlen.o)
                0x00001574                strlen
 *(.gnu.warning.*)
 *(.fini)
                0x00001594                PROVIDE (__etext, ABSOLUTE (.))
                0x00001594                PROVIDE (_etext, ABSOLUTE (.))
                0x00001594                PROVIDE (etext, ABSOLUTE (.))
 *(.eh_frame_hdr)
                0x00001594                . = ALIGN (0x4)
                0x00001594                PROVIDE (__preinit_array_start, ABSOLUTE (.))
 *(.preinit_array)
                0x00001594                PROVIDE (__preinit_array_end, ABSOLUTE (.))
                0x00001594                PROVIDE (__init_array_start, ABSOLUTE (.))
 *(.init_array)
                0x00001594                PROVIDE (__init_array_end, ABSOLUTE (.))
                0x00001594                PROVIDE (__fini_array_start, ABSOLUTE (.))
 *(.fini_array)
                0x00001594                PROVIDE (__fini_array_end, ABSOLUTE (.))
 *(.eh_frame)
 *(.gcc_except_table)
 *(.dynamic)
                0x00001594                PROVIDE (__CTOR_LIST__, ABSOLUTE (.))
 *(.ctors)
 *(SORT(.ctors.*))
                0x00001594                PROVIDE (__CTOR_END__, ABSOLUTE (.))
                0x00001594                PROVIDE (__DTOR_LIST__, ABSOLUTE (.))
 *(.dtors)
 *(SORT(.dtors.*))
                0x00001594                PROVIDE (__DTOR_END__, ABSOLUTE (.))
 *(.jcr)
                0x00001594                . = ALIGN (0x4)

.rodata         0x00001594       0xd4
                0x00001594                PROVIDE (__ram_rodata_start, ABSOLUTE (.))
                0x00001594                . = ALIGN (0x4)
 *(.rodata .rodata.* .gnu.linkonce.r.*)
 .rodata.str1.4
                0x00001594       0xd4 obj/default/hello_world_small.o
                                 0xd8 (size before relaxing)
 *(.rodata1)
                0x00001668                . = ALIGN (0x4)
                0x00001668                PROVIDE (__ram_rodata_end, ABSOLUTE (.))
                0x00001594                PROVIDE (__flash_rodata_start, LOADADDR (.rodata))

.rwdata         0x00001668        0x0
                0x00001668                PROVIDE (__ram_rwdata_start, ABSOLUTE (.))
                0x00001668                . = ALIGN (0x4)
 *(.got.plt)
 *(.got)
 *(.data1)
 *(.data .data.* .gnu.linkonce.d.*)
 .data          0x00001668        0x0 ../vis_upc_bsp//obj/HAL/src/crt0.o
 .data          0x00001668        0x0 obj/default/hello_world_small.o
 .data          0x00001668        0x0 c:/altera/13.0sp1/nios2eds/bin/gnu/h-i686-mingw32/bin/../lib/gcc/nios2-elf/4.1.2/mno-hw-mul\libgcc.a(lib2-divmod.o)
 .data          0x00001668        0x0 c:/altera/13.0sp1/nios2eds/bin/gnu/h-i686-mingw32/bin/../lib/gcc/nios2-elf/4.1.2/mno-hw-mul\libgcc.a(lib2-mul.o)
 .data          0x00001668        0x0 ../vis_upc_bsp/\libhal_bsp.a(alt_load.o)
 .data          0x00001668        0x0 ../vis_upc_bsp/\libhal_bsp.a(alt_main.o)
 .data          0x00001668        0x0 ../vis_upc_bsp/\libhal_bsp.a(alt_putchar.o)
 .data          0x00001668        0x0 ../vis_upc_bsp/\libhal_bsp.a(alt_putstr.o)
 .data          0x00001668        0x0 ../vis_upc_bsp/\libhal_bsp.a(alt_sys_init.o)
 .data          0x00001668        0x0 ../vis_upc_bsp/\libhal_bsp.a(altera_avalon_jtag_uart_write.o)
 .data          0x00001668        0x0 ../vis_upc_bsp/\libhal_bsp.a(alt_dcache_flush_all.o)
 .data          0x00001668        0x0 ../vis_upc_bsp/\libhal_bsp.a(alt_icache_flush_all.o)
 .data          0x00001668        0x0 ../vis_upc_bsp/\libhal_bsp.a(altera_nios2_qsys_irq.o)
 .data          0x00001668        0x0 c:/altera/13.0sp1/nios2eds/bin/gnu/h-i686-mingw32/bin/../lib/gcc/nios2-elf/4.1.2/../../../../nios2-elf/lib/mno-hw-mul\libsmallc.a(lib_a-strlen.o)
                0x00009668                _gp = ABSOLUTE ((. + 0x8000))
                0x00009668                PROVIDE (gp, _gp)
 *(.rwdata .rwdata.*)
 *(.sdata .sdata.* .gnu.linkonce.s.*)
 *(.sdata2 .sdata2.* .gnu.linkonce.s2.*)
                0x00001668                . = ALIGN (0x4)
                0x00001668                _edata = ABSOLUTE (.)
                0x00001668                PROVIDE (edata, ABSOLUTE (.))
                0x00001668                PROVIDE (__ram_rwdata_end, ABSOLUTE (.))
                0x00001668                PROVIDE (__flash_rwdata_start, LOADADDR (.rwdata))

.bss            0x00001668       0x24
                0x00001668                __bss_start = ABSOLUTE (.)
                0x00001668                PROVIDE (__sbss_start, ABSOLUTE (.))
                0x00001668                PROVIDE (___sbss_start, ABSOLUTE (.))
 *(.dynsbss)
 *(.sbss .sbss.* .gnu.linkonce.sb.*)
 .sbss          0x00001668       0x14 obj/default/hello_world_small.o
                0x00001668                dato
                0x0000166c                millar
                0x00001670                centena
                0x00001674                decena
                0x00001678                unidad
 .sbss          0x0000167c        0xc ../vis_upc_bsp/\libhal_bsp.a(alt_main.o)
                0x0000167c                alt_argc
                0x00001680                alt_argv
                0x00001684                alt_envp
 .sbss          0x00001688        0x4 ../vis_upc_bsp/\libhal_bsp.a(alt_sys_init.o)
                0x00001688                jtag_uart_0
 *(.sbss2 .sbss2.* .gnu.linkonce.sb2.*)
 *(.scommon)
                0x0000168c                PROVIDE (__sbss_end, ABSOLUTE (.))
                0x0000168c                PROVIDE (___sbss_end, ABSOLUTE (.))
 *(.dynbss)
 *(.bss .bss.* .gnu.linkonce.b.*)
 .bss           0x0000168c        0x0 ../vis_upc_bsp//obj/HAL/src/crt0.o
 .bss           0x0000168c        0x0 obj/default/hello_world_small.o
 .bss           0x0000168c        0x0 c:/altera/13.0sp1/nios2eds/bin/gnu/h-i686-mingw32/bin/../lib/gcc/nios2-elf/4.1.2/mno-hw-mul\libgcc.a(lib2-divmod.o)
 .bss           0x0000168c        0x0 c:/altera/13.0sp1/nios2eds/bin/gnu/h-i686-mingw32/bin/../lib/gcc/nios2-elf/4.1.2/mno-hw-mul\libgcc.a(lib2-mul.o)
 .bss           0x0000168c        0x0 ../vis_upc_bsp/\libhal_bsp.a(alt_load.o)
 .bss           0x0000168c        0x0 ../vis_upc_bsp/\libhal_bsp.a(alt_main.o)
 .bss           0x0000168c        0x0 ../vis_upc_bsp/\libhal_bsp.a(alt_putchar.o)
 .bss           0x0000168c        0x0 ../vis_upc_bsp/\libhal_bsp.a(alt_putstr.o)
 .bss           0x0000168c        0x0 ../vis_upc_bsp/\libhal_bsp.a(alt_sys_init.o)
 .bss           0x0000168c        0x0 ../vis_upc_bsp/\libhal_bsp.a(altera_avalon_jtag_uart_write.o)
 .bss           0x0000168c        0x0 ../vis_upc_bsp/\libhal_bsp.a(alt_dcache_flush_all.o)
 .bss           0x0000168c        0x0 ../vis_upc_bsp/\libhal_bsp.a(alt_icache_flush_all.o)
 .bss           0x0000168c        0x0 ../vis_upc_bsp/\libhal_bsp.a(altera_nios2_qsys_irq.o)
 .bss           0x0000168c        0x0 c:/altera/13.0sp1/nios2eds/bin/gnu/h-i686-mingw32/bin/../lib/gcc/nios2-elf/4.1.2/../../../../nios2-elf/lib/mno-hw-mul\libsmallc.a(lib_a-strlen.o)
 *(COMMON)
                0x0000168c                . = ALIGN (0x4)
                0x0000168c                __bss_end = ABSOLUTE (.)

.onchip_memory2_0
                0x0000168c        0x0
                0x0000168c                PROVIDE (_alt_partition_onchip_memory2_0_start, ABSOLUTE (.))
 *(.onchip_memory2_0. onchip_memory2_0.*)
                0x0000168c                . = ALIGN (0x4)
                0x0000168c                PROVIDE (_alt_partition_onchip_memory2_0_end, ABSOLUTE (.))
                0x0000168c                _end = ABSOLUTE (.)
                0x0000168c                end = ABSOLUTE (.)
                0x0000168c                __alt_stack_base = ABSOLUTE (.)
                0x0000168c                PROVIDE (_alt_partition_onchip_memory2_0_load_addr, LOADADDR (.onchip_memory2_0))

.stab
 *(.stab)

.stabstr
 *(.stabstr)

.stab.excl
 *(.stab.excl)

.stab.exclstr
 *(.stab.exclstr)

.stab.index
 *(.stab.index)

.stab.indexstr
 *(.stab.indexstr)

.comment        0x00000000       0x26
 *(.comment)
 .comment       0x00000000       0x26 obj/default/hello_world_small.o
                                 0x27 (size before relaxing)
 .comment       0x00000000       0x27 c:/altera/13.0sp1/nios2eds/bin/gnu/h-i686-mingw32/bin/../lib/gcc/nios2-elf/4.1.2/mno-hw-mul\libgcc.a(lib2-divmod.o)
 .comment       0x00000000       0x27 c:/altera/13.0sp1/nios2eds/bin/gnu/h-i686-mingw32/bin/../lib/gcc/nios2-elf/4.1.2/mno-hw-mul\libgcc.a(lib2-mul.o)
 .comment       0x00000000       0x27 ../vis_upc_bsp/\libhal_bsp.a(alt_load.o)
 .comment       0x00000000       0x27 ../vis_upc_bsp/\libhal_bsp.a(alt_main.o)
 .comment       0x00000000       0x27 ../vis_upc_bsp/\libhal_bsp.a(alt_putchar.o)
 .comment       0x00000000       0x27 ../vis_upc_bsp/\libhal_bsp.a(alt_putstr.o)
 .comment       0x00000000       0x27 ../vis_upc_bsp/\libhal_bsp.a(alt_sys_init.o)
 .comment       0x00000000       0x27 ../vis_upc_bsp/\libhal_bsp.a(altera_avalon_jtag_uart_write.o)
 .comment       0x00000000       0x27 ../vis_upc_bsp/\libhal_bsp.a(alt_dcache_flush_all.o)
 .comment       0x00000000       0x27 ../vis_upc_bsp/\libhal_bsp.a(alt_icache_flush_all.o)
 .comment       0x00000000       0x27 ../vis_upc_bsp/\libhal_bsp.a(altera_nios2_qsys_irq.o)
 .comment       0x00000000       0x27 c:/altera/13.0sp1/nios2eds/bin/gnu/h-i686-mingw32/bin/../lib/gcc/nios2-elf/4.1.2/../../../../nios2-elf/lib/mno-hw-mul\libsmallc.a(lib_a-strlen.o)

.debug
 *(.debug)

.line
 *(.line)

.debug_srcinfo
 *(.debug_srcinfo)

.debug_sfnames
 *(.debug_sfnames)

.debug_aranges  0x00000000      0x1c8
 *(.debug_aranges)
 .debug_aranges
                0x00000000       0x28 ../vis_upc_bsp//obj/HAL/src/crt0.o
 .debug_aranges
                0x00000028       0x20 obj/default/hello_world_small.o
 .debug_aranges
                0x00000048       0x20 c:/altera/13.0sp1/nios2eds/bin/gnu/h-i686-mingw32/bin/../lib/gcc/nios2-elf/4.1.2/mno-hw-mul\libgcc.a(lib2-divmod.o)
 .debug_aranges
                0x00000068       0x20 c:/altera/13.0sp1/nios2eds/bin/gnu/h-i686-mingw32/bin/../lib/gcc/nios2-elf/4.1.2/mno-hw-mul\libgcc.a(lib2-mul.o)
 .debug_aranges
                0x00000088       0x20 ../vis_upc_bsp/\libhal_bsp.a(alt_load.o)
 .debug_aranges
                0x000000a8       0x20 ../vis_upc_bsp/\libhal_bsp.a(alt_main.o)
 .debug_aranges
                0x000000c8       0x20 ../vis_upc_bsp/\libhal_bsp.a(alt_putchar.o)
 .debug_aranges
                0x000000e8       0x20 ../vis_upc_bsp/\libhal_bsp.a(alt_putstr.o)
 .debug_aranges
                0x00000108       0x20 ../vis_upc_bsp/\libhal_bsp.a(alt_sys_init.o)
 .debug_aranges
                0x00000128       0x20 ../vis_upc_bsp/\libhal_bsp.a(altera_avalon_jtag_uart_write.o)
 .debug_aranges
                0x00000148       0x20 ../vis_upc_bsp/\libhal_bsp.a(alt_dcache_flush_all.o)
 .debug_aranges
                0x00000168       0x20 ../vis_upc_bsp/\libhal_bsp.a(alt_icache_flush_all.o)
 .debug_aranges
                0x00000188       0x20 ../vis_upc_bsp/\libhal_bsp.a(altera_nios2_qsys_irq.o)
 .debug_aranges
                0x000001a8       0x20 c:/altera/13.0sp1/nios2eds/bin/gnu/h-i686-mingw32/bin/../lib/gcc/nios2-elf/4.1.2/../../../../nios2-elf/lib/mno-hw-mul\libsmallc.a(lib_a-strlen.o)

.debug_pubnames
                0x00000000      0x296
 *(.debug_pubnames)
 .debug_pubnames
                0x00000000       0x6b obj/default/hello_world_small.o
 .debug_pubnames
                0x0000006b       0x48 c:/altera/13.0sp1/nios2eds/bin/gnu/h-i686-mingw32/bin/../lib/gcc/nios2-elf/4.1.2/mno-hw-mul\libgcc.a(lib2-divmod.o)
 .debug_pubnames
                0x000000b3       0x1f c:/altera/13.0sp1/nios2eds/bin/gnu/h-i686-mingw32/bin/../lib/gcc/nios2-elf/4.1.2/mno-hw-mul\libgcc.a(lib2-mul.o)
 .debug_pubnames
                0x000000d2       0x1f ../vis_upc_bsp/\libhal_bsp.a(alt_load.o)
 .debug_pubnames
                0x000000f1       0x46 ../vis_upc_bsp/\libhal_bsp.a(alt_main.o)
 .debug_pubnames
                0x00000137       0x22 ../vis_upc_bsp/\libhal_bsp.a(alt_putchar.o)
 .debug_pubnames
                0x00000159       0x21 ../vis_upc_bsp/\libhal_bsp.a(alt_putstr.o)
 .debug_pubnames
                0x0000017a       0x44 ../vis_upc_bsp/\libhal_bsp.a(alt_sys_init.o)
 .debug_pubnames
                0x000001be       0x34 ../vis_upc_bsp/\libhal_bsp.a(altera_avalon_jtag_uart_write.o)
 .debug_pubnames
                0x000001f2       0x2b ../vis_upc_bsp/\libhal_bsp.a(alt_dcache_flush_all.o)
 .debug_pubnames
                0x0000021d       0x2b ../vis_upc_bsp/\libhal_bsp.a(alt_icache_flush_all.o)
 .debug_pubnames
                0x00000248       0x31 ../vis_upc_bsp/\libhal_bsp.a(altera_nios2_qsys_irq.o)
 .debug_pubnames
                0x00000279       0x1d c:/altera/13.0sp1/nios2eds/bin/gnu/h-i686-mingw32/bin/../lib/gcc/nios2-elf/4.1.2/../../../../nios2-elf/lib/mno-hw-mul\libsmallc.a(lib_a-strlen.o)

.debug_info     0x00000000      0xe11
 *(.debug_info .gnu.linkonce.wi.*)
 .debug_info    0x00000000       0x63 ../vis_upc_bsp//obj/HAL/src/crt0.o
 .debug_info    0x00000063      0x14d obj/default/hello_world_small.o
 .debug_info    0x000001b0      0x21c c:/altera/13.0sp1/nios2eds/bin/gnu/h-i686-mingw32/bin/../lib/gcc/nios2-elf/4.1.2/mno-hw-mul\libgcc.a(lib2-divmod.o)
 .debug_info    0x000003cc       0xf3 c:/altera/13.0sp1/nios2eds/bin/gnu/h-i686-mingw32/bin/../lib/gcc/nios2-elf/4.1.2/mno-hw-mul\libgcc.a(lib2-mul.o)
 .debug_info    0x000004bf      0x12e ../vis_upc_bsp/\libhal_bsp.a(alt_load.o)
 .debug_info    0x000005ed      0x125 ../vis_upc_bsp/\libhal_bsp.a(alt_main.o)
 .debug_info    0x00000712       0xc5 ../vis_upc_bsp/\libhal_bsp.a(alt_putchar.o)
 .debug_info    0x000007d7       0xc5 ../vis_upc_bsp/\libhal_bsp.a(alt_putstr.o)
 .debug_info    0x0000089c      0x17d ../vis_upc_bsp/\libhal_bsp.a(alt_sys_init.o)
 .debug_info    0x00000a19      0x18f ../vis_upc_bsp/\libhal_bsp.a(altera_avalon_jtag_uart_write.o)
 .debug_info    0x00000ba8       0x8d ../vis_upc_bsp/\libhal_bsp.a(alt_dcache_flush_all.o)
 .debug_info    0x00000c35       0x8d ../vis_upc_bsp/\libhal_bsp.a(alt_icache_flush_all.o)
 .debug_info    0x00000cc2       0x8d ../vis_upc_bsp/\libhal_bsp.a(altera_nios2_qsys_irq.o)
 .debug_info    0x00000d4f       0xc2 c:/altera/13.0sp1/nios2eds/bin/gnu/h-i686-mingw32/bin/../lib/gcc/nios2-elf/4.1.2/../../../../nios2-elf/lib/mno-hw-mul\libsmallc.a(lib_a-strlen.o)

.debug_abbrev   0x00000000      0x737
 *(.debug_abbrev)
 .debug_abbrev  0x00000000       0x12 ../vis_upc_bsp//obj/HAL/src/crt0.o
 .debug_abbrev  0x00000012       0x8c obj/default/hello_world_small.o
 .debug_abbrev  0x0000009e       0xe0 c:/altera/13.0sp1/nios2eds/bin/gnu/h-i686-mingw32/bin/../lib/gcc/nios2-elf/4.1.2/mno-hw-mul\libgcc.a(lib2-divmod.o)
 .debug_abbrev  0x0000017e       0x7b c:/altera/13.0sp1/nios2eds/bin/gnu/h-i686-mingw32/bin/../lib/gcc/nios2-elf/4.1.2/mno-hw-mul\libgcc.a(lib2-mul.o)
 .debug_abbrev  0x000001f9       0x97 ../vis_upc_bsp/\libhal_bsp.a(alt_load.o)
 .debug_abbrev  0x00000290       0xa6 ../vis_upc_bsp/\libhal_bsp.a(alt_main.o)
 .debug_abbrev  0x00000336       0x7b ../vis_upc_bsp/\libhal_bsp.a(alt_putchar.o)
 .debug_abbrev  0x000003b1       0x7c ../vis_upc_bsp/\libhal_bsp.a(alt_putstr.o)
 .debug_abbrev  0x0000042d       0xe3 ../vis_upc_bsp/\libhal_bsp.a(alt_sys_init.o)
 .debug_abbrev  0x00000510       0xf0 ../vis_upc_bsp/\libhal_bsp.a(altera_avalon_jtag_uart_write.o)
 .debug_abbrev  0x00000600       0x3f ../vis_upc_bsp/\libhal_bsp.a(alt_dcache_flush_all.o)
 .debug_abbrev  0x0000063f       0x3f ../vis_upc_bsp/\libhal_bsp.a(alt_icache_flush_all.o)
 .debug_abbrev  0x0000067e       0x3f ../vis_upc_bsp/\libhal_bsp.a(altera_nios2_qsys_irq.o)
 .debug_abbrev  0x000006bd       0x7a c:/altera/13.0sp1/nios2eds/bin/gnu/h-i686-mingw32/bin/../lib/gcc/nios2-elf/4.1.2/../../../../nios2-elf/lib/mno-hw-mul\libsmallc.a(lib_a-strlen.o)

.debug_line     0x00000000     0x1bdb
 *(.debug_line)
 .debug_line    0x00000000       0x66 ../vis_upc_bsp//obj/HAL/src/crt0.o
 .debug_line    0x00000066      0x266 obj/default/hello_world_small.o
 .debug_line    0x000002cc      0x24f c:/altera/13.0sp1/nios2eds/bin/gnu/h-i686-mingw32/bin/../lib/gcc/nios2-elf/4.1.2/mno-hw-mul\libgcc.a(lib2-divmod.o)
 .debug_line    0x0000051b      0x11a c:/altera/13.0sp1/nios2eds/bin/gnu/h-i686-mingw32/bin/../lib/gcc/nios2-elf/4.1.2/mno-hw-mul\libgcc.a(lib2-mul.o)
 .debug_line    0x00000635      0x217 ../vis_upc_bsp/\libhal_bsp.a(alt_load.o)
 .debug_line    0x0000084c      0x2c2 ../vis_upc_bsp/\libhal_bsp.a(alt_main.o)
 .debug_line    0x00000b0e      0x1f2 ../vis_upc_bsp/\libhal_bsp.a(alt_putchar.o)
 .debug_line    0x00000d00      0x1d9 ../vis_upc_bsp/\libhal_bsp.a(alt_putstr.o)
 .debug_line    0x00000ed9      0x286 ../vis_upc_bsp/\libhal_bsp.a(alt_sys_init.o)
 .debug_line    0x0000115f      0x2f4 ../vis_upc_bsp/\libhal_bsp.a(altera_avalon_jtag_uart_write.o)
 .debug_line    0x00001453      0x1b5 ../vis_upc_bsp/\libhal_bsp.a(alt_dcache_flush_all.o)
 .debug_line    0x00001608      0x1b5 ../vis_upc_bsp/\libhal_bsp.a(alt_icache_flush_all.o)
 .debug_line    0x000017bd      0x1ce ../vis_upc_bsp/\libhal_bsp.a(altera_nios2_qsys_irq.o)
 .debug_line    0x0000198b      0x250 c:/altera/13.0sp1/nios2eds/bin/gnu/h-i686-mingw32/bin/../lib/gcc/nios2-elf/4.1.2/../../../../nios2-elf/lib/mno-hw-mul\libsmallc.a(lib_a-strlen.o)

.debug_frame    0x00000000      0x278
 *(.debug_frame)
 .debug_frame   0x00000000       0x5c obj/default/hello_world_small.o
 .debug_frame   0x0000005c       0x70 c:/altera/13.0sp1/nios2eds/bin/gnu/h-i686-mingw32/bin/../lib/gcc/nios2-elf/4.1.2/mno-hw-mul\libgcc.a(lib2-divmod.o)
 .debug_frame   0x000000cc       0x20 c:/altera/13.0sp1/nios2eds/bin/gnu/h-i686-mingw32/bin/../lib/gcc/nios2-elf/4.1.2/mno-hw-mul\libgcc.a(lib2-mul.o)
 .debug_frame   0x000000ec       0x38 ../vis_upc_bsp/\libhal_bsp.a(alt_load.o)
 .debug_frame   0x00000124       0x28 ../vis_upc_bsp/\libhal_bsp.a(alt_main.o)
 .debug_frame   0x0000014c       0x2c ../vis_upc_bsp/\libhal_bsp.a(alt_putchar.o)
 .debug_frame   0x00000178       0x28 ../vis_upc_bsp/\libhal_bsp.a(alt_putstr.o)
 .debug_frame   0x000001a0       0x38 ../vis_upc_bsp/\libhal_bsp.a(alt_sys_init.o)
 .debug_frame   0x000001d8       0x20 ../vis_upc_bsp/\libhal_bsp.a(altera_avalon_jtag_uart_write.o)
 .debug_frame   0x000001f8       0x20 ../vis_upc_bsp/\libhal_bsp.a(alt_dcache_flush_all.o)
 .debug_frame   0x00000218       0x20 ../vis_upc_bsp/\libhal_bsp.a(alt_icache_flush_all.o)
 .debug_frame   0x00000238       0x20 ../vis_upc_bsp/\libhal_bsp.a(altera_nios2_qsys_irq.o)
 .debug_frame   0x00000258       0x20 c:/altera/13.0sp1/nios2eds/bin/gnu/h-i686-mingw32/bin/../lib/gcc/nios2-elf/4.1.2/../../../../nios2-elf/lib/mno-hw-mul\libsmallc.a(lib_a-strlen.o)

.debug_str      0x00000000      0x697
 *(.debug_str)
 .debug_str     0x00000000       0xe8 obj/default/hello_world_small.o
                                0x121 (size before relaxing)
 .debug_str     0x000000e8      0x10b c:/altera/13.0sp1/nios2eds/bin/gnu/h-i686-mingw32/bin/../lib/gcc/nios2-elf/4.1.2/mno-hw-mul\libgcc.a(lib2-divmod.o)
                                0x1b4 (size before relaxing)
 .debug_str     0x000001f3       0x37 c:/altera/13.0sp1/nios2eds/bin/gnu/h-i686-mingw32/bin/../lib/gcc/nios2-elf/4.1.2/mno-hw-mul\libgcc.a(lib2-mul.o)
                                0x175 (size before relaxing)
 .debug_str     0x0000022a      0x123 ../vis_upc_bsp/\libhal_bsp.a(alt_load.o)
                                0x1b8 (size before relaxing)
 .debug_str     0x0000034d       0x75 ../vis_upc_bsp/\libhal_bsp.a(alt_main.o)
                                0x13c (size before relaxing)
 .debug_str     0x000003c2       0x4e ../vis_upc_bsp/\libhal_bsp.a(alt_putchar.o)
                                0x115 (size before relaxing)
 .debug_str     0x00000410       0x20 ../vis_upc_bsp/\libhal_bsp.a(alt_putstr.o)
                                0x113 (size before relaxing)
 .debug_str     0x00000430       0x85 ../vis_upc_bsp/\libhal_bsp.a(alt_sys_init.o)
                                0x1b1 (size before relaxing)
 .debug_str     0x000004b5       0x56 ../vis_upc_bsp/\libhal_bsp.a(altera_avalon_jtag_uart_write.o)
                                0x1b4 (size before relaxing)
 .debug_str     0x0000050b       0x34 ../vis_upc_bsp/\libhal_bsp.a(alt_dcache_flush_all.o)
                                 0xfb (size before relaxing)
 .debug_str     0x0000053f       0x34 ../vis_upc_bsp/\libhal_bsp.a(alt_icache_flush_all.o)
                                 0xfb (size before relaxing)
 .debug_str     0x00000573       0x3b ../vis_upc_bsp/\libhal_bsp.a(altera_nios2_qsys_irq.o)
                                0x102 (size before relaxing)
 .debug_str     0x000005ae       0xe9 c:/altera/13.0sp1/nios2eds/bin/gnu/h-i686-mingw32/bin/../lib/gcc/nios2-elf/4.1.2/../../../../nios2-elf/lib/mno-hw-mul\libsmallc.a(lib_a-strlen.o)
                                0x184 (size before relaxing)

.debug_loc      0x00000000      0x3f4
 *(.debug_loc)
 .debug_loc     0x00000000       0x9a obj/default/hello_world_small.o
 .debug_loc     0x0000009a      0x1d2 c:/altera/13.0sp1/nios2eds/bin/gnu/h-i686-mingw32/bin/../lib/gcc/nios2-elf/4.1.2/mno-hw-mul\libgcc.a(lib2-divmod.o)
 .debug_loc     0x0000026c       0x4f c:/altera/13.0sp1/nios2eds/bin/gnu/h-i686-mingw32/bin/../lib/gcc/nios2-elf/4.1.2/mno-hw-mul\libgcc.a(lib2-mul.o)
 .debug_loc     0x000002bb       0x1f ../vis_upc_bsp/\libhal_bsp.a(alt_load.o)
 .debug_loc     0x000002da       0x1f ../vis_upc_bsp/\libhal_bsp.a(alt_main.o)
 .debug_loc     0x000002f9       0x3d ../vis_upc_bsp/\libhal_bsp.a(alt_putchar.o)
 .debug_loc     0x00000336       0x48 ../vis_upc_bsp/\libhal_bsp.a(alt_putstr.o)
 .debug_loc     0x0000037e       0x32 ../vis_upc_bsp/\libhal_bsp.a(alt_sys_init.o)
 .debug_loc     0x000003b0       0x26 ../vis_upc_bsp/\libhal_bsp.a(altera_avalon_jtag_uart_write.o)
 .debug_loc     0x000003d6       0x1e c:/altera/13.0sp1/nios2eds/bin/gnu/h-i686-mingw32/bin/../lib/gcc/nios2-elf/4.1.2/../../../../nios2-elf/lib/mno-hw-mul\libsmallc.a(lib_a-strlen.o)

.debug_macinfo
 *(.debug_macinfo)

.debug_weaknames
 *(.debug_weaknames)

.debug_funcnames
 *(.debug_funcnames)

.debug_typenames
 *(.debug_typenames)

.debug_varnames
 *(.debug_varnames)

.debug_alt_sim_info
                0x00000000       0x10
 *(.debug_alt_sim_info)
 .debug_alt_sim_info
                0x00000000       0x10 ../vis_upc_bsp//obj/HAL/src/crt0.o
                0x00002000                __alt_data_end = 0x2000
                0x00002000                PROVIDE (__alt_stack_pointer, __alt_data_end)
                0x0000168c                PROVIDE (__alt_stack_limit, __alt_stack_base)
                0x0000168c                PROVIDE (__alt_heap_start, end)
                0x00002000                PROVIDE (__alt_heap_limit, 0x2000)
OUTPUT(vis_upc.elf elf32-littlenios2)

.debug_ranges   0x00000000       0x20
 .debug_ranges  0x00000000       0x20 ../vis_upc_bsp//obj/HAL/src/crt0.o
