Archive member included because of file (symbol)

../led_flasher_bsp/\libhal_bsp.a(alt_load.o)
                              ../led_flasher_bsp//obj/HAL/src/crt0.o (alt_load)
../led_flasher_bsp/\libhal_bsp.a(alt_main.o)
                              ../led_flasher_bsp//obj/HAL/src/crt0.o (alt_main)
../led_flasher_bsp/\libhal_bsp.a(alt_putstr.o)
                              obj/default/hello_world_small.o (alt_putstr)
../led_flasher_bsp/\libhal_bsp.a(alt_usleep.o)
                              obj/default/hello_world_small.o (usleep)
../led_flasher_bsp/\libhal_bsp.a(alt_sys_init.o)
                              ../led_flasher_bsp/\libhal_bsp.a(alt_main.o) (alt_sys_init)
../led_flasher_bsp/\libhal_bsp.a(altera_avalon_jtag_uart_write.o)
                              ../led_flasher_bsp/\libhal_bsp.a(alt_putstr.o) (altera_avalon_jtag_uart_write)
../led_flasher_bsp/\libhal_bsp.a(alt_busy_sleep.o)
                              ../led_flasher_bsp/\libhal_bsp.a(alt_usleep.o) (alt_busy_sleep)
../led_flasher_bsp/\libhal_bsp.a(alt_dcache_flush_all.o)
                              ../led_flasher_bsp/\libhal_bsp.a(alt_load.o) (alt_dcache_flush_all)
../led_flasher_bsp/\libhal_bsp.a(alt_icache_flush_all.o)
                              ../led_flasher_bsp/\libhal_bsp.a(alt_load.o) (alt_icache_flush_all)
../led_flasher_bsp/\libhal_bsp.a(altera_nios2_qsys_irq.o)
                              ../led_flasher_bsp/\libhal_bsp.a(alt_sys_init.o) (altera_nios2_qsys_irq_init)
c:/altera/13.0sp1/nios2eds/bin/gnu/h-i686-mingw32/bin/../lib/gcc/nios2-elf/4.1.2/../../../../nios2-elf/lib/mno-hw-mul\libsmallc.a(lib_a-strlen.o)
                              ../led_flasher_bsp/\libhal_bsp.a(alt_putstr.o) (strlen)
c:/altera/13.0sp1/nios2eds/bin/gnu/h-i686-mingw32/bin/../lib/gcc/nios2-elf/4.1.2/mno-hw-mul\libgcc.a(lib2-divmod.o)
                              ../led_flasher_bsp/\libhal_bsp.a(alt_busy_sleep.o) (__udivsi3)
c:/altera/13.0sp1/nios2eds/bin/gnu/h-i686-mingw32/bin/../lib/gcc/nios2-elf/4.1.2/mno-hw-mul\libgcc.a(lib2-mul.o)
                              ../led_flasher_bsp/\libhal_bsp.a(alt_busy_sleep.o) (__mulsi3)

Memory Configuration

Name             Origin             Length             Attributes
reset            0x00001000         0x00000020
onchip_memory2_0 0x00001020         0x00000fe0
*default*        0x00000000         0xffffffff

Linker script and memory map

LOAD ../led_flasher_bsp//obj/HAL/src/crt0.o
                0x0000100c                exit = _exit
LOAD obj/default/hello_world_small.o
LOAD c:/altera/13.0sp1/nios2eds/bin/gnu/h-i686-mingw32/bin/../lib/gcc/nios2-elf/4.1.2/../../../../nios2-elf/lib/mno-hw-mul\libstdc++.a
LOAD c:/altera/13.0sp1/nios2eds/bin/gnu/h-i686-mingw32/bin/../lib/gcc/nios2-elf/4.1.2/../../../../nios2-elf/lib/mno-hw-mul\libm.a
LOAD c:/altera/13.0sp1/nios2eds/bin/gnu/h-i686-mingw32/bin/../lib/gcc/nios2-elf/4.1.2/mno-hw-mul\libgcc.a
START GROUP
LOAD c:/altera/13.0sp1/nios2eds/bin/gnu/h-i686-mingw32/bin/../lib/gcc/nios2-elf/4.1.2/../../../../nios2-elf/lib/mno-hw-mul\libsmallc.a
LOAD c:/altera/13.0sp1/nios2eds/bin/gnu/h-i686-mingw32/bin/../lib/gcc/nios2-elf/4.1.2/mno-hw-mul\libgcc.a
LOAD ../led_flasher_bsp/\libhal_bsp.a
END GROUP
LOAD c:/altera/13.0sp1/nios2eds/bin/gnu/h-i686-mingw32/bin/../lib/gcc/nios2-elf/4.1.2/mno-hw-mul\libgcc.a
                0x00001000                __alt_mem_onchip_memory2_0 = 0x1000

.entry          0x00001000       0x20
 *(.entry)
 .entry         0x00001000       0x20 ../led_flasher_bsp//obj/HAL/src/crt0.o
                0x00001000                __reset
                0x0000100c                _exit

.exceptions     0x00001020        0x0
                0x00001020                PROVIDE (__ram_exceptions_start, ABSOLUTE (.))
                0x00001020                . = ALIGN (0x20)
 *(.irq)
 *(.exceptions.entry.label)
 *(.exceptions.entry.user)
 *(.exceptions.entry)
 *(.exceptions.irqtest.user)
 *(.exceptions.irqtest)
 *(.exceptions.irqhandler.user)
 *(.exceptions.irqhandler)
 *(.exceptions.irqreturn.user)
 *(.exceptions.irqreturn)
 *(.exceptions.notirq.label)
 *(.exceptions.notirq.user)
 *(.exceptions.notirq)
 *(.exceptions.soft.user)
 *(.exceptions.soft)
 *(.exceptions.unknown.user)
 *(.exceptions.unknown)
 *(.exceptions.exit.label)
 *(.exceptions.exit.user)
 *(.exceptions.exit)
 *(.exceptions)
                0x00001020                PROVIDE (__ram_exceptions_end, ABSOLUTE (.))
                0x00001020                PROVIDE (__flash_exceptions_start, LOADADDR (.exceptions))

.text           0x00001020      0x440
                0x00001020                PROVIDE (stext, ABSOLUTE (.))
 *(.interp)
 *(.hash)
 *(.dynsym)
 *(.dynstr)
 *(.gnu.version)
 *(.gnu.version_d)
 *(.gnu.version_r)
 *(.rel.init)
 *(.rela.init)
 *(.rel.text .rel.text.* .rel.gnu.linkonce.t.*)
 *(.rela.text .rela.text.* .rela.gnu.linkonce.t.*)
 *(.rel.fini)
 *(.rela.fini)
 *(.rel.rodata .rel.rodata.* .rel.gnu.linkonce.r.*)
 *(.rela.rodata .rela.rodata.* .rela.gnu.linkonce.r.*)
 *(.rel.data .rel.data.* .rel.gnu.linkonce.d.*)
 *(.rela.data .rela.data.* .rela.gnu.linkonce.d.*)
 *(.rel.tdata .rel.tdata.* .rel.gnu.linkonce.td.*)
 *(.rela.tdata .rela.tdata.* .rela.gnu.linkonce.td.*)
 *(.rel.tbss .rel.tbss.* .rel.gnu.linkonce.tb.*)
 *(.rela.tbss .rela.tbss.* .rela.gnu.linkonce.tb.*)
 *(.rel.ctors)
 *(.rela.ctors)
 *(.rel.dtors)
 *(.rela.dtors)
 *(.rel.got)
 *(.rela.got)
 *(.rel.sdata .rel.sdata.* .rel.gnu.linkonce.s.*)
 *(.rela.sdata .rela.sdata.* .rela.gnu.linkonce.s.*)
 *(.rel.sbss .rel.sbss.* .rel.gnu.linkonce.sb.*)
 *(.rela.sbss .rela.sbss.* .rela.gnu.linkonce.sb.*)
 *(.rel.sdata2 .rel.sdata2.* .rel.gnu.linkonce.s2.*)
 *(.rela.sdata2 .rela.sdata2.* .rela.gnu.linkonce.s2.*)
 *(.rel.sbss2 .rel.sbss2.* .rel.gnu.linkonce.sb2.*)
 *(.rela.sbss2 .rela.sbss2.* .rela.gnu.linkonce.sb2.*)
 *(.rel.bss .rel.bss.* .rel.gnu.linkonce.b.*)
 *(.rela.bss .rela.bss.* .rela.gnu.linkonce.b.*)
 *(.rel.plt)
 *(.rela.plt)
 *(.rel.dyn)
 *(.init)
 *(.plt)
 *(.text .stub .text.* .gnu.linkonce.t.*)
 .text          0x00001020       0x3c ../led_flasher_bsp//obj/HAL/src/crt0.o
                0x00001020                _start
 .text          0x0000105c       0x78 obj/default/hello_world_small.o
                0x0000105c                main
 .text          0x000010d4       0x8c ../led_flasher_bsp/\libhal_bsp.a(alt_load.o)
                0x000010f4                alt_load
 .text          0x00001160       0x2c ../led_flasher_bsp/\libhal_bsp.a(alt_main.o)
                0x00001160                alt_main
 .text          0x0000118c       0x38 ../led_flasher_bsp/\libhal_bsp.a(alt_putstr.o)
                0x0000118c                alt_putstr
 .text          0x000011c4        0x4 ../led_flasher_bsp/\libhal_bsp.a(alt_usleep.o)
                0x000011c4                usleep
 .text          0x000011c8       0x24 ../led_flasher_bsp/\libhal_bsp.a(alt_sys_init.o)
                0x000011c8                alt_sys_init
                0x000011cc                alt_irq_init
 .text          0x000011ec       0x34 ../led_flasher_bsp/\libhal_bsp.a(altera_avalon_jtag_uart_write.o)
                0x000011ec                altera_avalon_jtag_uart_write
 .text          0x00001220       0x8c ../led_flasher_bsp/\libhal_bsp.a(alt_busy_sleep.o)
                0x00001220                alt_busy_sleep
 .text          0x000012ac        0x4 ../led_flasher_bsp/\libhal_bsp.a(alt_dcache_flush_all.o)
                0x000012ac                alt_dcache_flush_all
 .text          0x000012b0        0x4 ../led_flasher_bsp/\libhal_bsp.a(alt_icache_flush_all.o)
                0x000012b0                alt_icache_flush_all
 .text          0x000012b4        0x8 ../led_flasher_bsp/\libhal_bsp.a(altera_nios2_qsys_irq.o)
                0x000012b4                altera_nios2_qsys_irq_init
 .text          0x000012bc       0x20 c:/altera/13.0sp1/nios2eds/bin/gnu/h-i686-mingw32/bin/../lib/gcc/nios2-elf/4.1.2/../../../../nios2-elf/lib/mno-hw-mul\libsmallc.a(lib_a-strlen.o)
                0x000012bc                strlen
 .text          0x000012dc      0x14c c:/altera/13.0sp1/nios2eds/bin/gnu/h-i686-mingw32/bin/../lib/gcc/nios2-elf/4.1.2/mno-hw-mul\libgcc.a(lib2-divmod.o)
                0x00001358                __divsi3
                0x000013b8                __modsi3
                0x00001418                __udivsi3
                0x00001420                __umodsi3
 .text          0x00001428       0x38 c:/altera/13.0sp1/nios2eds/bin/gnu/h-i686-mingw32/bin/../lib/gcc/nios2-elf/4.1.2/mno-hw-mul\libgcc.a(lib2-mul.o)
                0x00001428                __mulsi3
 *(.gnu.warning.*)
 *(.fini)
                0x00001460                PROVIDE (__etext, ABSOLUTE (.))
                0x00001460                PROVIDE (_etext, ABSOLUTE (.))
                0x00001460                PROVIDE (etext, ABSOLUTE (.))
 *(.eh_frame_hdr)
                0x00001460                . = ALIGN (0x4)
                0x00001460                PROVIDE (__preinit_array_start, ABSOLUTE (.))
 *(.preinit_array)
                0x00001460                PROVIDE (__preinit_array_end, ABSOLUTE (.))
                0x00001460                PROVIDE (__init_array_start, ABSOLUTE (.))
 *(.init_array)
                0x00001460                PROVIDE (__init_array_end, ABSOLUTE (.))
                0x00001460                PROVIDE (__fini_array_start, ABSOLUTE (.))
 *(.fini_array)
                0x00001460                PROVIDE (__fini_array_end, ABSOLUTE (.))
 *(.eh_frame)
 *(.gcc_except_table)
 *(.dynamic)
                0x00001460                PROVIDE (__CTOR_LIST__, ABSOLUTE (.))
 *(.ctors)
 *(SORT(.ctors.*))
                0x00001460                PROVIDE (__CTOR_END__, ABSOLUTE (.))
                0x00001460                PROVIDE (__DTOR_LIST__, ABSOLUTE (.))
 *(.dtors)
 *(SORT(.dtors.*))
                0x00001460                PROVIDE (__DTOR_END__, ABSOLUTE (.))
 *(.jcr)
                0x00001460                . = ALIGN (0x4)

.rodata         0x00001460       0x28
                0x00001460                PROVIDE (__ram_rodata_start, ABSOLUTE (.))
                0x00001460                . = ALIGN (0x4)
 *(.rodata .rodata.* .gnu.linkonce.r.*)
 .rodata.str1.4
                0x00001460       0x28 obj/default/hello_world_small.o
 *(.rodata1)
                0x00001488                . = ALIGN (0x4)
                0x00001488                PROVIDE (__ram_rodata_end, ABSOLUTE (.))
                0x00001460                PROVIDE (__flash_rodata_start, LOADADDR (.rodata))

.rwdata         0x00001488        0x0
                0x00001488                PROVIDE (__ram_rwdata_start, ABSOLUTE (.))
                0x00001488                . = ALIGN (0x4)
 *(.got.plt)
 *(.got)
 *(.data1)
 *(.data .data.* .gnu.linkonce.d.*)
 .data          0x00001488        0x0 ../led_flasher_bsp//obj/HAL/src/crt0.o
 .data          0x00001488        0x0 obj/default/hello_world_small.o
 .data          0x00001488        0x0 ../led_flasher_bsp/\libhal_bsp.a(alt_load.o)
 .data          0x00001488        0x0 ../led_flasher_bsp/\libhal_bsp.a(alt_main.o)
 .data          0x00001488        0x0 ../led_flasher_bsp/\libhal_bsp.a(alt_putstr.o)
 .data          0x00001488        0x0 ../led_flasher_bsp/\libhal_bsp.a(alt_usleep.o)
 .data          0x00001488        0x0 ../led_flasher_bsp/\libhal_bsp.a(alt_sys_init.o)
 .data          0x00001488        0x0 ../led_flasher_bsp/\libhal_bsp.a(altera_avalon_jtag_uart_write.o)
 .data          0x00001488        0x0 ../led_flasher_bsp/\libhal_bsp.a(alt_busy_sleep.o)
 .data          0x00001488        0x0 ../led_flasher_bsp/\libhal_bsp.a(alt_dcache_flush_all.o)
 .data          0x00001488        0x0 ../led_flasher_bsp/\libhal_bsp.a(alt_icache_flush_all.o)
 .data          0x00001488        0x0 ../led_flasher_bsp/\libhal_bsp.a(altera_nios2_qsys_irq.o)
 .data          0x00001488        0x0 c:/altera/13.0sp1/nios2eds/bin/gnu/h-i686-mingw32/bin/../lib/gcc/nios2-elf/4.1.2/../../../../nios2-elf/lib/mno-hw-mul\libsmallc.a(lib_a-strlen.o)
 .data          0x00001488        0x0 c:/altera/13.0sp1/nios2eds/bin/gnu/h-i686-mingw32/bin/../lib/gcc/nios2-elf/4.1.2/mno-hw-mul\libgcc.a(lib2-divmod.o)
 .data          0x00001488        0x0 c:/altera/13.0sp1/nios2eds/bin/gnu/h-i686-mingw32/bin/../lib/gcc/nios2-elf/4.1.2/mno-hw-mul\libgcc.a(lib2-mul.o)
                0x00009488                _gp = ABSOLUTE ((. + 0x8000))
                0x00009488                PROVIDE (gp, _gp)
 *(.rwdata .rwdata.*)
 *(.sdata .sdata.* .gnu.linkonce.s.*)
 *(.sdata2 .sdata2.* .gnu.linkonce.s2.*)
                0x00001488                . = ALIGN (0x4)
                0x00001488                _edata = ABSOLUTE (.)
                0x00001488                PROVIDE (edata, ABSOLUTE (.))
                0x00001488                PROVIDE (__ram_rwdata_end, ABSOLUTE (.))
                0x00001488                PROVIDE (__flash_rwdata_start, LOADADDR (.rwdata))

.bss            0x00001488       0x18
                0x00001488                __bss_start = ABSOLUTE (.)
                0x00001488                PROVIDE (__sbss_start, ABSOLUTE (.))
                0x00001488                PROVIDE (___sbss_start, ABSOLUTE (.))
 *(.dynsbss)
 *(.sbss .sbss.* .gnu.linkonce.sb.*)
 .sbss          0x00001488        0x8 obj/default/hello_world_small.o
                0x00001488                data_input
                0x0000148c                tiempo
 .sbss          0x00001490        0xc ../led_flasher_bsp/\libhal_bsp.a(alt_main.o)
                0x00001490                alt_argc
                0x00001494                alt_argv
                0x00001498                alt_envp
 .sbss          0x0000149c        0x4 ../led_flasher_bsp/\libhal_bsp.a(alt_sys_init.o)
                0x0000149c                jtag_uart_0
 *(.sbss2 .sbss2.* .gnu.linkonce.sb2.*)
 *(.scommon)
                0x000014a0                PROVIDE (__sbss_end, ABSOLUTE (.))
                0x000014a0                PROVIDE (___sbss_end, ABSOLUTE (.))
 *(.dynbss)
 *(.bss .bss.* .gnu.linkonce.b.*)
 .bss           0x000014a0        0x0 ../led_flasher_bsp//obj/HAL/src/crt0.o
 .bss           0x000014a0        0x0 obj/default/hello_world_small.o
 .bss           0x000014a0        0x0 ../led_flasher_bsp/\libhal_bsp.a(alt_load.o)
 .bss           0x000014a0        0x0 ../led_flasher_bsp/\libhal_bsp.a(alt_main.o)
 .bss           0x000014a0        0x0 ../led_flasher_bsp/\libhal_bsp.a(alt_putstr.o)
 .bss           0x000014a0        0x0 ../led_flasher_bsp/\libhal_bsp.a(alt_usleep.o)
 .bss           0x000014a0        0x0 ../led_flasher_bsp/\libhal_bsp.a(alt_sys_init.o)
 .bss           0x000014a0        0x0 ../led_flasher_bsp/\libhal_bsp.a(altera_avalon_jtag_uart_write.o)
 .bss           0x000014a0        0x0 ../led_flasher_bsp/\libhal_bsp.a(alt_busy_sleep.o)
 .bss           0x000014a0        0x0 ../led_flasher_bsp/\libhal_bsp.a(alt_dcache_flush_all.o)
 .bss           0x000014a0        0x0 ../led_flasher_bsp/\libhal_bsp.a(alt_icache_flush_all.o)
 .bss           0x000014a0        0x0 ../led_flasher_bsp/\libhal_bsp.a(altera_nios2_qsys_irq.o)
 .bss           0x000014a0        0x0 c:/altera/13.0sp1/nios2eds/bin/gnu/h-i686-mingw32/bin/../lib/gcc/nios2-elf/4.1.2/../../../../nios2-elf/lib/mno-hw-mul\libsmallc.a(lib_a-strlen.o)
 .bss           0x000014a0        0x0 c:/altera/13.0sp1/nios2eds/bin/gnu/h-i686-mingw32/bin/../lib/gcc/nios2-elf/4.1.2/mno-hw-mul\libgcc.a(lib2-divmod.o)
 .bss           0x000014a0        0x0 c:/altera/13.0sp1/nios2eds/bin/gnu/h-i686-mingw32/bin/../lib/gcc/nios2-elf/4.1.2/mno-hw-mul\libgcc.a(lib2-mul.o)
 *(COMMON)
                0x000014a0                . = ALIGN (0x4)
                0x000014a0                __bss_end = ABSOLUTE (.)

.onchip_memory2_0
                0x000014a0        0x0
                0x000014a0                PROVIDE (_alt_partition_onchip_memory2_0_start, ABSOLUTE (.))
 *(.onchip_memory2_0. onchip_memory2_0.*)
                0x000014a0                . = ALIGN (0x4)
                0x000014a0                PROVIDE (_alt_partition_onchip_memory2_0_end, ABSOLUTE (.))
                0x000014a0                _end = ABSOLUTE (.)
                0x000014a0                end = ABSOLUTE (.)
                0x000014a0                __alt_stack_base = ABSOLUTE (.)
                0x000014a0                PROVIDE (_alt_partition_onchip_memory2_0_load_addr, LOADADDR (.onchip_memory2_0))

.stab
 *(.stab)

.stabstr
 *(.stabstr)

.stab.excl
 *(.stab.excl)

.stab.exclstr
 *(.stab.exclstr)

.stab.index
 *(.stab.index)

.stab.indexstr
 *(.stab.indexstr)

.comment        0x00000000       0x26
 *(.comment)
 .comment       0x00000000       0x26 obj/default/hello_world_small.o
                                 0x27 (size before relaxing)
 .comment       0x00000000       0x27 ../led_flasher_bsp/\libhal_bsp.a(alt_load.o)
 .comment       0x00000000       0x27 ../led_flasher_bsp/\libhal_bsp.a(alt_main.o)
 .comment       0x00000000       0x27 ../led_flasher_bsp/\libhal_bsp.a(alt_putstr.o)
 .comment       0x00000000       0x27 ../led_flasher_bsp/\libhal_bsp.a(alt_usleep.o)
 .comment       0x00000000       0x27 ../led_flasher_bsp/\libhal_bsp.a(alt_sys_init.o)
 .comment       0x00000000       0x27 ../led_flasher_bsp/\libhal_bsp.a(altera_avalon_jtag_uart_write.o)
 .comment       0x00000000       0x27 ../led_flasher_bsp/\libhal_bsp.a(alt_busy_sleep.o)
 .comment       0x00000000       0x27 ../led_flasher_bsp/\libhal_bsp.a(alt_dcache_flush_all.o)
 .comment       0x00000000       0x27 ../led_flasher_bsp/\libhal_bsp.a(alt_icache_flush_all.o)
 .comment       0x00000000       0x27 ../led_flasher_bsp/\libhal_bsp.a(altera_nios2_qsys_irq.o)
 .comment       0x00000000       0x27 c:/altera/13.0sp1/nios2eds/bin/gnu/h-i686-mingw32/bin/../lib/gcc/nios2-elf/4.1.2/../../../../nios2-elf/lib/mno-hw-mul\libsmallc.a(lib_a-strlen.o)
 .comment       0x00000000       0x27 c:/altera/13.0sp1/nios2eds/bin/gnu/h-i686-mingw32/bin/../lib/gcc/nios2-elf/4.1.2/mno-hw-mul\libgcc.a(lib2-divmod.o)
 .comment       0x00000000       0x27 c:/altera/13.0sp1/nios2eds/bin/gnu/h-i686-mingw32/bin/../lib/gcc/nios2-elf/4.1.2/mno-hw-mul\libgcc.a(lib2-mul.o)

.debug
 *(.debug)

.line
 *(.line)

.debug_srcinfo
 *(.debug_srcinfo)

.debug_sfnames
 *(.debug_sfnames)

.debug_aranges  0x00000000      0x1e8
 *(.debug_aranges)
 .debug_aranges
                0x00000000       0x28 ../led_flasher_bsp//obj/HAL/src/crt0.o
 .debug_aranges
                0x00000028       0x20 obj/default/hello_world_small.o
 .debug_aranges
                0x00000048       0x20 ../led_flasher_bsp/\libhal_bsp.a(alt_load.o)
 .debug_aranges
                0x00000068       0x20 ../led_flasher_bsp/\libhal_bsp.a(alt_main.o)
 .debug_aranges
                0x00000088       0x20 ../led_flasher_bsp/\libhal_bsp.a(alt_putstr.o)
 .debug_aranges
                0x000000a8       0x20 ../led_flasher_bsp/\libhal_bsp.a(alt_usleep.o)
 .debug_aranges
                0x000000c8       0x20 ../led_flasher_bsp/\libhal_bsp.a(alt_sys_init.o)
 .debug_aranges
                0x000000e8       0x20 ../led_flasher_bsp/\libhal_bsp.a(altera_avalon_jtag_uart_write.o)
 .debug_aranges
                0x00000108       0x20 ../led_flasher_bsp/\libhal_bsp.a(alt_busy_sleep.o)
 .debug_aranges
                0x00000128       0x20 ../led_flasher_bsp/\libhal_bsp.a(alt_dcache_flush_all.o)
 .debug_aranges
                0x00000148       0x20 ../led_flasher_bsp/\libhal_bsp.a(alt_icache_flush_all.o)
 .debug_aranges
                0x00000168       0x20 ../led_flasher_bsp/\libhal_bsp.a(altera_nios2_qsys_irq.o)
 .debug_aranges
                0x00000188       0x20 c:/altera/13.0sp1/nios2eds/bin/gnu/h-i686-mingw32/bin/../lib/gcc/nios2-elf/4.1.2/../../../../nios2-elf/lib/mno-hw-mul\libsmallc.a(lib_a-strlen.o)
 .debug_aranges
                0x000001a8       0x20 c:/altera/13.0sp1/nios2eds/bin/gnu/h-i686-mingw32/bin/../lib/gcc/nios2-elf/4.1.2/mno-hw-mul\libgcc.a(lib2-divmod.o)
 .debug_aranges
                0x000001c8       0x20 c:/altera/13.0sp1/nios2eds/bin/gnu/h-i686-mingw32/bin/../lib/gcc/nios2-elf/4.1.2/mno-hw-mul\libgcc.a(lib2-mul.o)

.debug_pubnames
                0x00000000      0x280
 *(.debug_pubnames)
 .debug_pubnames
                0x00000000       0x35 obj/default/hello_world_small.o
 .debug_pubnames
                0x00000035       0x1f ../led_flasher_bsp/\libhal_bsp.a(alt_load.o)
 .debug_pubnames
                0x00000054       0x46 ../led_flasher_bsp/\libhal_bsp.a(alt_main.o)
 .debug_pubnames
                0x0000009a       0x21 ../led_flasher_bsp/\libhal_bsp.a(alt_putstr.o)
 .debug_pubnames
                0x000000bb       0x1d ../led_flasher_bsp/\libhal_bsp.a(alt_usleep.o)
 .debug_pubnames
                0x000000d8       0x44 ../led_flasher_bsp/\libhal_bsp.a(alt_sys_init.o)
 .debug_pubnames
                0x0000011c       0x34 ../led_flasher_bsp/\libhal_bsp.a(altera_avalon_jtag_uart_write.o)
 .debug_pubnames
                0x00000150       0x25 ../led_flasher_bsp/\libhal_bsp.a(alt_busy_sleep.o)
 .debug_pubnames
                0x00000175       0x2b ../led_flasher_bsp/\libhal_bsp.a(alt_dcache_flush_all.o)
 .debug_pubnames
                0x000001a0       0x2b ../led_flasher_bsp/\libhal_bsp.a(alt_icache_flush_all.o)
 .debug_pubnames
                0x000001cb       0x31 ../led_flasher_bsp/\libhal_bsp.a(altera_nios2_qsys_irq.o)
 .debug_pubnames
                0x000001fc       0x1d c:/altera/13.0sp1/nios2eds/bin/gnu/h-i686-mingw32/bin/../lib/gcc/nios2-elf/4.1.2/../../../../nios2-elf/lib/mno-hw-mul\libsmallc.a(lib_a-strlen.o)
 .debug_pubnames
                0x00000219       0x48 c:/altera/13.0sp1/nios2eds/bin/gnu/h-i686-mingw32/bin/../lib/gcc/nios2-elf/4.1.2/mno-hw-mul\libgcc.a(lib2-divmod.o)
 .debug_pubnames
                0x00000261       0x1f c:/altera/13.0sp1/nios2eds/bin/gnu/h-i686-mingw32/bin/../lib/gcc/nios2-elf/4.1.2/mno-hw-mul\libgcc.a(lib2-mul.o)

.debug_info     0x00000000      0xe1f
 *(.debug_info .gnu.linkonce.wi.*)
 .debug_info    0x00000000       0x67 ../led_flasher_bsp//obj/HAL/src/crt0.o
 .debug_info    0x00000067       0xa1 obj/default/hello_world_small.o
 .debug_info    0x00000108      0x12e ../led_flasher_bsp/\libhal_bsp.a(alt_load.o)
 .debug_info    0x00000236      0x125 ../led_flasher_bsp/\libhal_bsp.a(alt_main.o)
 .debug_info    0x0000035b       0xc5 ../led_flasher_bsp/\libhal_bsp.a(alt_putstr.o)
 .debug_info    0x00000420       0xab ../led_flasher_bsp/\libhal_bsp.a(alt_usleep.o)
 .debug_info    0x000004cb      0x17d ../led_flasher_bsp/\libhal_bsp.a(alt_sys_init.o)
 .debug_info    0x00000648      0x18f ../led_flasher_bsp/\libhal_bsp.a(altera_avalon_jtag_uart_write.o)
 .debug_info    0x000007d7       0xd0 ../led_flasher_bsp/\libhal_bsp.a(alt_busy_sleep.o)
 .debug_info    0x000008a7       0x8d ../led_flasher_bsp/\libhal_bsp.a(alt_dcache_flush_all.o)
 .debug_info    0x00000934       0x8d ../led_flasher_bsp/\libhal_bsp.a(alt_icache_flush_all.o)
 .debug_info    0x000009c1       0x8d ../led_flasher_bsp/\libhal_bsp.a(altera_nios2_qsys_irq.o)
 .debug_info    0x00000a4e       0xc2 c:/altera/13.0sp1/nios2eds/bin/gnu/h-i686-mingw32/bin/../lib/gcc/nios2-elf/4.1.2/../../../../nios2-elf/lib/mno-hw-mul\libsmallc.a(lib_a-strlen.o)
 .debug_info    0x00000b10      0x21c c:/altera/13.0sp1/nios2eds/bin/gnu/h-i686-mingw32/bin/../lib/gcc/nios2-elf/4.1.2/mno-hw-mul\libgcc.a(lib2-divmod.o)
 .debug_info    0x00000d2c       0xf3 c:/altera/13.0sp1/nios2eds/bin/gnu/h-i686-mingw32/bin/../lib/gcc/nios2-elf/4.1.2/mno-hw-mul\libgcc.a(lib2-mul.o)

.debug_abbrev   0x00000000      0x752
 *(.debug_abbrev)
 .debug_abbrev  0x00000000       0x12 ../led_flasher_bsp//obj/HAL/src/crt0.o
 .debug_abbrev  0x00000012       0x4c obj/default/hello_world_small.o
 .debug_abbrev  0x0000005e       0x97 ../led_flasher_bsp/\libhal_bsp.a(alt_load.o)
 .debug_abbrev  0x000000f5       0xa6 ../led_flasher_bsp/\libhal_bsp.a(alt_main.o)
 .debug_abbrev  0x0000019b       0x7c ../led_flasher_bsp/\libhal_bsp.a(alt_putstr.o)
 .debug_abbrev  0x00000217       0x5d ../led_flasher_bsp/\libhal_bsp.a(alt_usleep.o)
 .debug_abbrev  0x00000274       0xe3 ../led_flasher_bsp/\libhal_bsp.a(alt_sys_init.o)
 .debug_abbrev  0x00000357       0xf0 ../led_flasher_bsp/\libhal_bsp.a(altera_avalon_jtag_uart_write.o)
 .debug_abbrev  0x00000447       0x79 ../led_flasher_bsp/\libhal_bsp.a(alt_busy_sleep.o)
 .debug_abbrev  0x000004c0       0x3f ../led_flasher_bsp/\libhal_bsp.a(alt_dcache_flush_all.o)
 .debug_abbrev  0x000004ff       0x3f ../led_flasher_bsp/\libhal_bsp.a(alt_icache_flush_all.o)
 .debug_abbrev  0x0000053e       0x3f ../led_flasher_bsp/\libhal_bsp.a(altera_nios2_qsys_irq.o)
 .debug_abbrev  0x0000057d       0x7a c:/altera/13.0sp1/nios2eds/bin/gnu/h-i686-mingw32/bin/../lib/gcc/nios2-elf/4.1.2/../../../../nios2-elf/lib/mno-hw-mul\libsmallc.a(lib_a-strlen.o)
 .debug_abbrev  0x000005f7       0xe0 c:/altera/13.0sp1/nios2eds/bin/gnu/h-i686-mingw32/bin/../lib/gcc/nios2-elf/4.1.2/mno-hw-mul\libgcc.a(lib2-divmod.o)
 .debug_abbrev  0x000006d7       0x7b c:/altera/13.0sp1/nios2eds/bin/gnu/h-i686-mingw32/bin/../lib/gcc/nios2-elf/4.1.2/mno-hw-mul\libgcc.a(lib2-mul.o)

.debug_line     0x00000000     0x1d82
 *(.debug_line)
 .debug_line    0x00000000       0x66 ../led_flasher_bsp//obj/HAL/src/crt0.o
 .debug_line    0x00000066      0x162 obj/default/hello_world_small.o
 .debug_line    0x000001c8      0x217 ../led_flasher_bsp/\libhal_bsp.a(alt_load.o)
 .debug_line    0x000003df      0x2c2 ../led_flasher_bsp/\libhal_bsp.a(alt_main.o)
 .debug_line    0x000006a1      0x1d9 ../led_flasher_bsp/\libhal_bsp.a(alt_putstr.o)
 .debug_line    0x0000087a      0x202 ../led_flasher_bsp/\libhal_bsp.a(alt_usleep.o)
 .debug_line    0x00000a7c      0x2c3 ../led_flasher_bsp/\libhal_bsp.a(alt_sys_init.o)
 .debug_line    0x00000d3f      0x2f4 ../led_flasher_bsp/\libhal_bsp.a(altera_avalon_jtag_uart_write.o)
 .debug_line    0x00001033      0x25e ../led_flasher_bsp/\libhal_bsp.a(alt_busy_sleep.o)
 .debug_line    0x00001291      0x1b5 ../led_flasher_bsp/\libhal_bsp.a(alt_dcache_flush_all.o)
 .debug_line    0x00001446      0x1b5 ../led_flasher_bsp/\libhal_bsp.a(alt_icache_flush_all.o)
 .debug_line    0x000015fb      0x1ce ../led_flasher_bsp/\libhal_bsp.a(altera_nios2_qsys_irq.o)
 .debug_line    0x000017c9      0x250 c:/altera/13.0sp1/nios2eds/bin/gnu/h-i686-mingw32/bin/../lib/gcc/nios2-elf/4.1.2/../../../../nios2-elf/lib/mno-hw-mul\libsmallc.a(lib_a-strlen.o)
 .debug_line    0x00001a19      0x24f c:/altera/13.0sp1/nios2eds/bin/gnu/h-i686-mingw32/bin/../lib/gcc/nios2-elf/4.1.2/mno-hw-mul\libgcc.a(lib2-divmod.o)
 .debug_line    0x00001c68      0x11a c:/altera/13.0sp1/nios2eds/bin/gnu/h-i686-mingw32/bin/../lib/gcc/nios2-elf/4.1.2/mno-hw-mul\libgcc.a(lib2-mul.o)

.debug_frame    0x00000000      0x260
 *(.debug_frame)
 .debug_frame   0x00000000       0x28 obj/default/hello_world_small.o
 .debug_frame   0x00000028       0x38 ../led_flasher_bsp/\libhal_bsp.a(alt_load.o)
 .debug_frame   0x00000060       0x28 ../led_flasher_bsp/\libhal_bsp.a(alt_main.o)
 .debug_frame   0x00000088       0x28 ../led_flasher_bsp/\libhal_bsp.a(alt_putstr.o)
 .debug_frame   0x000000b0       0x20 ../led_flasher_bsp/\libhal_bsp.a(alt_usleep.o)
 .debug_frame   0x000000d0       0x38 ../led_flasher_bsp/\libhal_bsp.a(alt_sys_init.o)
 .debug_frame   0x00000108       0x20 ../led_flasher_bsp/\libhal_bsp.a(altera_avalon_jtag_uart_write.o)
 .debug_frame   0x00000128       0x28 ../led_flasher_bsp/\libhal_bsp.a(alt_busy_sleep.o)
 .debug_frame   0x00000150       0x20 ../led_flasher_bsp/\libhal_bsp.a(alt_dcache_flush_all.o)
 .debug_frame   0x00000170       0x20 ../led_flasher_bsp/\libhal_bsp.a(alt_icache_flush_all.o)
 .debug_frame   0x00000190       0x20 ../led_flasher_bsp/\libhal_bsp.a(altera_nios2_qsys_irq.o)
 .debug_frame   0x000001b0       0x20 c:/altera/13.0sp1/nios2eds/bin/gnu/h-i686-mingw32/bin/../lib/gcc/nios2-elf/4.1.2/../../../../nios2-elf/lib/mno-hw-mul\libsmallc.a(lib_a-strlen.o)
 .debug_frame   0x000001d0       0x70 c:/altera/13.0sp1/nios2eds/bin/gnu/h-i686-mingw32/bin/../lib/gcc/nios2-elf/4.1.2/mno-hw-mul\libgcc.a(lib2-divmod.o)
 .debug_frame   0x00000240       0x20 c:/altera/13.0sp1/nios2eds/bin/gnu/h-i686-mingw32/bin/../lib/gcc/nios2-elf/4.1.2/mno-hw-mul\libgcc.a(lib2-mul.o)

.debug_str      0x00000000      0x6ae
 *(.debug_str)
 .debug_str     0x00000000       0xb4 obj/default/hello_world_small.o
                                 0xe0 (size before relaxing)
 .debug_str     0x000000b4      0x127 ../led_flasher_bsp/\libhal_bsp.a(alt_load.o)
                                0x1bc (size before relaxing)
 .debug_str     0x000001db       0x75 ../led_flasher_bsp/\libhal_bsp.a(alt_main.o)
                                0x140 (size before relaxing)
 .debug_str     0x00000250       0x4c ../led_flasher_bsp/\libhal_bsp.a(alt_putstr.o)
                                0x117 (size before relaxing)
 .debug_str     0x0000029c       0x27 ../led_flasher_bsp/\libhal_bsp.a(alt_usleep.o)
                                 0xf2 (size before relaxing)
 .debug_str     0x000002c3       0x85 ../led_flasher_bsp/\libhal_bsp.a(alt_sys_init.o)
                                0x1b5 (size before relaxing)
 .debug_str     0x00000348       0x56 ../led_flasher_bsp/\libhal_bsp.a(altera_avalon_jtag_uart_write.o)
                                0x1b8 (size before relaxing)
 .debug_str     0x0000039e       0x42 ../led_flasher_bsp/\libhal_bsp.a(alt_busy_sleep.o)
                                0x115 (size before relaxing)
 .debug_str     0x000003e0       0x34 ../led_flasher_bsp/\libhal_bsp.a(alt_dcache_flush_all.o)
                                 0xff (size before relaxing)
 .debug_str     0x00000414       0x34 ../led_flasher_bsp/\libhal_bsp.a(alt_icache_flush_all.o)
                                 0xff (size before relaxing)
 .debug_str     0x00000448       0x3b ../led_flasher_bsp/\libhal_bsp.a(altera_nios2_qsys_irq.o)
                                0x106 (size before relaxing)
 .debug_str     0x00000483       0xe9 c:/altera/13.0sp1/nios2eds/bin/gnu/h-i686-mingw32/bin/../lib/gcc/nios2-elf/4.1.2/../../../../nios2-elf/lib/mno-hw-mul\libsmallc.a(lib_a-strlen.o)
                                0x184 (size before relaxing)
 .debug_str     0x0000056c      0x10b c:/altera/13.0sp1/nios2eds/bin/gnu/h-i686-mingw32/bin/../lib/gcc/nios2-elf/4.1.2/mno-hw-mul\libgcc.a(lib2-divmod.o)
                                0x1b4 (size before relaxing)
 .debug_str     0x00000677       0x37 c:/altera/13.0sp1/nios2eds/bin/gnu/h-i686-mingw32/bin/../lib/gcc/nios2-elf/4.1.2/mno-hw-mul\libgcc.a(lib2-mul.o)
                                0x175 (size before relaxing)

.debug_loc      0x00000000      0x39f
 *(.debug_loc)
 .debug_loc     0x00000000       0x1f obj/default/hello_world_small.o
 .debug_loc     0x0000001f       0x1f ../led_flasher_bsp/\libhal_bsp.a(alt_load.o)
 .debug_loc     0x0000003e       0x1f ../led_flasher_bsp/\libhal_bsp.a(alt_main.o)
 .debug_loc     0x0000005d       0x48 ../led_flasher_bsp/\libhal_bsp.a(alt_putstr.o)
 .debug_loc     0x000000a5       0x13 ../led_flasher_bsp/\libhal_bsp.a(alt_usleep.o)
 .debug_loc     0x000000b8       0x32 ../led_flasher_bsp/\libhal_bsp.a(alt_sys_init.o)
 .debug_loc     0x000000ea       0x26 ../led_flasher_bsp/\libhal_bsp.a(altera_avalon_jtag_uart_write.o)
 .debug_loc     0x00000110       0x50 ../led_flasher_bsp/\libhal_bsp.a(alt_busy_sleep.o)
 .debug_loc     0x00000160       0x1e c:/altera/13.0sp1/nios2eds/bin/gnu/h-i686-mingw32/bin/../lib/gcc/nios2-elf/4.1.2/../../../../nios2-elf/lib/mno-hw-mul\libsmallc.a(lib_a-strlen.o)
 .debug_loc     0x0000017e      0x1d2 c:/altera/13.0sp1/nios2eds/bin/gnu/h-i686-mingw32/bin/../lib/gcc/nios2-elf/4.1.2/mno-hw-mul\libgcc.a(lib2-divmod.o)
 .debug_loc     0x00000350       0x4f c:/altera/13.0sp1/nios2eds/bin/gnu/h-i686-mingw32/bin/../lib/gcc/nios2-elf/4.1.2/mno-hw-mul\libgcc.a(lib2-mul.o)

.debug_macinfo
 *(.debug_macinfo)

.debug_weaknames
 *(.debug_weaknames)

.debug_funcnames
 *(.debug_funcnames)

.debug_typenames
 *(.debug_typenames)

.debug_varnames
 *(.debug_varnames)

.debug_alt_sim_info
                0x00000000       0x40
 *(.debug_alt_sim_info)
 .debug_alt_sim_info
                0x00000000       0x10 ../led_flasher_bsp//obj/HAL/src/crt0.o
 .debug_alt_sim_info
                0x00000010       0x30 ../led_flasher_bsp/\libhal_bsp.a(alt_busy_sleep.o)
                0x00002000                __alt_data_end = 0x2000
                0x00002000                PROVIDE (__alt_stack_pointer, __alt_data_end)
                0x000014a0                PROVIDE (__alt_stack_limit, __alt_stack_base)
                0x000014a0                PROVIDE (__alt_heap_start, end)
                0x00002000                PROVIDE (__alt_heap_limit, 0x2000)
OUTPUT(led_flasher.elf elf32-littlenios2)

.debug_ranges   0x00000000       0x20
 .debug_ranges  0x00000000       0x20 ../led_flasher_bsp//obj/HAL/src/crt0.o
