Archive member included because of file (symbol)

../lcd_final_bsp/\libhal_bsp.a(alt_load.o)
                              ../lcd_final_bsp//obj/HAL/src/crt0.o (alt_load)
../lcd_final_bsp/\libhal_bsp.a(alt_main.o)
                              ../lcd_final_bsp//obj/HAL/src/crt0.o (alt_main)
../lcd_final_bsp/\libhal_bsp.a(alt_usleep.o)
                              obj/default/hello_world_small.o (usleep)
../lcd_final_bsp/\libhal_bsp.a(alt_sys_init.o)
                              ../lcd_final_bsp/\libhal_bsp.a(alt_main.o) (alt_sys_init)
../lcd_final_bsp/\libhal_bsp.a(alt_busy_sleep.o)
                              ../lcd_final_bsp/\libhal_bsp.a(alt_usleep.o) (alt_busy_sleep)
../lcd_final_bsp/\libhal_bsp.a(alt_dcache_flush_all.o)
                              ../lcd_final_bsp/\libhal_bsp.a(alt_load.o) (alt_dcache_flush_all)
../lcd_final_bsp/\libhal_bsp.a(alt_icache_flush_all.o)
                              ../lcd_final_bsp/\libhal_bsp.a(alt_load.o) (alt_icache_flush_all)
../lcd_final_bsp/\libhal_bsp.a(altera_nios2_qsys_irq.o)
                              ../lcd_final_bsp/\libhal_bsp.a(alt_sys_init.o) (altera_nios2_qsys_irq_init)
c:/altera/13.0sp1/nios2eds/bin/gnu/h-i686-mingw32/bin/../lib/gcc/nios2-elf/4.1.2/mno-hw-mul\libgcc.a(lib2-divmod.o)
                              ../lcd_final_bsp/\libhal_bsp.a(alt_busy_sleep.o) (__udivsi3)
c:/altera/13.0sp1/nios2eds/bin/gnu/h-i686-mingw32/bin/../lib/gcc/nios2-elf/4.1.2/mno-hw-mul\libgcc.a(lib2-mul.o)
                              ../lcd_final_bsp/\libhal_bsp.a(alt_busy_sleep.o) (__mulsi3)

Memory Configuration

Name             Origin             Length             Attributes
reset            0x00001000         0x00000020
onchip_memory2_0 0x00001020         0x00000fe0
*default*        0x00000000         0xffffffff

Linker script and memory map

LOAD ../lcd_final_bsp//obj/HAL/src/crt0.o
                0x0000100c                exit = _exit
LOAD obj/default/hello_world_small.o
LOAD c:/altera/13.0sp1/nios2eds/bin/gnu/h-i686-mingw32/bin/../lib/gcc/nios2-elf/4.1.2/../../../../nios2-elf/lib/mno-hw-mul\libstdc++.a
LOAD c:/altera/13.0sp1/nios2eds/bin/gnu/h-i686-mingw32/bin/../lib/gcc/nios2-elf/4.1.2/../../../../nios2-elf/lib/mno-hw-mul\libm.a
LOAD c:/altera/13.0sp1/nios2eds/bin/gnu/h-i686-mingw32/bin/../lib/gcc/nios2-elf/4.1.2/mno-hw-mul\libgcc.a
START GROUP
LOAD c:/altera/13.0sp1/nios2eds/bin/gnu/h-i686-mingw32/bin/../lib/gcc/nios2-elf/4.1.2/../../../../nios2-elf/lib/mno-hw-mul\libsmallc.a
LOAD c:/altera/13.0sp1/nios2eds/bin/gnu/h-i686-mingw32/bin/../lib/gcc/nios2-elf/4.1.2/mno-hw-mul\libgcc.a
LOAD ../lcd_final_bsp/\libhal_bsp.a
END GROUP
LOAD c:/altera/13.0sp1/nios2eds/bin/gnu/h-i686-mingw32/bin/../lib/gcc/nios2-elf/4.1.2/mno-hw-mul\libgcc.a
                0x00001000                __alt_mem_onchip_memory2_0 = 0x1000

.entry          0x00001000       0x20
 *(.entry)
 .entry         0x00001000       0x20 ../lcd_final_bsp//obj/HAL/src/crt0.o
                0x00001000                __reset
                0x0000100c                _exit

.exceptions     0x00001020        0x0
                0x00001020                PROVIDE (__ram_exceptions_start, ABSOLUTE (.))
                0x00001020                . = ALIGN (0x20)
 *(.irq)
 *(.exceptions.entry.label)
 *(.exceptions.entry.user)
 *(.exceptions.entry)
 *(.exceptions.irqtest.user)
 *(.exceptions.irqtest)
 *(.exceptions.irqhandler.user)
 *(.exceptions.irqhandler)
 *(.exceptions.irqreturn.user)
 *(.exceptions.irqreturn)
 *(.exceptions.notirq.label)
 *(.exceptions.notirq.user)
 *(.exceptions.notirq)
 *(.exceptions.soft.user)
 *(.exceptions.soft)
 *(.exceptions.unknown.user)
 *(.exceptions.unknown)
 *(.exceptions.exit.label)
 *(.exceptions.exit.user)
 *(.exceptions.exit)
 *(.exceptions)
                0x00001020                PROVIDE (__ram_exceptions_end, ABSOLUTE (.))
                0x00001020                PROVIDE (__flash_exceptions_start, LOADADDR (.exceptions))

.text           0x00001020      0x4b8
                0x00001020                PROVIDE (stext, ABSOLUTE (.))
 *(.interp)
 *(.hash)
 *(.dynsym)
 *(.dynstr)
 *(.gnu.version)
 *(.gnu.version_d)
 *(.gnu.version_r)
 *(.rel.init)
 *(.rela.init)
 *(.rel.text .rel.text.* .rel.gnu.linkonce.t.*)
 *(.rela.text .rela.text.* .rela.gnu.linkonce.t.*)
 *(.rel.fini)
 *(.rela.fini)
 *(.rel.rodata .rel.rodata.* .rel.gnu.linkonce.r.*)
 *(.rela.rodata .rela.rodata.* .rela.gnu.linkonce.r.*)
 *(.rel.data .rel.data.* .rel.gnu.linkonce.d.*)
 *(.rela.data .rela.data.* .rela.gnu.linkonce.d.*)
 *(.rel.tdata .rel.tdata.* .rel.gnu.linkonce.td.*)
 *(.rela.tdata .rela.tdata.* .rela.gnu.linkonce.td.*)
 *(.rel.tbss .rel.tbss.* .rel.gnu.linkonce.tb.*)
 *(.rela.tbss .rela.tbss.* .rela.gnu.linkonce.tb.*)
 *(.rel.ctors)
 *(.rela.ctors)
 *(.rel.dtors)
 *(.rela.dtors)
 *(.rel.got)
 *(.rela.got)
 *(.rel.sdata .rel.sdata.* .rel.gnu.linkonce.s.*)
 *(.rela.sdata .rela.sdata.* .rela.gnu.linkonce.s.*)
 *(.rel.sbss .rel.sbss.* .rel.gnu.linkonce.sb.*)
 *(.rela.sbss .rela.sbss.* .rela.gnu.linkonce.sb.*)
 *(.rel.sdata2 .rel.sdata2.* .rel.gnu.linkonce.s2.*)
 *(.rela.sdata2 .rela.sdata2.* .rela.gnu.linkonce.s2.*)
 *(.rel.sbss2 .rel.sbss2.* .rel.gnu.linkonce.sb2.*)
 *(.rela.sbss2 .rela.sbss2.* .rela.gnu.linkonce.sb2.*)
 *(.rel.bss .rel.bss.* .rel.gnu.linkonce.b.*)
 *(.rela.bss .rela.bss.* .rela.gnu.linkonce.b.*)
 *(.rel.plt)
 *(.rela.plt)
 *(.rel.dyn)
 *(.init)
 *(.plt)
 *(.text .stub .text.* .gnu.linkonce.t.*)
 .text          0x00001020       0x3c ../lcd_final_bsp//obj/HAL/src/crt0.o
                0x00001020                _start
 .text          0x0000105c      0x17c obj/default/hello_world_small.o
                0x0000105c                ESCRIBE_MENSAJE
                0x000010c0                lcd_init
                0x00001180                main
 .text          0x000011d8       0x8c ../lcd_final_bsp/\libhal_bsp.a(alt_load.o)
                0x000011f8                alt_load
 .text          0x00001264       0x2c ../lcd_final_bsp/\libhal_bsp.a(alt_main.o)
                0x00001264                alt_main
 .text          0x00001290        0x4 ../lcd_final_bsp/\libhal_bsp.a(alt_usleep.o)
                0x00001290                usleep
 .text          0x00001294       0x24 ../lcd_final_bsp/\libhal_bsp.a(alt_sys_init.o)
                0x00001294                alt_sys_init
                0x00001298                alt_irq_init
 .text          0x000012b8       0x8c ../lcd_final_bsp/\libhal_bsp.a(alt_busy_sleep.o)
                0x000012b8                alt_busy_sleep
 .text          0x00001344        0x4 ../lcd_final_bsp/\libhal_bsp.a(alt_dcache_flush_all.o)
                0x00001344                alt_dcache_flush_all
 .text          0x00001348        0x4 ../lcd_final_bsp/\libhal_bsp.a(alt_icache_flush_all.o)
                0x00001348                alt_icache_flush_all
 .text          0x0000134c        0x8 ../lcd_final_bsp/\libhal_bsp.a(altera_nios2_qsys_irq.o)
                0x0000134c                altera_nios2_qsys_irq_init
 .text          0x00001354      0x14c c:/altera/13.0sp1/nios2eds/bin/gnu/h-i686-mingw32/bin/../lib/gcc/nios2-elf/4.1.2/mno-hw-mul\libgcc.a(lib2-divmod.o)
                0x000013d0                __divsi3
                0x00001430                __modsi3
                0x00001490                __udivsi3
                0x00001498                __umodsi3
 .text          0x000014a0       0x38 c:/altera/13.0sp1/nios2eds/bin/gnu/h-i686-mingw32/bin/../lib/gcc/nios2-elf/4.1.2/mno-hw-mul\libgcc.a(lib2-mul.o)
                0x000014a0                __mulsi3
 *(.gnu.warning.*)
 *(.fini)
                0x000014d8                PROVIDE (__etext, ABSOLUTE (.))
                0x000014d8                PROVIDE (_etext, ABSOLUTE (.))
                0x000014d8                PROVIDE (etext, ABSOLUTE (.))
 *(.eh_frame_hdr)
                0x000014d8                . = ALIGN (0x4)
                0x000014d8                PROVIDE (__preinit_array_start, ABSOLUTE (.))
 *(.preinit_array)
                0x000014d8                PROVIDE (__preinit_array_end, ABSOLUTE (.))
                0x000014d8                PROVIDE (__init_array_start, ABSOLUTE (.))
 *(.init_array)
                0x000014d8                PROVIDE (__init_array_end, ABSOLUTE (.))
                0x000014d8                PROVIDE (__fini_array_start, ABSOLUTE (.))
 *(.fini_array)
                0x000014d8                PROVIDE (__fini_array_end, ABSOLUTE (.))
 *(.eh_frame)
 *(.gcc_except_table)
 *(.dynamic)
                0x000014d8                PROVIDE (__CTOR_LIST__, ABSOLUTE (.))
 *(.ctors)
 *(SORT(.ctors.*))
                0x000014d8                PROVIDE (__CTOR_END__, ABSOLUTE (.))
                0x000014d8                PROVIDE (__DTOR_LIST__, ABSOLUTE (.))
 *(.dtors)
 *(SORT(.dtors.*))
                0x000014d8                PROVIDE (__DTOR_END__, ABSOLUTE (.))
 *(.jcr)
                0x000014d8                . = ALIGN (0x4)

.rodata         0x000014d8       0x1c
                0x000014d8                PROVIDE (__ram_rodata_start, ABSOLUTE (.))
                0x000014d8                . = ALIGN (0x4)
 *(.rodata .rodata.* .gnu.linkonce.r.*)
 .rodata.str1.4
                0x000014d8       0x1c obj/default/hello_world_small.o
 *(.rodata1)
                0x000014f4                . = ALIGN (0x4)
                0x000014f4                PROVIDE (__ram_rodata_end, ABSOLUTE (.))
                0x000014d8                PROVIDE (__flash_rodata_start, LOADADDR (.rodata))

.rwdata         0x000014f4        0x0
                0x000014f4                PROVIDE (__ram_rwdata_start, ABSOLUTE (.))
                0x000014f4                . = ALIGN (0x4)
 *(.got.plt)
 *(.got)
 *(.data1)
 *(.data .data.* .gnu.linkonce.d.*)
 .data          0x000014f4        0x0 ../lcd_final_bsp//obj/HAL/src/crt0.o
 .data          0x000014f4        0x0 obj/default/hello_world_small.o
 .data          0x000014f4        0x0 ../lcd_final_bsp/\libhal_bsp.a(alt_load.o)
 .data          0x000014f4        0x0 ../lcd_final_bsp/\libhal_bsp.a(alt_main.o)
 .data          0x000014f4        0x0 ../lcd_final_bsp/\libhal_bsp.a(alt_usleep.o)
 .data          0x000014f4        0x0 ../lcd_final_bsp/\libhal_bsp.a(alt_sys_init.o)
 .data          0x000014f4        0x0 ../lcd_final_bsp/\libhal_bsp.a(alt_busy_sleep.o)
 .data          0x000014f4        0x0 ../lcd_final_bsp/\libhal_bsp.a(alt_dcache_flush_all.o)
 .data          0x000014f4        0x0 ../lcd_final_bsp/\libhal_bsp.a(alt_icache_flush_all.o)
 .data          0x000014f4        0x0 ../lcd_final_bsp/\libhal_bsp.a(altera_nios2_qsys_irq.o)
 .data          0x000014f4        0x0 c:/altera/13.0sp1/nios2eds/bin/gnu/h-i686-mingw32/bin/../lib/gcc/nios2-elf/4.1.2/mno-hw-mul\libgcc.a(lib2-divmod.o)
 .data          0x000014f4        0x0 c:/altera/13.0sp1/nios2eds/bin/gnu/h-i686-mingw32/bin/../lib/gcc/nios2-elf/4.1.2/mno-hw-mul\libgcc.a(lib2-mul.o)
                0x000094f4                _gp = ABSOLUTE ((. + 0x8000))
                0x000094f4                PROVIDE (gp, _gp)
 *(.rwdata .rwdata.*)
 *(.sdata .sdata.* .gnu.linkonce.s.*)
 *(.sdata2 .sdata2.* .gnu.linkonce.s2.*)
                0x000014f4                . = ALIGN (0x4)
                0x000014f4                _edata = ABSOLUTE (.)
                0x000014f4                PROVIDE (edata, ABSOLUTE (.))
                0x000014f4                PROVIDE (__ram_rwdata_end, ABSOLUTE (.))
                0x000014f4                PROVIDE (__flash_rwdata_start, LOADADDR (.rwdata))

.bss            0x000014f4       0x10
                0x000014f4                __bss_start = ABSOLUTE (.)
                0x000014f4                PROVIDE (__sbss_start, ABSOLUTE (.))
                0x000014f4                PROVIDE (___sbss_start, ABSOLUTE (.))
 *(.dynsbss)
 *(.sbss .sbss.* .gnu.linkonce.sb.*)
 .sbss          0x000014f4        0xc ../lcd_final_bsp/\libhal_bsp.a(alt_main.o)
                0x000014f4                alt_argc
                0x000014f8                alt_argv
                0x000014fc                alt_envp
 .sbss          0x00001500        0x4 ../lcd_final_bsp/\libhal_bsp.a(alt_sys_init.o)
                0x00001500                jtag_uart_0
 *(.sbss2 .sbss2.* .gnu.linkonce.sb2.*)
 *(.scommon)
                0x00001504                PROVIDE (__sbss_end, ABSOLUTE (.))
                0x00001504                PROVIDE (___sbss_end, ABSOLUTE (.))
 *(.dynbss)
 *(.bss .bss.* .gnu.linkonce.b.*)
 .bss           0x00001504        0x0 ../lcd_final_bsp//obj/HAL/src/crt0.o
 .bss           0x00001504        0x0 obj/default/hello_world_small.o
 .bss           0x00001504        0x0 ../lcd_final_bsp/\libhal_bsp.a(alt_load.o)
 .bss           0x00001504        0x0 ../lcd_final_bsp/\libhal_bsp.a(alt_main.o)
 .bss           0x00001504        0x0 ../lcd_final_bsp/\libhal_bsp.a(alt_usleep.o)
 .bss           0x00001504        0x0 ../lcd_final_bsp/\libhal_bsp.a(alt_sys_init.o)
 .bss           0x00001504        0x0 ../lcd_final_bsp/\libhal_bsp.a(alt_busy_sleep.o)
 .bss           0x00001504        0x0 ../lcd_final_bsp/\libhal_bsp.a(alt_dcache_flush_all.o)
 .bss           0x00001504        0x0 ../lcd_final_bsp/\libhal_bsp.a(alt_icache_flush_all.o)
 .bss           0x00001504        0x0 ../lcd_final_bsp/\libhal_bsp.a(altera_nios2_qsys_irq.o)
 .bss           0x00001504        0x0 c:/altera/13.0sp1/nios2eds/bin/gnu/h-i686-mingw32/bin/../lib/gcc/nios2-elf/4.1.2/mno-hw-mul\libgcc.a(lib2-divmod.o)
 .bss           0x00001504        0x0 c:/altera/13.0sp1/nios2eds/bin/gnu/h-i686-mingw32/bin/../lib/gcc/nios2-elf/4.1.2/mno-hw-mul\libgcc.a(lib2-mul.o)
 *(COMMON)
                0x00001504                . = ALIGN (0x4)
                0x00001504                __bss_end = ABSOLUTE (.)

.onchip_memory2_0
                0x00001504        0x0
                0x00001504                PROVIDE (_alt_partition_onchip_memory2_0_start, ABSOLUTE (.))
 *(.onchip_memory2_0. onchip_memory2_0.*)
                0x00001504                . = ALIGN (0x4)
                0x00001504                PROVIDE (_alt_partition_onchip_memory2_0_end, ABSOLUTE (.))
                0x00001504                _end = ABSOLUTE (.)
                0x00001504                end = ABSOLUTE (.)
                0x00001504                __alt_stack_base = ABSOLUTE (.)
                0x00001504                PROVIDE (_alt_partition_onchip_memory2_0_load_addr, LOADADDR (.onchip_memory2_0))

.stab
 *(.stab)

.stabstr
 *(.stabstr)

.stab.excl
 *(.stab.excl)

.stab.exclstr
 *(.stab.exclstr)

.stab.index
 *(.stab.index)

.stab.indexstr
 *(.stab.indexstr)

.comment        0x00000000       0x26
 *(.comment)
 .comment       0x00000000       0x26 obj/default/hello_world_small.o
                                 0x27 (size before relaxing)
 .comment       0x00000000       0x27 ../lcd_final_bsp/\libhal_bsp.a(alt_load.o)
 .comment       0x00000000       0x27 ../lcd_final_bsp/\libhal_bsp.a(alt_main.o)
 .comment       0x00000000       0x27 ../lcd_final_bsp/\libhal_bsp.a(alt_usleep.o)
 .comment       0x00000000       0x27 ../lcd_final_bsp/\libhal_bsp.a(alt_sys_init.o)
 .comment       0x00000000       0x27 ../lcd_final_bsp/\libhal_bsp.a(alt_busy_sleep.o)
 .comment       0x00000000       0x27 ../lcd_final_bsp/\libhal_bsp.a(alt_dcache_flush_all.o)
 .comment       0x00000000       0x27 ../lcd_final_bsp/\libhal_bsp.a(alt_icache_flush_all.o)
 .comment       0x00000000       0x27 ../lcd_final_bsp/\libhal_bsp.a(altera_nios2_qsys_irq.o)
 .comment       0x00000000       0x27 c:/altera/13.0sp1/nios2eds/bin/gnu/h-i686-mingw32/bin/../lib/gcc/nios2-elf/4.1.2/mno-hw-mul\libgcc.a(lib2-divmod.o)
 .comment       0x00000000       0x27 c:/altera/13.0sp1/nios2eds/bin/gnu/h-i686-mingw32/bin/../lib/gcc/nios2-elf/4.1.2/mno-hw-mul\libgcc.a(lib2-mul.o)

.debug
 *(.debug)

.line
 *(.line)

.debug_srcinfo
 *(.debug_srcinfo)

.debug_sfnames
 *(.debug_sfnames)

.debug_aranges  0x00000000      0x188
 *(.debug_aranges)
 .debug_aranges
                0x00000000       0x28 ../lcd_final_bsp//obj/HAL/src/crt0.o
 .debug_aranges
                0x00000028       0x20 obj/default/hello_world_small.o
 .debug_aranges
                0x00000048       0x20 ../lcd_final_bsp/\libhal_bsp.a(alt_load.o)
 .debug_aranges
                0x00000068       0x20 ../lcd_final_bsp/\libhal_bsp.a(alt_main.o)
 .debug_aranges
                0x00000088       0x20 ../lcd_final_bsp/\libhal_bsp.a(alt_usleep.o)
 .debug_aranges
                0x000000a8       0x20 ../lcd_final_bsp/\libhal_bsp.a(alt_sys_init.o)
 .debug_aranges
                0x000000c8       0x20 ../lcd_final_bsp/\libhal_bsp.a(alt_busy_sleep.o)
 .debug_aranges
                0x000000e8       0x20 ../lcd_final_bsp/\libhal_bsp.a(alt_dcache_flush_all.o)
 .debug_aranges
                0x00000108       0x20 ../lcd_final_bsp/\libhal_bsp.a(alt_icache_flush_all.o)
 .debug_aranges
                0x00000128       0x20 ../lcd_final_bsp/\libhal_bsp.a(altera_nios2_qsys_irq.o)
 .debug_aranges
                0x00000148       0x20 c:/altera/13.0sp1/nios2eds/bin/gnu/h-i686-mingw32/bin/../lib/gcc/nios2-elf/4.1.2/mno-hw-mul\libgcc.a(lib2-divmod.o)
 .debug_aranges
                0x00000168       0x20 c:/altera/13.0sp1/nios2eds/bin/gnu/h-i686-mingw32/bin/../lib/gcc/nios2-elf/4.1.2/mno-hw-mul\libgcc.a(lib2-mul.o)

.debug_pubnames
                0x00000000      0x215
 *(.debug_pubnames)
 .debug_pubnames
                0x00000000       0x3c obj/default/hello_world_small.o
 .debug_pubnames
                0x0000003c       0x1f ../lcd_final_bsp/\libhal_bsp.a(alt_load.o)
 .debug_pubnames
                0x0000005b       0x46 ../lcd_final_bsp/\libhal_bsp.a(alt_main.o)
 .debug_pubnames
                0x000000a1       0x1d ../lcd_final_bsp/\libhal_bsp.a(alt_usleep.o)
 .debug_pubnames
                0x000000be       0x44 ../lcd_final_bsp/\libhal_bsp.a(alt_sys_init.o)
 .debug_pubnames
                0x00000102       0x25 ../lcd_final_bsp/\libhal_bsp.a(alt_busy_sleep.o)
 .debug_pubnames
                0x00000127       0x2b ../lcd_final_bsp/\libhal_bsp.a(alt_dcache_flush_all.o)
 .debug_pubnames
                0x00000152       0x2b ../lcd_final_bsp/\libhal_bsp.a(alt_icache_flush_all.o)
 .debug_pubnames
                0x0000017d       0x31 ../lcd_final_bsp/\libhal_bsp.a(altera_nios2_qsys_irq.o)
 .debug_pubnames
                0x000001ae       0x48 c:/altera/13.0sp1/nios2eds/bin/gnu/h-i686-mingw32/bin/../lib/gcc/nios2-elf/4.1.2/mno-hw-mul\libgcc.a(lib2-divmod.o)
 .debug_pubnames
                0x000001f6       0x1f c:/altera/13.0sp1/nios2eds/bin/gnu/h-i686-mingw32/bin/../lib/gcc/nios2-elf/4.1.2/mno-hw-mul\libgcc.a(lib2-mul.o)

.debug_info     0x00000000      0xb45
 *(.debug_info .gnu.linkonce.wi.*)
 .debug_info    0x00000000       0x65 ../lcd_final_bsp//obj/HAL/src/crt0.o
 .debug_info    0x00000065       0xdf obj/default/hello_world_small.o
 .debug_info    0x00000144      0x12e ../lcd_final_bsp/\libhal_bsp.a(alt_load.o)
 .debug_info    0x00000272      0x125 ../lcd_final_bsp/\libhal_bsp.a(alt_main.o)
 .debug_info    0x00000397       0xab ../lcd_final_bsp/\libhal_bsp.a(alt_usleep.o)
 .debug_info    0x00000442      0x17d ../lcd_final_bsp/\libhal_bsp.a(alt_sys_init.o)
 .debug_info    0x000005bf       0xd0 ../lcd_final_bsp/\libhal_bsp.a(alt_busy_sleep.o)
 .debug_info    0x0000068f       0x8d ../lcd_final_bsp/\libhal_bsp.a(alt_dcache_flush_all.o)
 .debug_info    0x0000071c       0x8d ../lcd_final_bsp/\libhal_bsp.a(alt_icache_flush_all.o)
 .debug_info    0x000007a9       0x8d ../lcd_final_bsp/\libhal_bsp.a(altera_nios2_qsys_irq.o)
 .debug_info    0x00000836      0x21c c:/altera/13.0sp1/nios2eds/bin/gnu/h-i686-mingw32/bin/../lib/gcc/nios2-elf/4.1.2/mno-hw-mul\libgcc.a(lib2-divmod.o)
 .debug_info    0x00000a52       0xf3 c:/altera/13.0sp1/nios2eds/bin/gnu/h-i686-mingw32/bin/../lib/gcc/nios2-elf/4.1.2/mno-hw-mul\libgcc.a(lib2-mul.o)

.debug_abbrev   0x00000000      0x5a8
 *(.debug_abbrev)
 .debug_abbrev  0x00000000       0x12 ../lcd_final_bsp//obj/HAL/src/crt0.o
 .debug_abbrev  0x00000012       0x88 obj/default/hello_world_small.o
 .debug_abbrev  0x0000009a       0x97 ../lcd_final_bsp/\libhal_bsp.a(alt_load.o)
 .debug_abbrev  0x00000131       0xa6 ../lcd_final_bsp/\libhal_bsp.a(alt_main.o)
 .debug_abbrev  0x000001d7       0x5d ../lcd_final_bsp/\libhal_bsp.a(alt_usleep.o)
 .debug_abbrev  0x00000234       0xe3 ../lcd_final_bsp/\libhal_bsp.a(alt_sys_init.o)
 .debug_abbrev  0x00000317       0x79 ../lcd_final_bsp/\libhal_bsp.a(alt_busy_sleep.o)
 .debug_abbrev  0x00000390       0x3f ../lcd_final_bsp/\libhal_bsp.a(alt_dcache_flush_all.o)
 .debug_abbrev  0x000003cf       0x3f ../lcd_final_bsp/\libhal_bsp.a(alt_icache_flush_all.o)
 .debug_abbrev  0x0000040e       0x3f ../lcd_final_bsp/\libhal_bsp.a(altera_nios2_qsys_irq.o)
 .debug_abbrev  0x0000044d       0xe0 c:/altera/13.0sp1/nios2eds/bin/gnu/h-i686-mingw32/bin/../lib/gcc/nios2-elf/4.1.2/mno-hw-mul\libgcc.a(lib2-divmod.o)
 .debug_abbrev  0x0000052d       0x7b c:/altera/13.0sp1/nios2eds/bin/gnu/h-i686-mingw32/bin/../lib/gcc/nios2-elf/4.1.2/mno-hw-mul\libgcc.a(lib2-mul.o)

.debug_line     0x00000000     0x172d
 *(.debug_line)
 .debug_line    0x00000000       0x66 ../lcd_final_bsp//obj/HAL/src/crt0.o
 .debug_line    0x00000066      0x22a obj/default/hello_world_small.o
 .debug_line    0x00000290      0x217 ../lcd_final_bsp/\libhal_bsp.a(alt_load.o)
 .debug_line    0x000004a7      0x2c2 ../lcd_final_bsp/\libhal_bsp.a(alt_main.o)
 .debug_line    0x00000769      0x202 ../lcd_final_bsp/\libhal_bsp.a(alt_usleep.o)
 .debug_line    0x0000096b      0x2c3 ../lcd_final_bsp/\libhal_bsp.a(alt_sys_init.o)
 .debug_line    0x00000c2e      0x25e ../lcd_final_bsp/\libhal_bsp.a(alt_busy_sleep.o)
 .debug_line    0x00000e8c      0x1b5 ../lcd_final_bsp/\libhal_bsp.a(alt_dcache_flush_all.o)
 .debug_line    0x00001041      0x1b5 ../lcd_final_bsp/\libhal_bsp.a(alt_icache_flush_all.o)
 .debug_line    0x000011f6      0x1ce ../lcd_final_bsp/\libhal_bsp.a(altera_nios2_qsys_irq.o)
 .debug_line    0x000013c4      0x24f c:/altera/13.0sp1/nios2eds/bin/gnu/h-i686-mingw32/bin/../lib/gcc/nios2-elf/4.1.2/mno-hw-mul\libgcc.a(lib2-divmod.o)
 .debug_line    0x00001613      0x11a c:/altera/13.0sp1/nios2eds/bin/gnu/h-i686-mingw32/bin/../lib/gcc/nios2-elf/4.1.2/mno-hw-mul\libgcc.a(lib2-mul.o)

.debug_frame    0x00000000      0x234
 *(.debug_frame)
 .debug_frame   0x00000000       0x64 obj/default/hello_world_small.o
 .debug_frame   0x00000064       0x38 ../lcd_final_bsp/\libhal_bsp.a(alt_load.o)
 .debug_frame   0x0000009c       0x28 ../lcd_final_bsp/\libhal_bsp.a(alt_main.o)
 .debug_frame   0x000000c4       0x20 ../lcd_final_bsp/\libhal_bsp.a(alt_usleep.o)
 .debug_frame   0x000000e4       0x38 ../lcd_final_bsp/\libhal_bsp.a(alt_sys_init.o)
 .debug_frame   0x0000011c       0x28 ../lcd_final_bsp/\libhal_bsp.a(alt_busy_sleep.o)
 .debug_frame   0x00000144       0x20 ../lcd_final_bsp/\libhal_bsp.a(alt_dcache_flush_all.o)
 .debug_frame   0x00000164       0x20 ../lcd_final_bsp/\libhal_bsp.a(alt_icache_flush_all.o)
 .debug_frame   0x00000184       0x20 ../lcd_final_bsp/\libhal_bsp.a(altera_nios2_qsys_irq.o)
 .debug_frame   0x000001a4       0x70 c:/altera/13.0sp1/nios2eds/bin/gnu/h-i686-mingw32/bin/../lib/gcc/nios2-elf/4.1.2/mno-hw-mul\libgcc.a(lib2-divmod.o)
 .debug_frame   0x00000214       0x20 c:/altera/13.0sp1/nios2eds/bin/gnu/h-i686-mingw32/bin/../lib/gcc/nios2-elf/4.1.2/mno-hw-mul\libgcc.a(lib2-mul.o)

.debug_str      0x00000000      0x559
 *(.debug_str)
 .debug_str     0x00000000       0xc0 obj/default/hello_world_small.o
                                 0xf1 (size before relaxing)
 .debug_str     0x000000c0      0x125 ../lcd_final_bsp/\libhal_bsp.a(alt_load.o)
                                0x1ba (size before relaxing)
 .debug_str     0x000001e5       0x75 ../lcd_final_bsp/\libhal_bsp.a(alt_main.o)
                                0x13e (size before relaxing)
 .debug_str     0x0000025a       0x27 ../lcd_final_bsp/\libhal_bsp.a(alt_usleep.o)
                                 0xf0 (size before relaxing)
 .debug_str     0x00000281       0xb1 ../lcd_final_bsp/\libhal_bsp.a(alt_sys_init.o)
                                0x1b3 (size before relaxing)
 .debug_str     0x00000332       0x42 ../lcd_final_bsp/\libhal_bsp.a(alt_busy_sleep.o)
                                0x113 (size before relaxing)
 .debug_str     0x00000374       0x34 ../lcd_final_bsp/\libhal_bsp.a(alt_dcache_flush_all.o)
                                 0xfd (size before relaxing)
 .debug_str     0x000003a8       0x34 ../lcd_final_bsp/\libhal_bsp.a(alt_icache_flush_all.o)
                                 0xfd (size before relaxing)
 .debug_str     0x000003dc       0x3b ../lcd_final_bsp/\libhal_bsp.a(altera_nios2_qsys_irq.o)
                                0x104 (size before relaxing)
 .debug_str     0x00000417      0x10b c:/altera/13.0sp1/nios2eds/bin/gnu/h-i686-mingw32/bin/../lib/gcc/nios2-elf/4.1.2/mno-hw-mul\libgcc.a(lib2-divmod.o)
                                0x1b4 (size before relaxing)
 .debug_str     0x00000522       0x37 c:/altera/13.0sp1/nios2eds/bin/gnu/h-i686-mingw32/bin/../lib/gcc/nios2-elf/4.1.2/mno-hw-mul\libgcc.a(lib2-mul.o)
                                0x175 (size before relaxing)

.debug_loc      0x00000000      0x3d7
 *(.debug_loc)
 .debug_loc     0x00000000       0xe3 obj/default/hello_world_small.o
 .debug_loc     0x000000e3       0x1f ../lcd_final_bsp/\libhal_bsp.a(alt_load.o)
 .debug_loc     0x00000102       0x1f ../lcd_final_bsp/\libhal_bsp.a(alt_main.o)
 .debug_loc     0x00000121       0x13 ../lcd_final_bsp/\libhal_bsp.a(alt_usleep.o)
 .debug_loc     0x00000134       0x32 ../lcd_final_bsp/\libhal_bsp.a(alt_sys_init.o)
 .debug_loc     0x00000166       0x50 ../lcd_final_bsp/\libhal_bsp.a(alt_busy_sleep.o)
 .debug_loc     0x000001b6      0x1d2 c:/altera/13.0sp1/nios2eds/bin/gnu/h-i686-mingw32/bin/../lib/gcc/nios2-elf/4.1.2/mno-hw-mul\libgcc.a(lib2-divmod.o)
 .debug_loc     0x00000388       0x4f c:/altera/13.0sp1/nios2eds/bin/gnu/h-i686-mingw32/bin/../lib/gcc/nios2-elf/4.1.2/mno-hw-mul\libgcc.a(lib2-mul.o)

.debug_macinfo
 *(.debug_macinfo)

.debug_weaknames
 *(.debug_weaknames)

.debug_funcnames
 *(.debug_funcnames)

.debug_typenames
 *(.debug_typenames)

.debug_varnames
 *(.debug_varnames)

.debug_alt_sim_info
                0x00000000       0x40
 *(.debug_alt_sim_info)
 .debug_alt_sim_info
                0x00000000       0x10 ../lcd_final_bsp//obj/HAL/src/crt0.o
 .debug_alt_sim_info
                0x00000010       0x30 ../lcd_final_bsp/\libhal_bsp.a(alt_busy_sleep.o)
                0x00002000                __alt_data_end = 0x2000
                0x00002000                PROVIDE (__alt_stack_pointer, __alt_data_end)
                0x00001504                PROVIDE (__alt_stack_limit, __alt_stack_base)
                0x00001504                PROVIDE (__alt_heap_start, end)
                0x00002000                PROVIDE (__alt_heap_limit, 0x2000)
OUTPUT(lcd_final.elf elf32-littlenios2)

.debug_ranges   0x00000000       0x20
 .debug_ranges  0x00000000       0x20 ../lcd_final_bsp//obj/HAL/src/crt0.o
