------------------------------------------------------------
TimeQuest Timing Analyzer Summary
------------------------------------------------------------

Type  : Slow Model Setup 'reloj_50M'
Slack : -4.005
TNS   : -74.895

Type  : Slow Model Setup 'divisor:u1|pre_salida'
Slack : -0.536
TNS   : -1.012

Type  : Slow Model Hold 'reloj_50M'
Slack : -2.541
TNS   : -2.541

Type  : Slow Model Hold 'divisor:u1|pre_salida'
Slack : 0.499
TNS   : 0.000

Type  : Slow Model Minimum Pulse Width 'reloj_50M'
Slack : -1.941
TNS   : -42.009

Type  : Slow Model Minimum Pulse Width 'divisor:u1|pre_salida'
Slack : -0.742
TNS   : -5.936

Type  : Fast Model Setup 'reloj_50M'
Slack : -0.827
TNS   : -10.050

Type  : Fast Model Setup 'divisor:u1|pre_salida'
Slack : 0.481
TNS   : 0.000

Type  : Fast Model Hold 'reloj_50M'
Slack : -1.352
TNS   : -1.352

Type  : Fast Model Hold 'divisor:u1|pre_salida'
Slack : 0.215
TNS   : 0.000

Type  : Fast Model Minimum Pulse Width 'reloj_50M'
Slack : -1.380
TNS   : -28.380

Type  : Fast Model Minimum Pulse Width 'divisor:u1|pre_salida'
Slack : -0.500
TNS   : -4.000

------------------------------------------------------------
