Archive member included because of file (symbol)

../titileitor_bsp/\libhal_bsp.a(alt_load.o)
                              ../titileitor_bsp//obj/HAL/src/crt0.o (alt_load)
../titileitor_bsp/\libhal_bsp.a(alt_main.o)
                              ../titileitor_bsp//obj/HAL/src/crt0.o (alt_main)
../titileitor_bsp/\libhal_bsp.a(alt_putstr.o)
                              obj/default/hello_world_small.o (alt_putstr)
../titileitor_bsp/\libhal_bsp.a(alt_usleep.o)
                              obj/default/hello_world_small.o (usleep)
../titileitor_bsp/\libhal_bsp.a(alt_sys_init.o)
                              ../titileitor_bsp/\libhal_bsp.a(alt_main.o) (alt_sys_init)
../titileitor_bsp/\libhal_bsp.a(altera_avalon_jtag_uart_write.o)
                              ../titileitor_bsp/\libhal_bsp.a(alt_putstr.o) (altera_avalon_jtag_uart_write)
../titileitor_bsp/\libhal_bsp.a(alt_busy_sleep.o)
                              ../titileitor_bsp/\libhal_bsp.a(alt_usleep.o) (alt_busy_sleep)
../titileitor_bsp/\libhal_bsp.a(alt_dcache_flush_all.o)
                              ../titileitor_bsp/\libhal_bsp.a(alt_load.o) (alt_dcache_flush_all)
../titileitor_bsp/\libhal_bsp.a(alt_icache_flush_all.o)
                              ../titileitor_bsp/\libhal_bsp.a(alt_load.o) (alt_icache_flush_all)
../titileitor_bsp/\libhal_bsp.a(altera_nios2_qsys_irq.o)
                              ../titileitor_bsp/\libhal_bsp.a(alt_sys_init.o) (altera_nios2_qsys_irq_init)
c:/altera/13.0sp1/nios2eds/bin/gnu/h-i686-mingw32/bin/../lib/gcc/nios2-elf/4.1.2/../../../../nios2-elf/lib/mno-hw-mul\libsmallc.a(lib_a-strlen.o)
                              ../titileitor_bsp/\libhal_bsp.a(alt_putstr.o) (strlen)
c:/altera/13.0sp1/nios2eds/bin/gnu/h-i686-mingw32/bin/../lib/gcc/nios2-elf/4.1.2/mno-hw-mul\libgcc.a(lib2-divmod.o)
                              ../titileitor_bsp/\libhal_bsp.a(alt_busy_sleep.o) (__udivsi3)
c:/altera/13.0sp1/nios2eds/bin/gnu/h-i686-mingw32/bin/../lib/gcc/nios2-elf/4.1.2/mno-hw-mul\libgcc.a(lib2-mul.o)
                              ../titileitor_bsp/\libhal_bsp.a(alt_busy_sleep.o) (__mulsi3)

Memory Configuration

Name             Origin             Length             Attributes
reset            0x00001000         0x00000020
onchip_memory2_0 0x00001020         0x00000fe0
*default*        0x00000000         0xffffffff

Linker script and memory map

LOAD ../titileitor_bsp//obj/HAL/src/crt0.o
                0x0000100c                exit = _exit
LOAD obj/default/hello_world_small.o
LOAD c:/altera/13.0sp1/nios2eds/bin/gnu/h-i686-mingw32/bin/../lib/gcc/nios2-elf/4.1.2/../../../../nios2-elf/lib/mno-hw-mul\libstdc++.a
LOAD c:/altera/13.0sp1/nios2eds/bin/gnu/h-i686-mingw32/bin/../lib/gcc/nios2-elf/4.1.2/../../../../nios2-elf/lib/mno-hw-mul\libm.a
LOAD c:/altera/13.0sp1/nios2eds/bin/gnu/h-i686-mingw32/bin/../lib/gcc/nios2-elf/4.1.2/mno-hw-mul\libgcc.a
START GROUP
LOAD c:/altera/13.0sp1/nios2eds/bin/gnu/h-i686-mingw32/bin/../lib/gcc/nios2-elf/4.1.2/../../../../nios2-elf/lib/mno-hw-mul\libsmallc.a
LOAD c:/altera/13.0sp1/nios2eds/bin/gnu/h-i686-mingw32/bin/../lib/gcc/nios2-elf/4.1.2/mno-hw-mul\libgcc.a
LOAD ../titileitor_bsp/\libhal_bsp.a
END GROUP
LOAD c:/altera/13.0sp1/nios2eds/bin/gnu/h-i686-mingw32/bin/../lib/gcc/nios2-elf/4.1.2/mno-hw-mul\libgcc.a
                0x00001000                __alt_mem_onchip_memory2_0 = 0x1000

.entry          0x00001000       0x20
 *(.entry)
 .entry         0x00001000       0x20 ../titileitor_bsp//obj/HAL/src/crt0.o
                0x00001000                __reset
                0x0000100c                _exit

.exceptions     0x00001020        0x0
                0x00001020                PROVIDE (__ram_exceptions_start, ABSOLUTE (.))
                0x00001020                . = ALIGN (0x20)
 *(.irq)
 *(.exceptions.entry.label)
 *(.exceptions.entry.user)
 *(.exceptions.entry)
 *(.exceptions.irqtest.user)
 *(.exceptions.irqtest)
 *(.exceptions.irqhandler.user)
 *(.exceptions.irqhandler)
 *(.exceptions.irqreturn.user)
 *(.exceptions.irqreturn)
 *(.exceptions.notirq.label)
 *(.exceptions.notirq.user)
 *(.exceptions.notirq)
 *(.exceptions.soft.user)
 *(.exceptions.soft)
 *(.exceptions.unknown.user)
 *(.exceptions.unknown)
 *(.exceptions.exit.label)
 *(.exceptions.exit.user)
 *(.exceptions.exit)
 *(.exceptions)
                0x00001020                PROVIDE (__ram_exceptions_end, ABSOLUTE (.))
                0x00001020                PROVIDE (__flash_exceptions_start, LOADADDR (.exceptions))

.text           0x00001020      0x464
                0x00001020                PROVIDE (stext, ABSOLUTE (.))
 *(.interp)
 *(.hash)
 *(.dynsym)
 *(.dynstr)
 *(.gnu.version)
 *(.gnu.version_d)
 *(.gnu.version_r)
 *(.rel.init)
 *(.rela.init)
 *(.rel.text .rel.text.* .rel.gnu.linkonce.t.*)
 *(.rela.text .rela.text.* .rela.gnu.linkonce.t.*)
 *(.rel.fini)
 *(.rela.fini)
 *(.rel.rodata .rel.rodata.* .rel.gnu.linkonce.r.*)
 *(.rela.rodata .rela.rodata.* .rela.gnu.linkonce.r.*)
 *(.rel.data .rel.data.* .rel.gnu.linkonce.d.*)
 *(.rela.data .rela.data.* .rela.gnu.linkonce.d.*)
 *(.rel.tdata .rel.tdata.* .rel.gnu.linkonce.td.*)
 *(.rela.tdata .rela.tdata.* .rela.gnu.linkonce.td.*)
 *(.rel.tbss .rel.tbss.* .rel.gnu.linkonce.tb.*)
 *(.rela.tbss .rela.tbss.* .rela.gnu.linkonce.tb.*)
 *(.rel.ctors)
 *(.rela.ctors)
 *(.rel.dtors)
 *(.rela.dtors)
 *(.rel.got)
 *(.rela.got)
 *(.rel.sdata .rel.sdata.* .rel.gnu.linkonce.s.*)
 *(.rela.sdata .rela.sdata.* .rela.gnu.linkonce.s.*)
 *(.rel.sbss .rel.sbss.* .rel.gnu.linkonce.sb.*)
 *(.rela.sbss .rela.sbss.* .rela.gnu.linkonce.sb.*)
 *(.rel.sdata2 .rel.sdata2.* .rel.gnu.linkonce.s2.*)
 *(.rela.sdata2 .rela.sdata2.* .rela.gnu.linkonce.s2.*)
 *(.rel.sbss2 .rel.sbss2.* .rel.gnu.linkonce.sb2.*)
 *(.rela.sbss2 .rela.sbss2.* .rela.gnu.linkonce.sb2.*)
 *(.rel.bss .rel.bss.* .rel.gnu.linkonce.b.*)
 *(.rela.bss .rela.bss.* .rela.gnu.linkonce.b.*)
 *(.rel.plt)
 *(.rela.plt)
 *(.rel.dyn)
 *(.init)
 *(.plt)
 *(.text .stub .text.* .gnu.linkonce.t.*)
 .text          0x00001020       0x3c ../titileitor_bsp//obj/HAL/src/crt0.o
                0x00001020                _start
 .text          0x0000105c       0x9c obj/default/hello_world_small.o
                0x0000105c                main
 .text          0x000010f8       0x8c ../titileitor_bsp/\libhal_bsp.a(alt_load.o)
                0x00001118                alt_load
 .text          0x00001184       0x2c ../titileitor_bsp/\libhal_bsp.a(alt_main.o)
                0x00001184                alt_main
 .text          0x000011b0       0x38 ../titileitor_bsp/\libhal_bsp.a(alt_putstr.o)
                0x000011b0                alt_putstr
 .text          0x000011e8        0x4 ../titileitor_bsp/\libhal_bsp.a(alt_usleep.o)
                0x000011e8                usleep
 .text          0x000011ec       0x24 ../titileitor_bsp/\libhal_bsp.a(alt_sys_init.o)
                0x000011ec                alt_sys_init
                0x000011f0                alt_irq_init
 .text          0x00001210       0x34 ../titileitor_bsp/\libhal_bsp.a(altera_avalon_jtag_uart_write.o)
                0x00001210                altera_avalon_jtag_uart_write
 .text          0x00001244       0x8c ../titileitor_bsp/\libhal_bsp.a(alt_busy_sleep.o)
                0x00001244                alt_busy_sleep
 .text          0x000012d0        0x4 ../titileitor_bsp/\libhal_bsp.a(alt_dcache_flush_all.o)
                0x000012d0                alt_dcache_flush_all
 .text          0x000012d4        0x4 ../titileitor_bsp/\libhal_bsp.a(alt_icache_flush_all.o)
                0x000012d4                alt_icache_flush_all
 .text          0x000012d8        0x8 ../titileitor_bsp/\libhal_bsp.a(altera_nios2_qsys_irq.o)
                0x000012d8                altera_nios2_qsys_irq_init
 .text          0x000012e0       0x20 c:/altera/13.0sp1/nios2eds/bin/gnu/h-i686-mingw32/bin/../lib/gcc/nios2-elf/4.1.2/../../../../nios2-elf/lib/mno-hw-mul\libsmallc.a(lib_a-strlen.o)
                0x000012e0                strlen
 .text          0x00001300      0x14c c:/altera/13.0sp1/nios2eds/bin/gnu/h-i686-mingw32/bin/../lib/gcc/nios2-elf/4.1.2/mno-hw-mul\libgcc.a(lib2-divmod.o)
                0x0000137c                __divsi3
                0x000013dc                __modsi3
                0x0000143c                __udivsi3
                0x00001444                __umodsi3
 .text          0x0000144c       0x38 c:/altera/13.0sp1/nios2eds/bin/gnu/h-i686-mingw32/bin/../lib/gcc/nios2-elf/4.1.2/mno-hw-mul\libgcc.a(lib2-mul.o)
                0x0000144c                __mulsi3
 *(.gnu.warning.*)
 *(.fini)
                0x00001484                PROVIDE (__etext, ABSOLUTE (.))
                0x00001484                PROVIDE (_etext, ABSOLUTE (.))
                0x00001484                PROVIDE (etext, ABSOLUTE (.))
 *(.eh_frame_hdr)
                0x00001484                . = ALIGN (0x4)
                0x00001484                PROVIDE (__preinit_array_start, ABSOLUTE (.))
 *(.preinit_array)
                0x00001484                PROVIDE (__preinit_array_end, ABSOLUTE (.))
                0x00001484                PROVIDE (__init_array_start, ABSOLUTE (.))
 *(.init_array)
                0x00001484                PROVIDE (__init_array_end, ABSOLUTE (.))
                0x00001484                PROVIDE (__fini_array_start, ABSOLUTE (.))
 *(.fini_array)
                0x00001484                PROVIDE (__fini_array_end, ABSOLUTE (.))
 *(.eh_frame)
 *(.gcc_except_table)
 *(.dynamic)
                0x00001484                PROVIDE (__CTOR_LIST__, ABSOLUTE (.))
 *(.ctors)
 *(SORT(.ctors.*))
                0x00001484                PROVIDE (__CTOR_END__, ABSOLUTE (.))
                0x00001484                PROVIDE (__DTOR_LIST__, ABSOLUTE (.))
 *(.dtors)
 *(SORT(.dtors.*))
                0x00001484                PROVIDE (__DTOR_END__, ABSOLUTE (.))
 *(.jcr)
                0x00001484                . = ALIGN (0x4)

.rodata         0x00001484       0x60
                0x00001484                PROVIDE (__ram_rodata_start, ABSOLUTE (.))
                0x00001484                . = ALIGN (0x4)
 *(.rodata .rodata.* .gnu.linkonce.r.*)
 .rodata.str1.4
                0x00001484       0x60 obj/default/hello_world_small.o
 *(.rodata1)
                0x000014e4                . = ALIGN (0x4)
                0x000014e4                PROVIDE (__ram_rodata_end, ABSOLUTE (.))
                0x00001484                PROVIDE (__flash_rodata_start, LOADADDR (.rodata))

.rwdata         0x000014e4        0x0
                0x000014e4                PROVIDE (__ram_rwdata_start, ABSOLUTE (.))
                0x000014e4                . = ALIGN (0x4)
 *(.got.plt)
 *(.got)
 *(.data1)
 *(.data .data.* .gnu.linkonce.d.*)
 .data          0x000014e4        0x0 ../titileitor_bsp//obj/HAL/src/crt0.o
 .data          0x000014e4        0x0 obj/default/hello_world_small.o
 .data          0x000014e4        0x0 ../titileitor_bsp/\libhal_bsp.a(alt_load.o)
 .data          0x000014e4        0x0 ../titileitor_bsp/\libhal_bsp.a(alt_main.o)
 .data          0x000014e4        0x0 ../titileitor_bsp/\libhal_bsp.a(alt_putstr.o)
 .data          0x000014e4        0x0 ../titileitor_bsp/\libhal_bsp.a(alt_usleep.o)
 .data          0x000014e4        0x0 ../titileitor_bsp/\libhal_bsp.a(alt_sys_init.o)
 .data          0x000014e4        0x0 ../titileitor_bsp/\libhal_bsp.a(altera_avalon_jtag_uart_write.o)
 .data          0x000014e4        0x0 ../titileitor_bsp/\libhal_bsp.a(alt_busy_sleep.o)
 .data          0x000014e4        0x0 ../titileitor_bsp/\libhal_bsp.a(alt_dcache_flush_all.o)
 .data          0x000014e4        0x0 ../titileitor_bsp/\libhal_bsp.a(alt_icache_flush_all.o)
 .data          0x000014e4        0x0 ../titileitor_bsp/\libhal_bsp.a(altera_nios2_qsys_irq.o)
 .data          0x000014e4        0x0 c:/altera/13.0sp1/nios2eds/bin/gnu/h-i686-mingw32/bin/../lib/gcc/nios2-elf/4.1.2/../../../../nios2-elf/lib/mno-hw-mul\libsmallc.a(lib_a-strlen.o)
 .data          0x000014e4        0x0 c:/altera/13.0sp1/nios2eds/bin/gnu/h-i686-mingw32/bin/../lib/gcc/nios2-elf/4.1.2/mno-hw-mul\libgcc.a(lib2-divmod.o)
 .data          0x000014e4        0x0 c:/altera/13.0sp1/nios2eds/bin/gnu/h-i686-mingw32/bin/../lib/gcc/nios2-elf/4.1.2/mno-hw-mul\libgcc.a(lib2-mul.o)
                0x000094e4                _gp = ABSOLUTE ((. + 0x8000))
                0x000094e4                PROVIDE (gp, _gp)
 *(.rwdata .rwdata.*)
 *(.sdata .sdata.* .gnu.linkonce.s.*)
 *(.sdata2 .sdata2.* .gnu.linkonce.s2.*)
                0x000014e4                . = ALIGN (0x4)
                0x000014e4                _edata = ABSOLUTE (.)
                0x000014e4                PROVIDE (edata, ABSOLUTE (.))
                0x000014e4                PROVIDE (__ram_rwdata_end, ABSOLUTE (.))
                0x000014e4                PROVIDE (__flash_rwdata_start, LOADADDR (.rwdata))

.bss            0x000014e4       0x18
                0x000014e4                __bss_start = ABSOLUTE (.)
                0x000014e4                PROVIDE (__sbss_start, ABSOLUTE (.))
                0x000014e4                PROVIDE (___sbss_start, ABSOLUTE (.))
 *(.dynsbss)
 *(.sbss .sbss.* .gnu.linkonce.sb.*)
 .sbss          0x000014e4        0x8 obj/default/hello_world_small.o
                0x000014e4                tiempo
                0x000014e8                lectura
 .sbss          0x000014ec        0xc ../titileitor_bsp/\libhal_bsp.a(alt_main.o)
                0x000014ec                alt_argc
                0x000014f0                alt_argv
                0x000014f4                alt_envp
 .sbss          0x000014f8        0x4 ../titileitor_bsp/\libhal_bsp.a(alt_sys_init.o)
                0x000014f8                jtag_uart_0
 *(.sbss2 .sbss2.* .gnu.linkonce.sb2.*)
 *(.scommon)
                0x000014fc                PROVIDE (__sbss_end, ABSOLUTE (.))
                0x000014fc                PROVIDE (___sbss_end, ABSOLUTE (.))
 *(.dynbss)
 *(.bss .bss.* .gnu.linkonce.b.*)
 .bss           0x000014fc        0x0 ../titileitor_bsp//obj/HAL/src/crt0.o
 .bss           0x000014fc        0x0 obj/default/hello_world_small.o
 .bss           0x000014fc        0x0 ../titileitor_bsp/\libhal_bsp.a(alt_load.o)
 .bss           0x000014fc        0x0 ../titileitor_bsp/\libhal_bsp.a(alt_main.o)
 .bss           0x000014fc        0x0 ../titileitor_bsp/\libhal_bsp.a(alt_putstr.o)
 .bss           0x000014fc        0x0 ../titileitor_bsp/\libhal_bsp.a(alt_usleep.o)
 .bss           0x000014fc        0x0 ../titileitor_bsp/\libhal_bsp.a(alt_sys_init.o)
 .bss           0x000014fc        0x0 ../titileitor_bsp/\libhal_bsp.a(altera_avalon_jtag_uart_write.o)
 .bss           0x000014fc        0x0 ../titileitor_bsp/\libhal_bsp.a(alt_busy_sleep.o)
 .bss           0x000014fc        0x0 ../titileitor_bsp/\libhal_bsp.a(alt_dcache_flush_all.o)
 .bss           0x000014fc        0x0 ../titileitor_bsp/\libhal_bsp.a(alt_icache_flush_all.o)
 .bss           0x000014fc        0x0 ../titileitor_bsp/\libhal_bsp.a(altera_nios2_qsys_irq.o)
 .bss           0x000014fc        0x0 c:/altera/13.0sp1/nios2eds/bin/gnu/h-i686-mingw32/bin/../lib/gcc/nios2-elf/4.1.2/../../../../nios2-elf/lib/mno-hw-mul\libsmallc.a(lib_a-strlen.o)
 .bss           0x000014fc        0x0 c:/altera/13.0sp1/nios2eds/bin/gnu/h-i686-mingw32/bin/../lib/gcc/nios2-elf/4.1.2/mno-hw-mul\libgcc.a(lib2-divmod.o)
 .bss           0x000014fc        0x0 c:/altera/13.0sp1/nios2eds/bin/gnu/h-i686-mingw32/bin/../lib/gcc/nios2-elf/4.1.2/mno-hw-mul\libgcc.a(lib2-mul.o)
 *(COMMON)
                0x000014fc                . = ALIGN (0x4)
                0x000014fc                __bss_end = ABSOLUTE (.)

.onchip_memory2_0
                0x000014fc        0x0
                0x000014fc                PROVIDE (_alt_partition_onchip_memory2_0_start, ABSOLUTE (.))
 *(.onchip_memory2_0. onchip_memory2_0.*)
                0x000014fc                . = ALIGN (0x4)
                0x000014fc                PROVIDE (_alt_partition_onchip_memory2_0_end, ABSOLUTE (.))
                0x000014fc                _end = ABSOLUTE (.)
                0x000014fc                end = ABSOLUTE (.)
                0x000014fc                __alt_stack_base = ABSOLUTE (.)
                0x000014fc                PROVIDE (_alt_partition_onchip_memory2_0_load_addr, LOADADDR (.onchip_memory2_0))

.stab
 *(.stab)

.stabstr
 *(.stabstr)

.stab.excl
 *(.stab.excl)

.stab.exclstr
 *(.stab.exclstr)

.stab.index
 *(.stab.index)

.stab.indexstr
 *(.stab.indexstr)

.comment        0x00000000       0x26
 *(.comment)
 .comment       0x00000000       0x26 obj/default/hello_world_small.o
                                 0x27 (size before relaxing)
 .comment       0x00000000       0x27 ../titileitor_bsp/\libhal_bsp.a(alt_load.o)
 .comment       0x00000000       0x27 ../titileitor_bsp/\libhal_bsp.a(alt_main.o)
 .comment       0x00000000       0x27 ../titileitor_bsp/\libhal_bsp.a(alt_putstr.o)
 .comment       0x00000000       0x27 ../titileitor_bsp/\libhal_bsp.a(alt_usleep.o)
 .comment       0x00000000       0x27 ../titileitor_bsp/\libhal_bsp.a(alt_sys_init.o)
 .comment       0x00000000       0x27 ../titileitor_bsp/\libhal_bsp.a(altera_avalon_jtag_uart_write.o)
 .comment       0x00000000       0x27 ../titileitor_bsp/\libhal_bsp.a(alt_busy_sleep.o)
 .comment       0x00000000       0x27 ../titileitor_bsp/\libhal_bsp.a(alt_dcache_flush_all.o)
 .comment       0x00000000       0x27 ../titileitor_bsp/\libhal_bsp.a(alt_icache_flush_all.o)
 .comment       0x00000000       0x27 ../titileitor_bsp/\libhal_bsp.a(altera_nios2_qsys_irq.o)
 .comment       0x00000000       0x27 c:/altera/13.0sp1/nios2eds/bin/gnu/h-i686-mingw32/bin/../lib/gcc/nios2-elf/4.1.2/../../../../nios2-elf/lib/mno-hw-mul\libsmallc.a(lib_a-strlen.o)
 .comment       0x00000000       0x27 c:/altera/13.0sp1/nios2eds/bin/gnu/h-i686-mingw32/bin/../lib/gcc/nios2-elf/4.1.2/mno-hw-mul\libgcc.a(lib2-divmod.o)
 .comment       0x00000000       0x27 c:/altera/13.0sp1/nios2eds/bin/gnu/h-i686-mingw32/bin/../lib/gcc/nios2-elf/4.1.2/mno-hw-mul\libgcc.a(lib2-mul.o)

.debug
 *(.debug)

.line
 *(.line)

.debug_srcinfo
 *(.debug_srcinfo)

.debug_sfnames
 *(.debug_sfnames)

.debug_aranges  0x00000000      0x1e8
 *(.debug_aranges)
 .debug_aranges
                0x00000000       0x28 ../titileitor_bsp//obj/HAL/src/crt0.o
 .debug_aranges
                0x00000028       0x20 obj/default/hello_world_small.o
 .debug_aranges
                0x00000048       0x20 ../titileitor_bsp/\libhal_bsp.a(alt_load.o)
 .debug_aranges
                0x00000068       0x20 ../titileitor_bsp/\libhal_bsp.a(alt_main.o)
 .debug_aranges
                0x00000088       0x20 ../titileitor_bsp/\libhal_bsp.a(alt_putstr.o)
 .debug_aranges
                0x000000a8       0x20 ../titileitor_bsp/\libhal_bsp.a(alt_usleep.o)
 .debug_aranges
                0x000000c8       0x20 ../titileitor_bsp/\libhal_bsp.a(alt_sys_init.o)
 .debug_aranges
                0x000000e8       0x20 ../titileitor_bsp/\libhal_bsp.a(altera_avalon_jtag_uart_write.o)
 .debug_aranges
                0x00000108       0x20 ../titileitor_bsp/\libhal_bsp.a(alt_busy_sleep.o)
 .debug_aranges
                0x00000128       0x20 ../titileitor_bsp/\libhal_bsp.a(alt_dcache_flush_all.o)
 .debug_aranges
                0x00000148       0x20 ../titileitor_bsp/\libhal_bsp.a(alt_icache_flush_all.o)
 .debug_aranges
                0x00000168       0x20 ../titileitor_bsp/\libhal_bsp.a(altera_nios2_qsys_irq.o)
 .debug_aranges
                0x00000188       0x20 c:/altera/13.0sp1/nios2eds/bin/gnu/h-i686-mingw32/bin/../lib/gcc/nios2-elf/4.1.2/../../../../nios2-elf/lib/mno-hw-mul\libsmallc.a(lib_a-strlen.o)
 .debug_aranges
                0x000001a8       0x20 c:/altera/13.0sp1/nios2eds/bin/gnu/h-i686-mingw32/bin/../lib/gcc/nios2-elf/4.1.2/mno-hw-mul\libgcc.a(lib2-divmod.o)
 .debug_aranges
                0x000001c8       0x20 c:/altera/13.0sp1/nios2eds/bin/gnu/h-i686-mingw32/bin/../lib/gcc/nios2-elf/4.1.2/mno-hw-mul\libgcc.a(lib2-mul.o)

.debug_pubnames
                0x00000000      0x27d
 *(.debug_pubnames)
 .debug_pubnames
                0x00000000       0x32 obj/default/hello_world_small.o
 .debug_pubnames
                0x00000032       0x1f ../titileitor_bsp/\libhal_bsp.a(alt_load.o)
 .debug_pubnames
                0x00000051       0x46 ../titileitor_bsp/\libhal_bsp.a(alt_main.o)
 .debug_pubnames
                0x00000097       0x21 ../titileitor_bsp/\libhal_bsp.a(alt_putstr.o)
 .debug_pubnames
                0x000000b8       0x1d ../titileitor_bsp/\libhal_bsp.a(alt_usleep.o)
 .debug_pubnames
                0x000000d5       0x44 ../titileitor_bsp/\libhal_bsp.a(alt_sys_init.o)
 .debug_pubnames
                0x00000119       0x34 ../titileitor_bsp/\libhal_bsp.a(altera_avalon_jtag_uart_write.o)
 .debug_pubnames
                0x0000014d       0x25 ../titileitor_bsp/\libhal_bsp.a(alt_busy_sleep.o)
 .debug_pubnames
                0x00000172       0x2b ../titileitor_bsp/\libhal_bsp.a(alt_dcache_flush_all.o)
 .debug_pubnames
                0x0000019d       0x2b ../titileitor_bsp/\libhal_bsp.a(alt_icache_flush_all.o)
 .debug_pubnames
                0x000001c8       0x31 ../titileitor_bsp/\libhal_bsp.a(altera_nios2_qsys_irq.o)
 .debug_pubnames
                0x000001f9       0x1d c:/altera/13.0sp1/nios2eds/bin/gnu/h-i686-mingw32/bin/../lib/gcc/nios2-elf/4.1.2/../../../../nios2-elf/lib/mno-hw-mul\libsmallc.a(lib_a-strlen.o)
 .debug_pubnames
                0x00000216       0x48 c:/altera/13.0sp1/nios2eds/bin/gnu/h-i686-mingw32/bin/../lib/gcc/nios2-elf/4.1.2/mno-hw-mul\libgcc.a(lib2-divmod.o)
 .debug_pubnames
                0x0000025e       0x1f c:/altera/13.0sp1/nios2eds/bin/gnu/h-i686-mingw32/bin/../lib/gcc/nios2-elf/4.1.2/mno-hw-mul\libgcc.a(lib2-mul.o)

.debug_info     0x00000000      0xe28
 *(.debug_info .gnu.linkonce.wi.*)
 .debug_info    0x00000000       0x66 ../titileitor_bsp//obj/HAL/src/crt0.o
 .debug_info    0x00000066       0xab obj/default/hello_world_small.o
 .debug_info    0x00000111      0x12e ../titileitor_bsp/\libhal_bsp.a(alt_load.o)
 .debug_info    0x0000023f      0x125 ../titileitor_bsp/\libhal_bsp.a(alt_main.o)
 .debug_info    0x00000364       0xc5 ../titileitor_bsp/\libhal_bsp.a(alt_putstr.o)
 .debug_info    0x00000429       0xab ../titileitor_bsp/\libhal_bsp.a(alt_usleep.o)
 .debug_info    0x000004d4      0x17d ../titileitor_bsp/\libhal_bsp.a(alt_sys_init.o)
 .debug_info    0x00000651      0x18f ../titileitor_bsp/\libhal_bsp.a(altera_avalon_jtag_uart_write.o)
 .debug_info    0x000007e0       0xd0 ../titileitor_bsp/\libhal_bsp.a(alt_busy_sleep.o)
 .debug_info    0x000008b0       0x8d ../titileitor_bsp/\libhal_bsp.a(alt_dcache_flush_all.o)
 .debug_info    0x0000093d       0x8d ../titileitor_bsp/\libhal_bsp.a(alt_icache_flush_all.o)
 .debug_info    0x000009ca       0x8d ../titileitor_bsp/\libhal_bsp.a(altera_nios2_qsys_irq.o)
 .debug_info    0x00000a57       0xc2 c:/altera/13.0sp1/nios2eds/bin/gnu/h-i686-mingw32/bin/../lib/gcc/nios2-elf/4.1.2/../../../../nios2-elf/lib/mno-hw-mul\libsmallc.a(lib_a-strlen.o)
 .debug_info    0x00000b19      0x21c c:/altera/13.0sp1/nios2eds/bin/gnu/h-i686-mingw32/bin/../lib/gcc/nios2-elf/4.1.2/mno-hw-mul\libgcc.a(lib2-divmod.o)
 .debug_info    0x00000d35       0xf3 c:/altera/13.0sp1/nios2eds/bin/gnu/h-i686-mingw32/bin/../lib/gcc/nios2-elf/4.1.2/mno-hw-mul\libgcc.a(lib2-mul.o)

.debug_abbrev   0x00000000      0x75d
 *(.debug_abbrev)
 .debug_abbrev  0x00000000       0x12 ../titileitor_bsp//obj/HAL/src/crt0.o
 .debug_abbrev  0x00000012       0x57 obj/default/hello_world_small.o
 .debug_abbrev  0x00000069       0x97 ../titileitor_bsp/\libhal_bsp.a(alt_load.o)
 .debug_abbrev  0x00000100       0xa6 ../titileitor_bsp/\libhal_bsp.a(alt_main.o)
 .debug_abbrev  0x000001a6       0x7c ../titileitor_bsp/\libhal_bsp.a(alt_putstr.o)
 .debug_abbrev  0x00000222       0x5d ../titileitor_bsp/\libhal_bsp.a(alt_usleep.o)
 .debug_abbrev  0x0000027f       0xe3 ../titileitor_bsp/\libhal_bsp.a(alt_sys_init.o)
 .debug_abbrev  0x00000362       0xf0 ../titileitor_bsp/\libhal_bsp.a(altera_avalon_jtag_uart_write.o)
 .debug_abbrev  0x00000452       0x79 ../titileitor_bsp/\libhal_bsp.a(alt_busy_sleep.o)
 .debug_abbrev  0x000004cb       0x3f ../titileitor_bsp/\libhal_bsp.a(alt_dcache_flush_all.o)
 .debug_abbrev  0x0000050a       0x3f ../titileitor_bsp/\libhal_bsp.a(alt_icache_flush_all.o)
 .debug_abbrev  0x00000549       0x3f ../titileitor_bsp/\libhal_bsp.a(altera_nios2_qsys_irq.o)
 .debug_abbrev  0x00000588       0x7a c:/altera/13.0sp1/nios2eds/bin/gnu/h-i686-mingw32/bin/../lib/gcc/nios2-elf/4.1.2/../../../../nios2-elf/lib/mno-hw-mul\libsmallc.a(lib_a-strlen.o)
 .debug_abbrev  0x00000602       0xe0 c:/altera/13.0sp1/nios2eds/bin/gnu/h-i686-mingw32/bin/../lib/gcc/nios2-elf/4.1.2/mno-hw-mul\libgcc.a(lib2-divmod.o)
 .debug_abbrev  0x000006e2       0x7b c:/altera/13.0sp1/nios2eds/bin/gnu/h-i686-mingw32/bin/../lib/gcc/nios2-elf/4.1.2/mno-hw-mul\libgcc.a(lib2-mul.o)

.debug_line     0x00000000     0x1da9
 *(.debug_line)
 .debug_line    0x00000000       0x66 ../titileitor_bsp//obj/HAL/src/crt0.o
 .debug_line    0x00000066      0x189 obj/default/hello_world_small.o
 .debug_line    0x000001ef      0x217 ../titileitor_bsp/\libhal_bsp.a(alt_load.o)
 .debug_line    0x00000406      0x2c2 ../titileitor_bsp/\libhal_bsp.a(alt_main.o)
 .debug_line    0x000006c8      0x1d9 ../titileitor_bsp/\libhal_bsp.a(alt_putstr.o)
 .debug_line    0x000008a1      0x202 ../titileitor_bsp/\libhal_bsp.a(alt_usleep.o)
 .debug_line    0x00000aa3      0x2c3 ../titileitor_bsp/\libhal_bsp.a(alt_sys_init.o)
 .debug_line    0x00000d66      0x2f4 ../titileitor_bsp/\libhal_bsp.a(altera_avalon_jtag_uart_write.o)
 .debug_line    0x0000105a      0x25e ../titileitor_bsp/\libhal_bsp.a(alt_busy_sleep.o)
 .debug_line    0x000012b8      0x1b5 ../titileitor_bsp/\libhal_bsp.a(alt_dcache_flush_all.o)
 .debug_line    0x0000146d      0x1b5 ../titileitor_bsp/\libhal_bsp.a(alt_icache_flush_all.o)
 .debug_line    0x00001622      0x1ce ../titileitor_bsp/\libhal_bsp.a(altera_nios2_qsys_irq.o)
 .debug_line    0x000017f0      0x250 c:/altera/13.0sp1/nios2eds/bin/gnu/h-i686-mingw32/bin/../lib/gcc/nios2-elf/4.1.2/../../../../nios2-elf/lib/mno-hw-mul\libsmallc.a(lib_a-strlen.o)
 .debug_line    0x00001a40      0x24f c:/altera/13.0sp1/nios2eds/bin/gnu/h-i686-mingw32/bin/../lib/gcc/nios2-elf/4.1.2/mno-hw-mul\libgcc.a(lib2-divmod.o)
 .debug_line    0x00001c8f      0x11a c:/altera/13.0sp1/nios2eds/bin/gnu/h-i686-mingw32/bin/../lib/gcc/nios2-elf/4.1.2/mno-hw-mul\libgcc.a(lib2-mul.o)

.debug_frame    0x00000000      0x260
 *(.debug_frame)
 .debug_frame   0x00000000       0x28 obj/default/hello_world_small.o
 .debug_frame   0x00000028       0x38 ../titileitor_bsp/\libhal_bsp.a(alt_load.o)
 .debug_frame   0x00000060       0x28 ../titileitor_bsp/\libhal_bsp.a(alt_main.o)
 .debug_frame   0x00000088       0x28 ../titileitor_bsp/\libhal_bsp.a(alt_putstr.o)
 .debug_frame   0x000000b0       0x20 ../titileitor_bsp/\libhal_bsp.a(alt_usleep.o)
 .debug_frame   0x000000d0       0x38 ../titileitor_bsp/\libhal_bsp.a(alt_sys_init.o)
 .debug_frame   0x00000108       0x20 ../titileitor_bsp/\libhal_bsp.a(altera_avalon_jtag_uart_write.o)
 .debug_frame   0x00000128       0x28 ../titileitor_bsp/\libhal_bsp.a(alt_busy_sleep.o)
 .debug_frame   0x00000150       0x20 ../titileitor_bsp/\libhal_bsp.a(alt_dcache_flush_all.o)
 .debug_frame   0x00000170       0x20 ../titileitor_bsp/\libhal_bsp.a(alt_icache_flush_all.o)
 .debug_frame   0x00000190       0x20 ../titileitor_bsp/\libhal_bsp.a(altera_nios2_qsys_irq.o)
 .debug_frame   0x000001b0       0x20 c:/altera/13.0sp1/nios2eds/bin/gnu/h-i686-mingw32/bin/../lib/gcc/nios2-elf/4.1.2/../../../../nios2-elf/lib/mno-hw-mul\libsmallc.a(lib_a-strlen.o)
 .debug_frame   0x000001d0       0x70 c:/altera/13.0sp1/nios2eds/bin/gnu/h-i686-mingw32/bin/../lib/gcc/nios2-elf/4.1.2/mno-hw-mul\libgcc.a(lib2-divmod.o)
 .debug_frame   0x00000240       0x20 c:/altera/13.0sp1/nios2eds/bin/gnu/h-i686-mingw32/bin/../lib/gcc/nios2-elf/4.1.2/mno-hw-mul\libgcc.a(lib2-mul.o)

.debug_str      0x00000000      0x6a9
 *(.debug_str)
 .debug_str     0x00000000       0xb0 obj/default/hello_world_small.o
                                 0xdc (size before relaxing)
 .debug_str     0x000000b0      0x126 ../titileitor_bsp/\libhal_bsp.a(alt_load.o)
                                0x1bb (size before relaxing)
 .debug_str     0x000001d6       0x75 ../titileitor_bsp/\libhal_bsp.a(alt_main.o)
                                0x13f (size before relaxing)
 .debug_str     0x0000024b       0x4c ../titileitor_bsp/\libhal_bsp.a(alt_putstr.o)
                                0x116 (size before relaxing)
 .debug_str     0x00000297       0x27 ../titileitor_bsp/\libhal_bsp.a(alt_usleep.o)
                                 0xf1 (size before relaxing)
 .debug_str     0x000002be       0x85 ../titileitor_bsp/\libhal_bsp.a(alt_sys_init.o)
                                0x1b4 (size before relaxing)
 .debug_str     0x00000343       0x56 ../titileitor_bsp/\libhal_bsp.a(altera_avalon_jtag_uart_write.o)
                                0x1b7 (size before relaxing)
 .debug_str     0x00000399       0x42 ../titileitor_bsp/\libhal_bsp.a(alt_busy_sleep.o)
                                0x114 (size before relaxing)
 .debug_str     0x000003db       0x34 ../titileitor_bsp/\libhal_bsp.a(alt_dcache_flush_all.o)
                                 0xfe (size before relaxing)
 .debug_str     0x0000040f       0x34 ../titileitor_bsp/\libhal_bsp.a(alt_icache_flush_all.o)
                                 0xfe (size before relaxing)
 .debug_str     0x00000443       0x3b ../titileitor_bsp/\libhal_bsp.a(altera_nios2_qsys_irq.o)
                                0x105 (size before relaxing)
 .debug_str     0x0000047e       0xe9 c:/altera/13.0sp1/nios2eds/bin/gnu/h-i686-mingw32/bin/../lib/gcc/nios2-elf/4.1.2/../../../../nios2-elf/lib/mno-hw-mul\libsmallc.a(lib_a-strlen.o)
                                0x184 (size before relaxing)
 .debug_str     0x00000567      0x10b c:/altera/13.0sp1/nios2eds/bin/gnu/h-i686-mingw32/bin/../lib/gcc/nios2-elf/4.1.2/mno-hw-mul\libgcc.a(lib2-divmod.o)
                                0x1b4 (size before relaxing)
 .debug_str     0x00000672       0x37 c:/altera/13.0sp1/nios2eds/bin/gnu/h-i686-mingw32/bin/../lib/gcc/nios2-elf/4.1.2/mno-hw-mul\libgcc.a(lib2-mul.o)
                                0x175 (size before relaxing)

.debug_loc      0x00000000      0x39f
 *(.debug_loc)
 .debug_loc     0x00000000       0x1f obj/default/hello_world_small.o
 .debug_loc     0x0000001f       0x1f ../titileitor_bsp/\libhal_bsp.a(alt_load.o)
 .debug_loc     0x0000003e       0x1f ../titileitor_bsp/\libhal_bsp.a(alt_main.o)
 .debug_loc     0x0000005d       0x48 ../titileitor_bsp/\libhal_bsp.a(alt_putstr.o)
 .debug_loc     0x000000a5       0x13 ../titileitor_bsp/\libhal_bsp.a(alt_usleep.o)
 .debug_loc     0x000000b8       0x32 ../titileitor_bsp/\libhal_bsp.a(alt_sys_init.o)
 .debug_loc     0x000000ea       0x26 ../titileitor_bsp/\libhal_bsp.a(altera_avalon_jtag_uart_write.o)
 .debug_loc     0x00000110       0x50 ../titileitor_bsp/\libhal_bsp.a(alt_busy_sleep.o)
 .debug_loc     0x00000160       0x1e c:/altera/13.0sp1/nios2eds/bin/gnu/h-i686-mingw32/bin/../lib/gcc/nios2-elf/4.1.2/../../../../nios2-elf/lib/mno-hw-mul\libsmallc.a(lib_a-strlen.o)
 .debug_loc     0x0000017e      0x1d2 c:/altera/13.0sp1/nios2eds/bin/gnu/h-i686-mingw32/bin/../lib/gcc/nios2-elf/4.1.2/mno-hw-mul\libgcc.a(lib2-divmod.o)
 .debug_loc     0x00000350       0x4f c:/altera/13.0sp1/nios2eds/bin/gnu/h-i686-mingw32/bin/../lib/gcc/nios2-elf/4.1.2/mno-hw-mul\libgcc.a(lib2-mul.o)

.debug_macinfo
 *(.debug_macinfo)

.debug_weaknames
 *(.debug_weaknames)

.debug_funcnames
 *(.debug_funcnames)

.debug_typenames
 *(.debug_typenames)

.debug_varnames
 *(.debug_varnames)

.debug_alt_sim_info
                0x00000000       0x40
 *(.debug_alt_sim_info)
 .debug_alt_sim_info
                0x00000000       0x10 ../titileitor_bsp//obj/HAL/src/crt0.o
 .debug_alt_sim_info
                0x00000010       0x30 ../titileitor_bsp/\libhal_bsp.a(alt_busy_sleep.o)
                0x00002000                __alt_data_end = 0x2000
                0x00002000                PROVIDE (__alt_stack_pointer, __alt_data_end)
                0x000014fc                PROVIDE (__alt_stack_limit, __alt_stack_base)
                0x000014fc                PROVIDE (__alt_heap_start, end)
                0x00002000                PROVIDE (__alt_heap_limit, 0x2000)
OUTPUT(titileitor.elf elf32-littlenios2)

.debug_ranges   0x00000000       0x20
 .debug_ranges  0x00000000       0x20 ../titileitor_bsp//obj/HAL/src/crt0.o
