Archive member included because of file (symbol)

c:/altera/13.0sp1/nios2eds/bin/gnu/h-i686-mingw32/bin/../lib/gcc/nios2-elf/4.1.2/mno-hw-mul\libgcc.a(lib2-divmod.o)
                              obj/default/hello_world_small.o (__udivsi3)
c:/altera/13.0sp1/nios2eds/bin/gnu/h-i686-mingw32/bin/../lib/gcc/nios2-elf/4.1.2/../../../../nios2-elf/lib/mno-hw-mul\libsmallc.a(lib_a-memcpy.o)
                              obj/default/hello_world_small.o (memcpy)
../lcd2_bsp/\libhal_bsp.a(alt_load.o)
                              ../lcd2_bsp//obj/HAL/src/crt0.o (alt_load)
../lcd2_bsp/\libhal_bsp.a(alt_main.o)
                              ../lcd2_bsp//obj/HAL/src/crt0.o (alt_main)
../lcd2_bsp/\libhal_bsp.a(alt_putstr.o)
                              obj/default/hello_world_small.o (alt_putstr)
../lcd2_bsp/\libhal_bsp.a(alt_usleep.o)
                              obj/default/hello_world_small.o (usleep)
../lcd2_bsp/\libhal_bsp.a(alt_sys_init.o)
                              ../lcd2_bsp/\libhal_bsp.a(alt_main.o) (alt_sys_init)
../lcd2_bsp/\libhal_bsp.a(altera_avalon_jtag_uart_write.o)
                              ../lcd2_bsp/\libhal_bsp.a(alt_putstr.o) (altera_avalon_jtag_uart_write)
../lcd2_bsp/\libhal_bsp.a(alt_busy_sleep.o)
                              ../lcd2_bsp/\libhal_bsp.a(alt_usleep.o) (alt_busy_sleep)
../lcd2_bsp/\libhal_bsp.a(alt_dcache_flush_all.o)
                              ../lcd2_bsp/\libhal_bsp.a(alt_load.o) (alt_dcache_flush_all)
../lcd2_bsp/\libhal_bsp.a(alt_icache_flush_all.o)
                              ../lcd2_bsp/\libhal_bsp.a(alt_load.o) (alt_icache_flush_all)
../lcd2_bsp/\libhal_bsp.a(altera_nios2_qsys_irq.o)
                              ../lcd2_bsp/\libhal_bsp.a(alt_sys_init.o) (altera_nios2_qsys_irq_init)
c:/altera/13.0sp1/nios2eds/bin/gnu/h-i686-mingw32/bin/../lib/gcc/nios2-elf/4.1.2/../../../../nios2-elf/lib/mno-hw-mul\libsmallc.a(lib_a-strlen.o)
                              ../lcd2_bsp/\libhal_bsp.a(alt_putstr.o) (strlen)
c:/altera/13.0sp1/nios2eds/bin/gnu/h-i686-mingw32/bin/../lib/gcc/nios2-elf/4.1.2/mno-hw-mul\libgcc.a(lib2-mul.o)
                              ../lcd2_bsp/\libhal_bsp.a(alt_busy_sleep.o) (__mulsi3)

Memory Configuration

Name             Origin             Length             Attributes
reset            0x00001000         0x00000020
onchip_memory2_0 0x00001020         0x00000fe0
*default*        0x00000000         0xffffffff

Linker script and memory map

LOAD ../lcd2_bsp//obj/HAL/src/crt0.o
                0x0000100c                exit = _exit
LOAD obj/default/hello_world_small.o
LOAD c:/altera/13.0sp1/nios2eds/bin/gnu/h-i686-mingw32/bin/../lib/gcc/nios2-elf/4.1.2/../../../../nios2-elf/lib/mno-hw-mul\libstdc++.a
LOAD c:/altera/13.0sp1/nios2eds/bin/gnu/h-i686-mingw32/bin/../lib/gcc/nios2-elf/4.1.2/../../../../nios2-elf/lib/mno-hw-mul\libm.a
LOAD c:/altera/13.0sp1/nios2eds/bin/gnu/h-i686-mingw32/bin/../lib/gcc/nios2-elf/4.1.2/mno-hw-mul\libgcc.a
START GROUP
LOAD c:/altera/13.0sp1/nios2eds/bin/gnu/h-i686-mingw32/bin/../lib/gcc/nios2-elf/4.1.2/../../../../nios2-elf/lib/mno-hw-mul\libsmallc.a
LOAD c:/altera/13.0sp1/nios2eds/bin/gnu/h-i686-mingw32/bin/../lib/gcc/nios2-elf/4.1.2/mno-hw-mul\libgcc.a
LOAD ../lcd2_bsp/\libhal_bsp.a
END GROUP
LOAD c:/altera/13.0sp1/nios2eds/bin/gnu/h-i686-mingw32/bin/../lib/gcc/nios2-elf/4.1.2/mno-hw-mul\libgcc.a
                0x00001000                __alt_mem_onchip_memory2_0 = 0x1000

.entry          0x00001000       0x20
 *(.entry)
 .entry         0x00001000       0x20 ../lcd2_bsp//obj/HAL/src/crt0.o
                0x00001000                __reset
                0x0000100c                _exit

.exceptions     0x00001020        0x0
                0x00001020                PROVIDE (__ram_exceptions_start, ABSOLUTE (.))
                0x00001020                . = ALIGN (0x20)
 *(.irq)
 *(.exceptions.entry.label)
 *(.exceptions.entry.user)
 *(.exceptions.entry)
 *(.exceptions.irqtest.user)
 *(.exceptions.irqtest)
 *(.exceptions.irqhandler.user)
 *(.exceptions.irqhandler)
 *(.exceptions.irqreturn.user)
 *(.exceptions.irqreturn)
 *(.exceptions.notirq.label)
 *(.exceptions.notirq.user)
 *(.exceptions.notirq)
 *(.exceptions.soft.user)
 *(.exceptions.soft)
 *(.exceptions.unknown.user)
 *(.exceptions.unknown)
 *(.exceptions.exit.label)
 *(.exceptions.exit.user)
 *(.exceptions.exit)
 *(.exceptions)
                0x00001020                PROVIDE (__ram_exceptions_end, ABSOLUTE (.))
                0x00001020                PROVIDE (__flash_exceptions_start, LOADADDR (.exceptions))

.text           0x00001020      0x784
                0x00001020                PROVIDE (stext, ABSOLUTE (.))
 *(.interp)
 *(.hash)
 *(.dynsym)
 *(.dynstr)
 *(.gnu.version)
 *(.gnu.version_d)
 *(.gnu.version_r)
 *(.rel.init)
 *(.rela.init)
 *(.rel.text .rel.text.* .rel.gnu.linkonce.t.*)
 *(.rela.text .rela.text.* .rela.gnu.linkonce.t.*)
 *(.rel.fini)
 *(.rela.fini)
 *(.rel.rodata .rel.rodata.* .rel.gnu.linkonce.r.*)
 *(.rela.rodata .rela.rodata.* .rela.gnu.linkonce.r.*)
 *(.rel.data .rel.data.* .rel.gnu.linkonce.d.*)
 *(.rela.data .rela.data.* .rela.gnu.linkonce.d.*)
 *(.rel.tdata .rel.tdata.* .rel.gnu.linkonce.td.*)
 *(.rela.tdata .rela.tdata.* .rela.gnu.linkonce.td.*)
 *(.rel.tbss .rel.tbss.* .rel.gnu.linkonce.tb.*)
 *(.rela.tbss .rela.tbss.* .rela.gnu.linkonce.tb.*)
 *(.rel.ctors)
 *(.rela.ctors)
 *(.rel.dtors)
 *(.rela.dtors)
 *(.rel.got)
 *(.rela.got)
 *(.rel.sdata .rel.sdata.* .rel.gnu.linkonce.s.*)
 *(.rela.sdata .rela.sdata.* .rela.gnu.linkonce.s.*)
 *(.rel.sbss .rel.sbss.* .rel.gnu.linkonce.sb.*)
 *(.rela.sbss .rela.sbss.* .rela.gnu.linkonce.sb.*)
 *(.rel.sdata2 .rel.sdata2.* .rel.gnu.linkonce.s2.*)
 *(.rela.sdata2 .rela.sdata2.* .rela.gnu.linkonce.s2.*)
 *(.rel.sbss2 .rel.sbss2.* .rel.gnu.linkonce.sb2.*)
 *(.rela.sbss2 .rela.sbss2.* .rela.gnu.linkonce.sb2.*)
 *(.rel.bss .rel.bss.* .rel.gnu.linkonce.b.*)
 *(.rela.bss .rela.bss.* .rela.gnu.linkonce.b.*)
 *(.rel.plt)
 *(.rela.plt)
 *(.rel.dyn)
 *(.init)
 *(.plt)
 *(.text .stub .text.* .gnu.linkonce.t.*)
 .text          0x00001020       0x3c ../lcd2_bsp//obj/HAL/src/crt0.o
                0x00001020                _start
 .text          0x0000105c      0x390 obj/default/hello_world_small.o
                0x0000105c                convierte
                0x000010e4                ESCRIBE_MENSAJE
                0x00001148                test_lcd
                0x00001214                lcd_init
                0x000012d4                main
 .text          0x000013ec      0x14c c:/altera/13.0sp1/nios2eds/bin/gnu/h-i686-mingw32/bin/../lib/gcc/nios2-elf/4.1.2/mno-hw-mul\libgcc.a(lib2-divmod.o)
                0x00001468                __divsi3
                0x000014c8                __modsi3
                0x00001528                __udivsi3
                0x00001530                __umodsi3
 .text          0x00001538       0x2c c:/altera/13.0sp1/nios2eds/bin/gnu/h-i686-mingw32/bin/../lib/gcc/nios2-elf/4.1.2/../../../../nios2-elf/lib/mno-hw-mul\libsmallc.a(lib_a-memcpy.o)
                0x00001538                memcpy
 .text          0x00001564       0x8c ../lcd2_bsp/\libhal_bsp.a(alt_load.o)
                0x00001584                alt_load
 .text          0x000015f0       0x2c ../lcd2_bsp/\libhal_bsp.a(alt_main.o)
                0x000015f0                alt_main
 .text          0x0000161c       0x38 ../lcd2_bsp/\libhal_bsp.a(alt_putstr.o)
                0x0000161c                alt_putstr
 .text          0x00001654        0x4 ../lcd2_bsp/\libhal_bsp.a(alt_usleep.o)
                0x00001654                usleep
 .text          0x00001658       0x24 ../lcd2_bsp/\libhal_bsp.a(alt_sys_init.o)
                0x00001658                alt_sys_init
                0x0000165c                alt_irq_init
 .text          0x0000167c       0x34 ../lcd2_bsp/\libhal_bsp.a(altera_avalon_jtag_uart_write.o)
                0x0000167c                altera_avalon_jtag_uart_write
 .text          0x000016b0       0x8c ../lcd2_bsp/\libhal_bsp.a(alt_busy_sleep.o)
                0x000016b0                alt_busy_sleep
 .text          0x0000173c        0x4 ../lcd2_bsp/\libhal_bsp.a(alt_dcache_flush_all.o)
                0x0000173c                alt_dcache_flush_all
 .text          0x00001740        0x4 ../lcd2_bsp/\libhal_bsp.a(alt_icache_flush_all.o)
                0x00001740                alt_icache_flush_all
 .text          0x00001744        0x8 ../lcd2_bsp/\libhal_bsp.a(altera_nios2_qsys_irq.o)
                0x00001744                altera_nios2_qsys_irq_init
 .text          0x0000174c       0x20 c:/altera/13.0sp1/nios2eds/bin/gnu/h-i686-mingw32/bin/../lib/gcc/nios2-elf/4.1.2/../../../../nios2-elf/lib/mno-hw-mul\libsmallc.a(lib_a-strlen.o)
                0x0000174c                strlen
 .text          0x0000176c       0x38 c:/altera/13.0sp1/nios2eds/bin/gnu/h-i686-mingw32/bin/../lib/gcc/nios2-elf/4.1.2/mno-hw-mul\libgcc.a(lib2-mul.o)
                0x0000176c                __mulsi3
 *(.gnu.warning.*)
 *(.fini)
                0x000017a4                PROVIDE (__etext, ABSOLUTE (.))
                0x000017a4                PROVIDE (_etext, ABSOLUTE (.))
                0x000017a4                PROVIDE (etext, ABSOLUTE (.))
 *(.eh_frame_hdr)
                0x000017a4                . = ALIGN (0x4)
                0x000017a4                PROVIDE (__preinit_array_start, ABSOLUTE (.))
 *(.preinit_array)
                0x000017a4                PROVIDE (__preinit_array_end, ABSOLUTE (.))
                0x000017a4                PROVIDE (__init_array_start, ABSOLUTE (.))
 *(.init_array)
                0x000017a4                PROVIDE (__init_array_end, ABSOLUTE (.))
                0x000017a4                PROVIDE (__fini_array_start, ABSOLUTE (.))
 *(.fini_array)
                0x000017a4                PROVIDE (__fini_array_end, ABSOLUTE (.))
 *(.eh_frame)
 *(.gcc_except_table)
 *(.dynamic)
                0x000017a4                PROVIDE (__CTOR_LIST__, ABSOLUTE (.))
 *(.ctors)
 *(SORT(.ctors.*))
                0x000017a4                PROVIDE (__CTOR_END__, ABSOLUTE (.))
                0x000017a4                PROVIDE (__DTOR_LIST__, ABSOLUTE (.))
 *(.dtors)
 *(SORT(.dtors.*))
                0x000017a4                PROVIDE (__DTOR_END__, ABSOLUTE (.))
 *(.jcr)
                0x000017a4                . = ALIGN (0x4)

.rodata         0x000017a4       0x4c
                0x000017a4                PROVIDE (__ram_rodata_start, ABSOLUTE (.))
                0x000017a4                . = ALIGN (0x4)
 *(.rodata .rodata.* .gnu.linkonce.r.*)
 .rodata        0x000017a4       0x28 obj/default/hello_world_small.o
 .rodata.str1.4
                0x000017cc       0x24 obj/default/hello_world_small.o
 *(.rodata1)
                0x000017f0                . = ALIGN (0x4)
                0x000017f0                PROVIDE (__ram_rodata_end, ABSOLUTE (.))
                0x000017a4                PROVIDE (__flash_rodata_start, LOADADDR (.rodata))

.rwdata         0x000017f0        0x8 load address 0x000017f8
                0x000017f0                PROVIDE (__ram_rwdata_start, ABSOLUTE (.))
                0x000017f0                . = ALIGN (0x4)
 *(.got.plt)
 *(.got)
 *(.data1)
 *(.data .data.* .gnu.linkonce.d.*)
 .data          0x000017f0        0x0 ../lcd2_bsp//obj/HAL/src/crt0.o
 .data          0x000017f0        0x0 obj/default/hello_world_small.o
 .data          0x000017f0        0x0 c:/altera/13.0sp1/nios2eds/bin/gnu/h-i686-mingw32/bin/../lib/gcc/nios2-elf/4.1.2/mno-hw-mul\libgcc.a(lib2-divmod.o)
 .data          0x000017f0        0x0 c:/altera/13.0sp1/nios2eds/bin/gnu/h-i686-mingw32/bin/../lib/gcc/nios2-elf/4.1.2/../../../../nios2-elf/lib/mno-hw-mul\libsmallc.a(lib_a-memcpy.o)
 .data          0x000017f0        0x0 ../lcd2_bsp/\libhal_bsp.a(alt_load.o)
 .data          0x000017f0        0x0 ../lcd2_bsp/\libhal_bsp.a(alt_main.o)
 .data          0x000017f0        0x0 ../lcd2_bsp/\libhal_bsp.a(alt_putstr.o)
 .data          0x000017f0        0x0 ../lcd2_bsp/\libhal_bsp.a(alt_usleep.o)
 .data          0x000017f0        0x0 ../lcd2_bsp/\libhal_bsp.a(alt_sys_init.o)
 .data          0x000017f0        0x0 ../lcd2_bsp/\libhal_bsp.a(altera_avalon_jtag_uart_write.o)
 .data          0x000017f0        0x0 ../lcd2_bsp/\libhal_bsp.a(alt_busy_sleep.o)
 .data          0x000017f0        0x0 ../lcd2_bsp/\libhal_bsp.a(alt_dcache_flush_all.o)
 .data          0x000017f0        0x0 ../lcd2_bsp/\libhal_bsp.a(alt_icache_flush_all.o)
 .data          0x000017f0        0x0 ../lcd2_bsp/\libhal_bsp.a(altera_nios2_qsys_irq.o)
 .data          0x000017f0        0x0 c:/altera/13.0sp1/nios2eds/bin/gnu/h-i686-mingw32/bin/../lib/gcc/nios2-elf/4.1.2/../../../../nios2-elf/lib/mno-hw-mul\libsmallc.a(lib_a-strlen.o)
 .data          0x000017f0        0x0 c:/altera/13.0sp1/nios2eds/bin/gnu/h-i686-mingw32/bin/../lib/gcc/nios2-elf/4.1.2/mno-hw-mul\libgcc.a(lib2-mul.o)
                0x000097f0                _gp = ABSOLUTE ((. + 0x8000))
                0x000097f0                PROVIDE (gp, _gp)
 *(.rwdata .rwdata.*)
 *(.sdata .sdata.* .gnu.linkonce.s.*)
 .sdata         0x000017f0        0x6 obj/default/hello_world_small.o
                0x000017f0                auto_fantastico
 *(.sdata2 .sdata2.* .gnu.linkonce.s2.*)
                0x000017f8                . = ALIGN (0x4)
 *fill*         0x000017f6        0x2 00
                0x000017f8                _edata = ABSOLUTE (.)
                0x000017f8                PROVIDE (edata, ABSOLUTE (.))
                0x000017f8                PROVIDE (__ram_rwdata_end, ABSOLUTE (.))
                0x000017f8                PROVIDE (__flash_rwdata_start, LOADADDR (.rwdata))

.bss            0x00001800       0x28
                0x00001800                __bss_start = ABSOLUTE (.)
                0x00001800                PROVIDE (__sbss_start, ABSOLUTE (.))
                0x00001800                PROVIDE (___sbss_start, ABSOLUTE (.))
 *(.dynsbss)
 *(.sbss .sbss.* .gnu.linkonce.sb.*)
 .sbss          0x00001800       0x18 obj/default/hello_world_small.o
                0x00001800                dato
                0x00001804                x_var
                0x00001808                millar
                0x0000180c                centena
                0x00001810                decena
                0x00001814                unidad
 .sbss          0x00001818        0xc ../lcd2_bsp/\libhal_bsp.a(alt_main.o)
                0x00001818                alt_argc
                0x0000181c                alt_argv
                0x00001820                alt_envp
 .sbss          0x00001824        0x4 ../lcd2_bsp/\libhal_bsp.a(alt_sys_init.o)
                0x00001824                jtag_uart_0
 *(.sbss2 .sbss2.* .gnu.linkonce.sb2.*)
 *(.scommon)
                0x00001828                PROVIDE (__sbss_end, ABSOLUTE (.))
                0x00001828                PROVIDE (___sbss_end, ABSOLUTE (.))
 *(.dynbss)
 *(.bss .bss.* .gnu.linkonce.b.*)
 .bss           0x00001828        0x0 ../lcd2_bsp//obj/HAL/src/crt0.o
 .bss           0x00001828        0x0 obj/default/hello_world_small.o
 .bss           0x00001828        0x0 c:/altera/13.0sp1/nios2eds/bin/gnu/h-i686-mingw32/bin/../lib/gcc/nios2-elf/4.1.2/mno-hw-mul\libgcc.a(lib2-divmod.o)
 .bss           0x00001828        0x0 c:/altera/13.0sp1/nios2eds/bin/gnu/h-i686-mingw32/bin/../lib/gcc/nios2-elf/4.1.2/../../../../nios2-elf/lib/mno-hw-mul\libsmallc.a(lib_a-memcpy.o)
 .bss           0x00001828        0x0 ../lcd2_bsp/\libhal_bsp.a(alt_load.o)
 .bss           0x00001828        0x0 ../lcd2_bsp/\libhal_bsp.a(alt_main.o)
 .bss           0x00001828        0x0 ../lcd2_bsp/\libhal_bsp.a(alt_putstr.o)
 .bss           0x00001828        0x0 ../lcd2_bsp/\libhal_bsp.a(alt_usleep.o)
 .bss           0x00001828        0x0 ../lcd2_bsp/\libhal_bsp.a(alt_sys_init.o)
 .bss           0x00001828        0x0 ../lcd2_bsp/\libhal_bsp.a(altera_avalon_jtag_uart_write.o)
 .bss           0x00001828        0x0 ../lcd2_bsp/\libhal_bsp.a(alt_busy_sleep.o)
 .bss           0x00001828        0x0 ../lcd2_bsp/\libhal_bsp.a(alt_dcache_flush_all.o)
 .bss           0x00001828        0x0 ../lcd2_bsp/\libhal_bsp.a(alt_icache_flush_all.o)
 .bss           0x00001828        0x0 ../lcd2_bsp/\libhal_bsp.a(altera_nios2_qsys_irq.o)
 .bss           0x00001828        0x0 c:/altera/13.0sp1/nios2eds/bin/gnu/h-i686-mingw32/bin/../lib/gcc/nios2-elf/4.1.2/../../../../nios2-elf/lib/mno-hw-mul\libsmallc.a(lib_a-strlen.o)
 .bss           0x00001828        0x0 c:/altera/13.0sp1/nios2eds/bin/gnu/h-i686-mingw32/bin/../lib/gcc/nios2-elf/4.1.2/mno-hw-mul\libgcc.a(lib2-mul.o)
 *(COMMON)
                0x00001828                . = ALIGN (0x4)
                0x00001828                __bss_end = ABSOLUTE (.)

.onchip_memory2_0
                0x00001828        0x0
                0x00001828                PROVIDE (_alt_partition_onchip_memory2_0_start, ABSOLUTE (.))
 *(.onchip_memory2_0. onchip_memory2_0.*)
                0x00001828                . = ALIGN (0x4)
                0x00001828                PROVIDE (_alt_partition_onchip_memory2_0_end, ABSOLUTE (.))
                0x00001828                _end = ABSOLUTE (.)
                0x00001828                end = ABSOLUTE (.)
                0x00001828                __alt_stack_base = ABSOLUTE (.)
                0x00001828                PROVIDE (_alt_partition_onchip_memory2_0_load_addr, LOADADDR (.onchip_memory2_0))

.stab
 *(.stab)

.stabstr
 *(.stabstr)

.stab.excl
 *(.stab.excl)

.stab.exclstr
 *(.stab.exclstr)

.stab.index
 *(.stab.index)

.stab.indexstr
 *(.stab.indexstr)

.comment        0x00000000       0x26
 *(.comment)
 .comment       0x00000000       0x26 obj/default/hello_world_small.o
                                 0x27 (size before relaxing)
 .comment       0x00000000       0x27 c:/altera/13.0sp1/nios2eds/bin/gnu/h-i686-mingw32/bin/../lib/gcc/nios2-elf/4.1.2/mno-hw-mul\libgcc.a(lib2-divmod.o)
 .comment       0x00000000       0x27 c:/altera/13.0sp1/nios2eds/bin/gnu/h-i686-mingw32/bin/../lib/gcc/nios2-elf/4.1.2/../../../../nios2-elf/lib/mno-hw-mul\libsmallc.a(lib_a-memcpy.o)
 .comment       0x00000000       0x27 ../lcd2_bsp/\libhal_bsp.a(alt_load.o)
 .comment       0x00000000       0x27 ../lcd2_bsp/\libhal_bsp.a(alt_main.o)
 .comment       0x00000000       0x27 ../lcd2_bsp/\libhal_bsp.a(alt_putstr.o)
 .comment       0x00000000       0x27 ../lcd2_bsp/\libhal_bsp.a(alt_usleep.o)
 .comment       0x00000000       0x27 ../lcd2_bsp/\libhal_bsp.a(alt_sys_init.o)
 .comment       0x00000000       0x27 ../lcd2_bsp/\libhal_bsp.a(altera_avalon_jtag_uart_write.o)
 .comment       0x00000000       0x27 ../lcd2_bsp/\libhal_bsp.a(alt_busy_sleep.o)
 .comment       0x00000000       0x27 ../lcd2_bsp/\libhal_bsp.a(alt_dcache_flush_all.o)
 .comment       0x00000000       0x27 ../lcd2_bsp/\libhal_bsp.a(alt_icache_flush_all.o)
 .comment       0x00000000       0x27 ../lcd2_bsp/\libhal_bsp.a(altera_nios2_qsys_irq.o)
 .comment       0x00000000       0x27 c:/altera/13.0sp1/nios2eds/bin/gnu/h-i686-mingw32/bin/../lib/gcc/nios2-elf/4.1.2/../../../../nios2-elf/lib/mno-hw-mul\libsmallc.a(lib_a-strlen.o)
 .comment       0x00000000       0x27 c:/altera/13.0sp1/nios2eds/bin/gnu/h-i686-mingw32/bin/../lib/gcc/nios2-elf/4.1.2/mno-hw-mul\libgcc.a(lib2-mul.o)

.debug
 *(.debug)

.line
 *(.line)

.debug_srcinfo
 *(.debug_srcinfo)

.debug_sfnames
 *(.debug_sfnames)

.debug_aranges  0x00000000      0x208
 *(.debug_aranges)
 .debug_aranges
                0x00000000       0x28 ../lcd2_bsp//obj/HAL/src/crt0.o
 .debug_aranges
                0x00000028       0x20 obj/default/hello_world_small.o
 .debug_aranges
                0x00000048       0x20 c:/altera/13.0sp1/nios2eds/bin/gnu/h-i686-mingw32/bin/../lib/gcc/nios2-elf/4.1.2/mno-hw-mul\libgcc.a(lib2-divmod.o)
 .debug_aranges
                0x00000068       0x20 c:/altera/13.0sp1/nios2eds/bin/gnu/h-i686-mingw32/bin/../lib/gcc/nios2-elf/4.1.2/../../../../nios2-elf/lib/mno-hw-mul\libsmallc.a(lib_a-memcpy.o)
 .debug_aranges
                0x00000088       0x20 ../lcd2_bsp/\libhal_bsp.a(alt_load.o)
 .debug_aranges
                0x000000a8       0x20 ../lcd2_bsp/\libhal_bsp.a(alt_main.o)
 .debug_aranges
                0x000000c8       0x20 ../lcd2_bsp/\libhal_bsp.a(alt_putstr.o)
 .debug_aranges
                0x000000e8       0x20 ../lcd2_bsp/\libhal_bsp.a(alt_usleep.o)
 .debug_aranges
                0x00000108       0x20 ../lcd2_bsp/\libhal_bsp.a(alt_sys_init.o)
 .debug_aranges
                0x00000128       0x20 ../lcd2_bsp/\libhal_bsp.a(altera_avalon_jtag_uart_write.o)
 .debug_aranges
                0x00000148       0x20 ../lcd2_bsp/\libhal_bsp.a(alt_busy_sleep.o)
 .debug_aranges
                0x00000168       0x20 ../lcd2_bsp/\libhal_bsp.a(alt_dcache_flush_all.o)
 .debug_aranges
                0x00000188       0x20 ../lcd2_bsp/\libhal_bsp.a(alt_icache_flush_all.o)
 .debug_aranges
                0x000001a8       0x20 ../lcd2_bsp/\libhal_bsp.a(altera_nios2_qsys_irq.o)
 .debug_aranges
                0x000001c8       0x20 c:/altera/13.0sp1/nios2eds/bin/gnu/h-i686-mingw32/bin/../lib/gcc/nios2-elf/4.1.2/../../../../nios2-elf/lib/mno-hw-mul\libsmallc.a(lib_a-strlen.o)
 .debug_aranges
                0x000001e8       0x20 c:/altera/13.0sp1/nios2eds/bin/gnu/h-i686-mingw32/bin/../lib/gcc/nios2-elf/4.1.2/mno-hw-mul\libgcc.a(lib2-mul.o)

.debug_pubnames
                0x00000000      0x313
 *(.debug_pubnames)
 .debug_pubnames
                0x00000000       0xab obj/default/hello_world_small.o
 .debug_pubnames
                0x000000ab       0x48 c:/altera/13.0sp1/nios2eds/bin/gnu/h-i686-mingw32/bin/../lib/gcc/nios2-elf/4.1.2/mno-hw-mul\libgcc.a(lib2-divmod.o)
 .debug_pubnames
                0x000000f3       0x1d c:/altera/13.0sp1/nios2eds/bin/gnu/h-i686-mingw32/bin/../lib/gcc/nios2-elf/4.1.2/../../../../nios2-elf/lib/mno-hw-mul\libsmallc.a(lib_a-memcpy.o)
 .debug_pubnames
                0x00000110       0x1f ../lcd2_bsp/\libhal_bsp.a(alt_load.o)
 .debug_pubnames
                0x0000012f       0x46 ../lcd2_bsp/\libhal_bsp.a(alt_main.o)
 .debug_pubnames
                0x00000175       0x21 ../lcd2_bsp/\libhal_bsp.a(alt_putstr.o)
 .debug_pubnames
                0x00000196       0x1d ../lcd2_bsp/\libhal_bsp.a(alt_usleep.o)
 .debug_pubnames
                0x000001b3       0x44 ../lcd2_bsp/\libhal_bsp.a(alt_sys_init.o)
 .debug_pubnames
                0x000001f7       0x34 ../lcd2_bsp/\libhal_bsp.a(altera_avalon_jtag_uart_write.o)
 .debug_pubnames
                0x0000022b       0x25 ../lcd2_bsp/\libhal_bsp.a(alt_busy_sleep.o)
 .debug_pubnames
                0x00000250       0x2b ../lcd2_bsp/\libhal_bsp.a(alt_dcache_flush_all.o)
 .debug_pubnames
                0x0000027b       0x2b ../lcd2_bsp/\libhal_bsp.a(alt_icache_flush_all.o)
 .debug_pubnames
                0x000002a6       0x31 ../lcd2_bsp/\libhal_bsp.a(altera_nios2_qsys_irq.o)
 .debug_pubnames
                0x000002d7       0x1d c:/altera/13.0sp1/nios2eds/bin/gnu/h-i686-mingw32/bin/../lib/gcc/nios2-elf/4.1.2/../../../../nios2-elf/lib/mno-hw-mul\libsmallc.a(lib_a-strlen.o)
 .debug_pubnames
                0x000002f4       0x1f c:/altera/13.0sp1/nios2eds/bin/gnu/h-i686-mingw32/bin/../lib/gcc/nios2-elf/4.1.2/mno-hw-mul\libgcc.a(lib2-mul.o)

.debug_info     0x00000000     0x1042
 *(.debug_info .gnu.linkonce.wi.*)
 .debug_info    0x00000000       0x60 ../lcd2_bsp//obj/HAL/src/crt0.o
 .debug_info    0x00000060      0x209 obj/default/hello_world_small.o
 .debug_info    0x00000269      0x21c c:/altera/13.0sp1/nios2eds/bin/gnu/h-i686-mingw32/bin/../lib/gcc/nios2-elf/4.1.2/mno-hw-mul\libgcc.a(lib2-divmod.o)
 .debug_info    0x00000485       0xc2 c:/altera/13.0sp1/nios2eds/bin/gnu/h-i686-mingw32/bin/../lib/gcc/nios2-elf/4.1.2/../../../../nios2-elf/lib/mno-hw-mul\libsmallc.a(lib_a-memcpy.o)
 .debug_info    0x00000547      0x12e ../lcd2_bsp/\libhal_bsp.a(alt_load.o)
 .debug_info    0x00000675      0x125 ../lcd2_bsp/\libhal_bsp.a(alt_main.o)
 .debug_info    0x0000079a       0xc5 ../lcd2_bsp/\libhal_bsp.a(alt_putstr.o)
 .debug_info    0x0000085f       0xab ../lcd2_bsp/\libhal_bsp.a(alt_usleep.o)
 .debug_info    0x0000090a      0x17d ../lcd2_bsp/\libhal_bsp.a(alt_sys_init.o)
 .debug_info    0x00000a87      0x18f ../lcd2_bsp/\libhal_bsp.a(altera_avalon_jtag_uart_write.o)
 .debug_info    0x00000c16       0xd0 ../lcd2_bsp/\libhal_bsp.a(alt_busy_sleep.o)
 .debug_info    0x00000ce6       0x8d ../lcd2_bsp/\libhal_bsp.a(alt_dcache_flush_all.o)
 .debug_info    0x00000d73       0x8d ../lcd2_bsp/\libhal_bsp.a(alt_icache_flush_all.o)
 .debug_info    0x00000e00       0x8d ../lcd2_bsp/\libhal_bsp.a(altera_nios2_qsys_irq.o)
 .debug_info    0x00000e8d       0xc2 c:/altera/13.0sp1/nios2eds/bin/gnu/h-i686-mingw32/bin/../lib/gcc/nios2-elf/4.1.2/../../../../nios2-elf/lib/mno-hw-mul\libsmallc.a(lib_a-strlen.o)
 .debug_info    0x00000f4f       0xf3 c:/altera/13.0sp1/nios2eds/bin/gnu/h-i686-mingw32/bin/../lib/gcc/nios2-elf/4.1.2/mno-hw-mul\libgcc.a(lib2-mul.o)

.debug_abbrev   0x00000000      0x87c
 *(.debug_abbrev)
 .debug_abbrev  0x00000000       0x12 ../lcd2_bsp//obj/HAL/src/crt0.o
 .debug_abbrev  0x00000012       0xd9 obj/default/hello_world_small.o
 .debug_abbrev  0x000000eb       0xe0 c:/altera/13.0sp1/nios2eds/bin/gnu/h-i686-mingw32/bin/../lib/gcc/nios2-elf/4.1.2/mno-hw-mul\libgcc.a(lib2-divmod.o)
 .debug_abbrev  0x000001cb       0x9d c:/altera/13.0sp1/nios2eds/bin/gnu/h-i686-mingw32/bin/../lib/gcc/nios2-elf/4.1.2/../../../../nios2-elf/lib/mno-hw-mul\libsmallc.a(lib_a-memcpy.o)
 .debug_abbrev  0x00000268       0x97 ../lcd2_bsp/\libhal_bsp.a(alt_load.o)
 .debug_abbrev  0x000002ff       0xa6 ../lcd2_bsp/\libhal_bsp.a(alt_main.o)
 .debug_abbrev  0x000003a5       0x7c ../lcd2_bsp/\libhal_bsp.a(alt_putstr.o)
 .debug_abbrev  0x00000421       0x5d ../lcd2_bsp/\libhal_bsp.a(alt_usleep.o)
 .debug_abbrev  0x0000047e       0xe3 ../lcd2_bsp/\libhal_bsp.a(alt_sys_init.o)
 .debug_abbrev  0x00000561       0xf0 ../lcd2_bsp/\libhal_bsp.a(altera_avalon_jtag_uart_write.o)
 .debug_abbrev  0x00000651       0x79 ../lcd2_bsp/\libhal_bsp.a(alt_busy_sleep.o)
 .debug_abbrev  0x000006ca       0x3f ../lcd2_bsp/\libhal_bsp.a(alt_dcache_flush_all.o)
 .debug_abbrev  0x00000709       0x3f ../lcd2_bsp/\libhal_bsp.a(alt_icache_flush_all.o)
 .debug_abbrev  0x00000748       0x3f ../lcd2_bsp/\libhal_bsp.a(altera_nios2_qsys_irq.o)
 .debug_abbrev  0x00000787       0x7a c:/altera/13.0sp1/nios2eds/bin/gnu/h-i686-mingw32/bin/../lib/gcc/nios2-elf/4.1.2/../../../../nios2-elf/lib/mno-hw-mul\libsmallc.a(lib_a-strlen.o)
 .debug_abbrev  0x00000801       0x7b c:/altera/13.0sp1/nios2eds/bin/gnu/h-i686-mingw32/bin/../lib/gcc/nios2-elf/4.1.2/mno-hw-mul\libgcc.a(lib2-mul.o)

.debug_line     0x00000000     0x221e
 *(.debug_line)
 .debug_line    0x00000000       0x66 ../lcd2_bsp//obj/HAL/src/crt0.o
 .debug_line    0x00000066      0x4b9 obj/default/hello_world_small.o
 .debug_line    0x0000051f      0x24f c:/altera/13.0sp1/nios2eds/bin/gnu/h-i686-mingw32/bin/../lib/gcc/nios2-elf/4.1.2/mno-hw-mul\libgcc.a(lib2-divmod.o)
 .debug_line    0x0000076e      0x145 c:/altera/13.0sp1/nios2eds/bin/gnu/h-i686-mingw32/bin/../lib/gcc/nios2-elf/4.1.2/../../../../nios2-elf/lib/mno-hw-mul\libsmallc.a(lib_a-memcpy.o)
 .debug_line    0x000008b3      0x217 ../lcd2_bsp/\libhal_bsp.a(alt_load.o)
 .debug_line    0x00000aca      0x2c2 ../lcd2_bsp/\libhal_bsp.a(alt_main.o)
 .debug_line    0x00000d8c      0x1d9 ../lcd2_bsp/\libhal_bsp.a(alt_putstr.o)
 .debug_line    0x00000f65      0x202 ../lcd2_bsp/\libhal_bsp.a(alt_usleep.o)
 .debug_line    0x00001167      0x2c3 ../lcd2_bsp/\libhal_bsp.a(alt_sys_init.o)
 .debug_line    0x0000142a      0x2f4 ../lcd2_bsp/\libhal_bsp.a(altera_avalon_jtag_uart_write.o)
 .debug_line    0x0000171e      0x25e ../lcd2_bsp/\libhal_bsp.a(alt_busy_sleep.o)
 .debug_line    0x0000197c      0x1b5 ../lcd2_bsp/\libhal_bsp.a(alt_dcache_flush_all.o)
 .debug_line    0x00001b31      0x1b5 ../lcd2_bsp/\libhal_bsp.a(alt_icache_flush_all.o)
 .debug_line    0x00001ce6      0x1ce ../lcd2_bsp/\libhal_bsp.a(altera_nios2_qsys_irq.o)
 .debug_line    0x00001eb4      0x250 c:/altera/13.0sp1/nios2eds/bin/gnu/h-i686-mingw32/bin/../lib/gcc/nios2-elf/4.1.2/../../../../nios2-elf/lib/mno-hw-mul\libsmallc.a(lib_a-strlen.o)
 .debug_line    0x00002104      0x11a c:/altera/13.0sp1/nios2eds/bin/gnu/h-i686-mingw32/bin/../lib/gcc/nios2-elf/4.1.2/mno-hw-mul\libgcc.a(lib2-mul.o)

.debug_frame    0x00000000      0x2f8
 *(.debug_frame)
 .debug_frame   0x00000000       0xa0 obj/default/hello_world_small.o
 .debug_frame   0x000000a0       0x70 c:/altera/13.0sp1/nios2eds/bin/gnu/h-i686-mingw32/bin/../lib/gcc/nios2-elf/4.1.2/mno-hw-mul\libgcc.a(lib2-divmod.o)
 .debug_frame   0x00000110       0x20 c:/altera/13.0sp1/nios2eds/bin/gnu/h-i686-mingw32/bin/../lib/gcc/nios2-elf/4.1.2/../../../../nios2-elf/lib/mno-hw-mul\libsmallc.a(lib_a-memcpy.o)
 .debug_frame   0x00000130       0x38 ../lcd2_bsp/\libhal_bsp.a(alt_load.o)
 .debug_frame   0x00000168       0x28 ../lcd2_bsp/\libhal_bsp.a(alt_main.o)
 .debug_frame   0x00000190       0x28 ../lcd2_bsp/\libhal_bsp.a(alt_putstr.o)
 .debug_frame   0x000001b8       0x20 ../lcd2_bsp/\libhal_bsp.a(alt_usleep.o)
 .debug_frame   0x000001d8       0x38 ../lcd2_bsp/\libhal_bsp.a(alt_sys_init.o)
 .debug_frame   0x00000210       0x20 ../lcd2_bsp/\libhal_bsp.a(altera_avalon_jtag_uart_write.o)
 .debug_frame   0x00000230       0x28 ../lcd2_bsp/\libhal_bsp.a(alt_busy_sleep.o)
 .debug_frame   0x00000258       0x20 ../lcd2_bsp/\libhal_bsp.a(alt_dcache_flush_all.o)
 .debug_frame   0x00000278       0x20 ../lcd2_bsp/\libhal_bsp.a(alt_icache_flush_all.o)
 .debug_frame   0x00000298       0x20 ../lcd2_bsp/\libhal_bsp.a(altera_nios2_qsys_irq.o)
 .debug_frame   0x000002b8       0x20 c:/altera/13.0sp1/nios2eds/bin/gnu/h-i686-mingw32/bin/../lib/gcc/nios2-elf/4.1.2/../../../../nios2-elf/lib/mno-hw-mul\libsmallc.a(lib_a-strlen.o)
 .debug_frame   0x000002d8       0x20 c:/altera/13.0sp1/nios2eds/bin/gnu/h-i686-mingw32/bin/../lib/gcc/nios2-elf/4.1.2/mno-hw-mul\libgcc.a(lib2-mul.o)

.debug_str      0x00000000      0x76a
 *(.debug_str)
 .debug_str     0x00000000      0x11e obj/default/hello_world_small.o
                                0x15c (size before relaxing)
 .debug_str     0x0000011e      0x10b c:/altera/13.0sp1/nios2eds/bin/gnu/h-i686-mingw32/bin/../lib/gcc/nios2-elf/4.1.2/mno-hw-mul\libgcc.a(lib2-divmod.o)
                                0x1b4 (size before relaxing)
 .debug_str     0x00000229       0xfd c:/altera/13.0sp1/nios2eds/bin/gnu/h-i686-mingw32/bin/../lib/gcc/nios2-elf/4.1.2/../../../../nios2-elf/lib/mno-hw-mul\libsmallc.a(lib_a-memcpy.o)
                                0x129 (size before relaxing)
 .debug_str     0x00000326      0x120 ../lcd2_bsp/\libhal_bsp.a(alt_load.o)
                                0x1b5 (size before relaxing)
 .debug_str     0x00000446       0x75 ../lcd2_bsp/\libhal_bsp.a(alt_main.o)
                                0x139 (size before relaxing)
 .debug_str     0x000004bb       0x4c ../lcd2_bsp/\libhal_bsp.a(alt_putstr.o)
                                0x110 (size before relaxing)
 .debug_str     0x00000507       0x27 ../lcd2_bsp/\libhal_bsp.a(alt_usleep.o)
                                 0xeb (size before relaxing)
 .debug_str     0x0000052e       0x85 ../lcd2_bsp/\libhal_bsp.a(alt_sys_init.o)
                                0x1ae (size before relaxing)
 .debug_str     0x000005b3       0x56 ../lcd2_bsp/\libhal_bsp.a(altera_avalon_jtag_uart_write.o)
                                0x1b1 (size before relaxing)
 .debug_str     0x00000609       0x42 ../lcd2_bsp/\libhal_bsp.a(alt_busy_sleep.o)
                                0x10e (size before relaxing)
 .debug_str     0x0000064b       0x34 ../lcd2_bsp/\libhal_bsp.a(alt_dcache_flush_all.o)
                                 0xf8 (size before relaxing)
 .debug_str     0x0000067f       0x34 ../lcd2_bsp/\libhal_bsp.a(alt_icache_flush_all.o)
                                 0xf8 (size before relaxing)
 .debug_str     0x000006b3       0x3b ../lcd2_bsp/\libhal_bsp.a(altera_nios2_qsys_irq.o)
                                 0xff (size before relaxing)
 .debug_str     0x000006ee       0x45 c:/altera/13.0sp1/nios2eds/bin/gnu/h-i686-mingw32/bin/../lib/gcc/nios2-elf/4.1.2/../../../../nios2-elf/lib/mno-hw-mul\libsmallc.a(lib_a-strlen.o)
                                0x184 (size before relaxing)
 .debug_str     0x00000733       0x37 c:/altera/13.0sp1/nios2eds/bin/gnu/h-i686-mingw32/bin/../lib/gcc/nios2-elf/4.1.2/mno-hw-mul\libgcc.a(lib2-mul.o)
                                0x175 (size before relaxing)

.debug_loc      0x00000000      0x4dd
 *(.debug_loc)
 .debug_loc     0x00000000      0x13f obj/default/hello_world_small.o
 .debug_loc     0x0000013f      0x1d2 c:/altera/13.0sp1/nios2eds/bin/gnu/h-i686-mingw32/bin/../lib/gcc/nios2-elf/4.1.2/mno-hw-mul\libgcc.a(lib2-divmod.o)
 .debug_loc     0x00000311       0x1e c:/altera/13.0sp1/nios2eds/bin/gnu/h-i686-mingw32/bin/../lib/gcc/nios2-elf/4.1.2/../../../../nios2-elf/lib/mno-hw-mul\libsmallc.a(lib_a-memcpy.o)
 .debug_loc     0x0000032f       0x1f ../lcd2_bsp/\libhal_bsp.a(alt_load.o)
 .debug_loc     0x0000034e       0x1f ../lcd2_bsp/\libhal_bsp.a(alt_main.o)
 .debug_loc     0x0000036d       0x48 ../lcd2_bsp/\libhal_bsp.a(alt_putstr.o)
 .debug_loc     0x000003b5       0x13 ../lcd2_bsp/\libhal_bsp.a(alt_usleep.o)
 .debug_loc     0x000003c8       0x32 ../lcd2_bsp/\libhal_bsp.a(alt_sys_init.o)
 .debug_loc     0x000003fa       0x26 ../lcd2_bsp/\libhal_bsp.a(altera_avalon_jtag_uart_write.o)
 .debug_loc     0x00000420       0x50 ../lcd2_bsp/\libhal_bsp.a(alt_busy_sleep.o)
 .debug_loc     0x00000470       0x1e c:/altera/13.0sp1/nios2eds/bin/gnu/h-i686-mingw32/bin/../lib/gcc/nios2-elf/4.1.2/../../../../nios2-elf/lib/mno-hw-mul\libsmallc.a(lib_a-strlen.o)
 .debug_loc     0x0000048e       0x4f c:/altera/13.0sp1/nios2eds/bin/gnu/h-i686-mingw32/bin/../lib/gcc/nios2-elf/4.1.2/mno-hw-mul\libgcc.a(lib2-mul.o)

.debug_macinfo
 *(.debug_macinfo)

.debug_weaknames
 *(.debug_weaknames)

.debug_funcnames
 *(.debug_funcnames)

.debug_typenames
 *(.debug_typenames)

.debug_varnames
 *(.debug_varnames)

.debug_alt_sim_info
                0x00000000       0x40
 *(.debug_alt_sim_info)
 .debug_alt_sim_info
                0x00000000       0x10 ../lcd2_bsp//obj/HAL/src/crt0.o
 .debug_alt_sim_info
                0x00000010       0x30 ../lcd2_bsp/\libhal_bsp.a(alt_busy_sleep.o)
                0x00002000                __alt_data_end = 0x2000
                0x00002000                PROVIDE (__alt_stack_pointer, __alt_data_end)
                0x00001828                PROVIDE (__alt_stack_limit, __alt_stack_base)
                0x00001828                PROVIDE (__alt_heap_start, end)
                0x00002000                PROVIDE (__alt_heap_limit, 0x2000)
OUTPUT(lcd2.elf elf32-littlenios2)

.debug_ranges   0x00000000       0x20
 .debug_ranges  0x00000000       0x20 ../lcd2_bsp//obj/HAL/src/crt0.o
